Archive member included to satisfy reference by file (symbol)

/home/jon/KODMOD/EMBEDDED_TOOLCHAINS/gcc-arm-none-eabi-7-2018-q2-update/bin/../lib/gcc/arm-none-eabi/7.3.1/../../../../arm-none-eabi/lib/thumb/v7e-m/fpv4-sp/hard/libc_nano.a(lib_a-exit.o)
                              /home/jon/KODMOD/EMBEDDED_TOOLCHAINS/gcc-arm-none-eabi-7-2018-q2-update/bin/../lib/gcc/arm-none-eabi/7.3.1/../../../../arm-none-eabi/lib/thumb/v7e-m/fpv4-sp/hard/crt0.o (exit)
/home/jon/KODMOD/EMBEDDED_TOOLCHAINS/gcc-arm-none-eabi-7-2018-q2-update/bin/../lib/gcc/arm-none-eabi/7.3.1/../../../../arm-none-eabi/lib/thumb/v7e-m/fpv4-sp/hard/libc_nano.a(lib_a-impure.o)
                              /home/jon/KODMOD/EMBEDDED_TOOLCHAINS/gcc-arm-none-eabi-7-2018-q2-update/bin/../lib/gcc/arm-none-eabi/7.3.1/../../../../arm-none-eabi/lib/thumb/v7e-m/fpv4-sp/hard/libc_nano.a(lib_a-exit.o) (_global_impure_ptr)
/home/jon/KODMOD/EMBEDDED_TOOLCHAINS/gcc-arm-none-eabi-7-2018-q2-update/bin/../lib/gcc/arm-none-eabi/7.3.1/../../../../arm-none-eabi/lib/thumb/v7e-m/fpv4-sp/hard/libc_nano.a(lib_a-init.o)
                              /home/jon/KODMOD/EMBEDDED_TOOLCHAINS/gcc-arm-none-eabi-7-2018-q2-update/bin/../lib/gcc/arm-none-eabi/7.3.1/../../../../arm-none-eabi/lib/thumb/v7e-m/fpv4-sp/hard/crt0.o (__libc_init_array)
/home/jon/KODMOD/EMBEDDED_TOOLCHAINS/gcc-arm-none-eabi-7-2018-q2-update/bin/../lib/gcc/arm-none-eabi/7.3.1/../../../../arm-none-eabi/lib/thumb/v7e-m/fpv4-sp/hard/libc_nano.a(lib_a-memset.o)
                              /home/jon/KODMOD/EMBEDDED_TOOLCHAINS/gcc-arm-none-eabi-7-2018-q2-update/bin/../lib/gcc/arm-none-eabi/7.3.1/../../../../arm-none-eabi/lib/thumb/v7e-m/fpv4-sp/hard/crt0.o (memset)
/home/jon/KODMOD/EMBEDDED_TOOLCHAINS/gcc-arm-none-eabi-7-2018-q2-update/bin/../lib/gcc/arm-none-eabi/7.3.1/../../../../arm-none-eabi/lib/thumb/v7e-m/fpv4-sp/hard/libc_nano.a(lib_a-rand.o)
                              build/utils.o (rand)
/home/jon/KODMOD/EMBEDDED_TOOLCHAINS/gcc-arm-none-eabi-7-2018-q2-update/bin/../lib/gcc/arm-none-eabi/7.3.1/../../../../arm-none-eabi/lib/thumb/v7e-m/fpv4-sp/hard/libc_nano.a(lib_a-sprintf.o)
                              build/shell.o (sprintf)
/home/jon/KODMOD/EMBEDDED_TOOLCHAINS/gcc-arm-none-eabi-7-2018-q2-update/bin/../lib/gcc/arm-none-eabi/7.3.1/../../../../arm-none-eabi/lib/thumb/v7e-m/fpv4-sp/hard/libc_nano.a(lib_a-strlen.o)
                              build/shell.o (strlen)
/home/jon/KODMOD/EMBEDDED_TOOLCHAINS/gcc-arm-none-eabi-7-2018-q2-update/bin/../lib/gcc/arm-none-eabi/7.3.1/../../../../arm-none-eabi/lib/thumb/v7e-m/fpv4-sp/hard/libc_nano.a(lib_a-strncmp.o)
                              build/shell.o (strncmp)
/home/jon/KODMOD/EMBEDDED_TOOLCHAINS/gcc-arm-none-eabi-7-2018-q2-update/bin/../lib/gcc/arm-none-eabi/7.3.1/../../../../arm-none-eabi/lib/thumb/v7e-m/fpv4-sp/hard/libc_nano.a(lib_a-malloc.o)
                              /home/jon/KODMOD/EMBEDDED_TOOLCHAINS/gcc-arm-none-eabi-7-2018-q2-update/bin/../lib/gcc/arm-none-eabi/7.3.1/../../../../arm-none-eabi/lib/thumb/v7e-m/fpv4-sp/hard/libc_nano.a(lib_a-rand.o) (malloc)
/home/jon/KODMOD/EMBEDDED_TOOLCHAINS/gcc-arm-none-eabi-7-2018-q2-update/bin/../lib/gcc/arm-none-eabi/7.3.1/../../../../arm-none-eabi/lib/thumb/v7e-m/fpv4-sp/hard/libc_nano.a(lib_a-nano-freer.o)
                              /home/jon/KODMOD/EMBEDDED_TOOLCHAINS/gcc-arm-none-eabi-7-2018-q2-update/bin/../lib/gcc/arm-none-eabi/7.3.1/../../../../arm-none-eabi/lib/thumb/v7e-m/fpv4-sp/hard/libc_nano.a(lib_a-malloc.o) (_free_r)
/home/jon/KODMOD/EMBEDDED_TOOLCHAINS/gcc-arm-none-eabi-7-2018-q2-update/bin/../lib/gcc/arm-none-eabi/7.3.1/../../../../arm-none-eabi/lib/thumb/v7e-m/fpv4-sp/hard/libc_nano.a(lib_a-nano-mallocr.o)
                              /home/jon/KODMOD/EMBEDDED_TOOLCHAINS/gcc-arm-none-eabi-7-2018-q2-update/bin/../lib/gcc/arm-none-eabi/7.3.1/../../../../arm-none-eabi/lib/thumb/v7e-m/fpv4-sp/hard/libc_nano.a(lib_a-malloc.o) (_malloc_r)
/home/jon/KODMOD/EMBEDDED_TOOLCHAINS/gcc-arm-none-eabi-7-2018-q2-update/bin/../lib/gcc/arm-none-eabi/7.3.1/../../../../arm-none-eabi/lib/thumb/v7e-m/fpv4-sp/hard/libc_nano.a(lib_a-nano-svfprintf.o)
                              /home/jon/KODMOD/EMBEDDED_TOOLCHAINS/gcc-arm-none-eabi-7-2018-q2-update/bin/../lib/gcc/arm-none-eabi/7.3.1/../../../../arm-none-eabi/lib/thumb/v7e-m/fpv4-sp/hard/libc_nano.a(lib_a-sprintf.o) (_svfprintf_r)
/home/jon/KODMOD/EMBEDDED_TOOLCHAINS/gcc-arm-none-eabi-7-2018-q2-update/bin/../lib/gcc/arm-none-eabi/7.3.1/../../../../arm-none-eabi/lib/thumb/v7e-m/fpv4-sp/hard/libc_nano.a(lib_a-nano-vfprintf_i.o)
                              /home/jon/KODMOD/EMBEDDED_TOOLCHAINS/gcc-arm-none-eabi-7-2018-q2-update/bin/../lib/gcc/arm-none-eabi/7.3.1/../../../../arm-none-eabi/lib/thumb/v7e-m/fpv4-sp/hard/libc_nano.a(lib_a-nano-svfprintf.o) (_printf_i)
/home/jon/KODMOD/EMBEDDED_TOOLCHAINS/gcc-arm-none-eabi-7-2018-q2-update/bin/../lib/gcc/arm-none-eabi/7.3.1/../../../../arm-none-eabi/lib/thumb/v7e-m/fpv4-sp/hard/libc_nano.a(lib_a-sbrkr.o)
[...]
Memory Configuration

Name             Origin             Length             Attributes
RAM              0x0000000020000000 0x0000000000018000 xrw
RAM2             0x0000000010000000 0x0000000000008000 xrw
FLASH            0x0000000008000000 0x0000000000100000 xr
*default*        0x0000000000000000 0xffffffffffffffff

Linker script and memory map

LOAD /home/jon/KODMOD/EMBEDDED_TOOLCHAINS/gcc-arm-none-eabi-7-2018-q2-update/bin/../lib/gcc/arm-none-eabi/7.3.1/thumb/v7e-m/fpv4-sp/hard/crti.o
LOAD /home/jon/KODMOD/EMBEDDED_TOOLCHAINS/gcc-arm-none-eabi-7-2018-q2-update/bin/../lib/gcc/arm-none-eabi/7.3.1/thumb/v7e-m/fpv4-sp/hard/crtbegin.o
LOAD /home/jon/KODMOD/EMBEDDED_TOOLCHAINS/gcc-arm-none-eabi-7-2018-q2-update/bin/../lib/gcc/arm-none-eabi/7.3.1/../../../../arm-none-eabi/lib/thumb/v7e-m/fpv4-sp/hard/crt0.o
LOAD build/main.o
LOAD build/gpio.o
LOAD build/stm32l4xx_it.o
LOAD build/stm32l4xx_hal_msp.o
LOAD build/stm32l4xx_hal_tim.o
LOAD build/stm32l4xx_hal_tim_ex.o
LOAD build/stm32l4xx_hal.o
LOAD build/stm32l4xx_hal_i2c.o
LOAD build/stm32l4xx_hal_i2c_ex.o
LOAD build/stm32l4xx_hal_rcc.o
LOAD build/stm32l4xx_hal_rcc_ex.o
LOAD build/stm32l4xx_hal_flash.o
LOAD build/stm32l4xx_hal_flash_ex.o
LOAD build/stm32l4xx_hal_flash_ramfunc.o
LOAD build/stm32l4xx_hal_gpio.o
LOAD build/stm32l4xx_hal_dma.o
LOAD build/stm32l4xx_hal_dma_ex.o
LOAD build/stm32l4xx_hal_pwr.o
LOAD build/stm32l4xx_hal_pwr_ex.o
LOAD build/stm32l4xx_hal_cortex.o
LOAD build/stm32l4xx_hal_exti.o
LOAD build/system_stm32l4xx.o
LOAD build/adc.o
LOAD build/i2c.o
LOAD build/stm32l4xx_hal_adc.o
LOAD build/stm32l4xx_hal_adc_ex.o
LOAD build/stm32l4xx_ll_usb.o
LOAD build/usb_device.o
LOAD build/usbd_conf.o
LOAD build/usbd_desc.o
LOAD build/usbd_cdc_if.o
LOAD build/stm32l4xx_hal_pcd.o
LOAD build/stm32l4xx_hal_pcd_ex.o
LOAD build/usbd_core.o
LOAD build/usbd_ctlreq.o
LOAD build/usbd_ioreq.o
LOAD build/usbd_cdc.o
LOAD build/shell.o
LOAD build/accelerometer.o
LOAD build/sw_timers.o
LOAD build/addressable_led_driver.o
LOAD build/addressable_led_manager.o
LOAD build/utils.o
LOAD build/dma.o
LOAD build/tim.o
LOAD build/random_fade_animation.o
LOAD build/random_triangles_animation.o
LOAD build/color.o
LOAD build/startup_stm32l476xx.o
LOAD /home/jon/KODMOD/EMBEDDED_TOOLCHAINS/gcc-arm-none-eabi-7-2018-q2-update/bin/../lib/gcc/arm-none-eabi/7.3.1/../../../../arm-none-eabi/lib/thumb/v7e-m/fpv4-sp/hard/libc_nano.a
LOAD /home/jon/KODMOD/EMBEDDED_TOOLCHAINS/gcc-arm-none-eabi-7-2018-q2-update/bin/../lib/gcc/arm-none-eabi/7.3.1/../../../../arm-none-eabi/lib/thumb/v7e-m/fpv4-sp/hard/libm.a
LOAD /home/jon/KODMOD/EMBEDDED_TOOLCHAINS/gcc-arm-none-eabi-7-2018-q2-update/bin/../lib/gcc/arm-none-eabi/7.3.1/../../../../arm-none-eabi/lib/thumb/v7e-m/fpv4-sp/hard/libnosys.a
START GROUP
LOAD /home/jon/KODMOD/EMBEDDED_TOOLCHAINS/gcc-arm-none-eabi-7-2018-q2-update/bin/../lib/gcc/arm-none-eabi/7.3.1/thumb/v7e-m/fpv4-sp/hard/libgcc.a
LOAD /home/jon/KODMOD/EMBEDDED_TOOLCHAINS/gcc-arm-none-eabi-7-2018-q2-update/bin/../lib/gcc/arm-none-eabi/7.3.1/../../../../arm-none-eabi/lib/thumb/v7e-m/fpv4-sp/hard/libc_nano.a
END GROUP
START GROUP
LOAD /home/jon/KODMOD/EMBEDDED_TOOLCHAINS/gcc-arm-none-eabi-7-2018-q2-update/bin/../lib/gcc/arm-none-eabi/7.3.1/thumb/v7e-m/fpv4-sp/hard/libgcc.a
LOAD /home/jon/KODMOD/EMBEDDED_TOOLCHAINS/gcc-arm-none-eabi-7-2018-q2-update/bin/../lib/gcc/arm-none-eabi/7.3.1/../../../../arm-none-eabi/lib/thumb/v7e-m/fpv4-sp/hard/libc_nano.a
END GROUP
LOAD /home/jon/KODMOD/EMBEDDED_TOOLCHAINS/gcc-arm-none-eabi-7-2018-q2-update/bin/../lib/gcc/arm-none-eabi/7.3.1/thumb/v7e-m/fpv4-sp/hard/crtend.o
LOAD /home/jon/KODMOD/EMBEDDED_TOOLCHAINS/gcc-arm-none-eabi-7-2018-q2-update/bin/../lib/gcc/arm-none-eabi/7.3.1/thumb/v7e-m/fpv4-sp/hard/crtn.o
                0x0000000020018000                _estack = 0x20018000
                0x0000000000000200                _Min_Heap_Size = 0x200
                0x0000000000000400                _Min_Stack_Size = 0x400

.isr_vector     0x0000000008000000      0x188
                0x0000000008000000                . = ALIGN (0x8)
 *(.isr_vector)
 .isr_vector    0x0000000008000000      0x188 build/startup_stm32l476xx.o
                0x0000000008000000                g_pfnVectors
                0x0000000008000188                . = ALIGN (0x8)

.text           0x0000000008000190     0x7920
                0x0000000008000190                . = ALIGN (0x8)
 *(.text)
 .text          0x0000000008000190       0x40 /home/jon/KODMOD/EMBEDDED_TOOLCHAINS/gcc-arm-none-eabi-7-2018-q2-update/bin/../lib/gcc/arm-none-eabi/7.3.1/thumb/v7e-m/fpv4-sp/hard/crtbegin.o
 .text          0x00000000080001d0       0x10 /home/jon/KODMOD/EMBEDDED_TOOLCHAINS/gcc-arm-none-eabi-7-2018-q2-update/bin/../lib/gcc/arm-none-eabi/7.3.1/../../../../arm-none-eabi/lib/thumb/v7e-m/fpv4-sp/hard/libc_nano.a(lib_a-strlen.o)
                0x00000000080001d0                strlen
 .text          0x00000000080001e0       0xa0 /home/jon/KODMOD/EMBEDDED_TOOLCHAINS/gcc-arm-none-eabi-7-2018-q2-update/bin/../lib/gcc/arm-none-eabi/7.3.1/../../../../arm-none-eabi/lib/thumb/v7e-m/fpv4-sp/hard/libc_nano.a(lib_a-memchr.o)
                0x00000000080001e0                memchr
 .text          0x0000000008000280      0x378 /home/jon/KODMOD/EMBEDDED_TOOLCHAINS/gcc-arm-none-eabi-7-2018-q2-update/bin/../lib/gcc/arm-none-eabi/7.3.1/thumb/v7e-m/fpv4-sp/hard/libgcc.a(_arm_addsubdf3.o)
                0x0000000008000280                __aeabi_drsub
                0x0000000008000288                __aeabi_dsub
                0x0000000008000288                __subdf3
                0x000000000800028c                __adddf3
                0x000000000800028c                __aeabi_dadd
                0x0000000008000504                __aeabi_ui2d
                0x0000000008000504                __floatunsidf
                0x0000000008000524                __floatsidf
                0x0000000008000524                __aeabi_i2d
                0x0000000008000548                __extendsfdf2
                0x0000000008000548                __aeabi_f2d
                0x000000000800058c                __aeabi_ul2d
                0x000000000800058c                __floatundidf
                0x000000000800059c                __floatdidf
                0x000000000800059c                __aeabi_l2d
 .text          0x00000000080005f8      0x424 /home/jon/KODMOD/EMBEDDED_TOOLCHAINS/gcc-arm-none-eabi-7-2018-q2-update/bin/../lib/gcc/arm-none-eabi/7.3.1/thumb/v7e-m/fpv4-sp/hard/libgcc.a(_arm_muldivdf3.o)
                0x00000000080005f8                __aeabi_dmul
                0x00000000080005f8                __muldf3
                0x000000000800084c                __aeabi_ddiv
                0x000000000800084c                __divdf3
 .text          0x0000000008000a1c      0x110 /home/jon/KODMOD/EMBEDDED_TOOLCHAINS/gcc-arm-none-eabi-7-2018-q2-update/bin/../lib/gcc/arm-none-eabi/7.3.1/thumb/v7e-m/fpv4-sp/hard/libgcc.a(_arm_cmpdf2.o)
                0x0000000008000a1c                __gtdf2
                0x0000000008000a1c                __gedf2
                0x0000000008000a24                __ltdf2
                0x0000000008000a24                __ledf2
                0x0000000008000a2c                __cmpdf2
                0x0000000008000a2c                __eqdf2
                0x0000000008000a2c                __nedf2
                0x0000000008000aa8                __aeabi_cdrcmple
                0x0000000008000ab8                __aeabi_cdcmple
                0x0000000008000ab8                __aeabi_cdcmpeq
                0x0000000008000ac8                __aeabi_dcmpeq
                0x0000000008000adc                __aeabi_dcmplt
                0x0000000008000af0                __aeabi_dcmple
                0x0000000008000b04                __aeabi_dcmpge
                0x0000000008000b18                __aeabi_dcmpgt
 .text          0x0000000008000b2c       0x2c /home/jon/KODMOD/EMBEDDED_TOOLCHAINS/gcc-arm-none-eabi-7-2018-q2-update/bin/../lib/gcc/arm-none-eabi/7.3.1/thumb/v7e-m/fpv4-sp/hard/libgcc.a(_arm_unorddf2.o)
                0x0000000008000b2c                __aeabi_dcmpun
                0x0000000008000b2c                __unorddf2
 .text          0x0000000008000b58       0x50 /home/jon/KODMOD/EMBEDDED_TOOLCHAINS/gcc-arm-none-eabi-7-2018-q2-update/bin/../lib/gcc/arm-none-eabi/7.3.1/thumb/v7e-m/fpv4-sp/hard/libgcc.a(_arm_fixdfsi.o)
                0x0000000008000b58                __fixdfsi
                0x0000000008000b58                __aeabi_d2iz
 .text          0x0000000008000ba8       0x40 /home/jon/KODMOD/EMBEDDED_TOOLCHAINS/gcc-arm-none-eabi-7-2018-q2-update/bin/../lib/gcc/arm-none-eabi/7.3.1/thumb/v7e-m/fpv4-sp/hard/libgcc.a(_arm_fixunsdfsi.o)
                0x0000000008000ba8                __fixunsdfsi
                0x0000000008000ba8                __aeabi_d2uiz
 *(.text*)
 .text.SystemClock_Config
                0x0000000008000be8       0x9c build/main.o
                0x0000000008000be8                SystemClock_Config
 .text.main     0x0000000008000c84       0x28 build/main.o
                0x0000000008000c84                main
 .text.Error_Handler
                0x0000000008000cac        0x2 build/main.o
                0x0000000008000cac                Error_Handler
 *fill*         0x0000000008000cae        0x2 
 .text.MX_GPIO_Init
                0x0000000008000cb0       0xd4 build/gpio.o
                0x0000000008000cb0                MX_GPIO_Init
 .text.NMI_Handler
                0x0000000008000d84        0x2 build/stm32l4xx_it.o
                0x0000000008000d84                NMI_Handler
 .text.HardFault_Handler
                0x0000000008000d86        0x2 build/stm32l4xx_it.o
                0x0000000008000d86                HardFault_Handler
 .text.MemManage_Handler
                0x0000000008000d88        0x2 build/stm32l4xx_it.o
                0x0000000008000d88                MemManage_Handler
 .text.BusFault_Handler
                0x0000000008000d8a        0x2 build/stm32l4xx_it.o
                0x0000000008000d8a                BusFault_Handler
 .text.UsageFault_Handler
                0x0000000008000d8c        0x2 build/stm32l4xx_it.o
                0x0000000008000d8c                UsageFault_Handler
 .text.SVC_Handler
                0x0000000008000d8e        0x2 build/stm32l4xx_it.o
                0x0000000008000d8e                SVC_Handler
 .text.DebugMon_Handler
                0x0000000008000d90        0x2 build/stm32l4xx_it.o
                0x0000000008000d90                DebugMon_Handler
 .text.PendSV_Handler
                0x0000000008000d92        0x2 build/stm32l4xx_it.o
                0x0000000008000d92                PendSV_Handler
 .text.SysTick_Handler
                0x0000000008000d94        0x8 build/stm32l4xx_it.o
                0x0000000008000d94                SysTick_Handler
 .text.DMA1_Channel3_IRQHandler
                0x0000000008000d9c       0x10 build/stm32l4xx_it.o
                0x0000000008000d9c                DMA1_Channel3_IRQHandler
 .text.OTG_FS_IRQHandler
                0x0000000008000dac       0x10 build/stm32l4xx_it.o
                0x0000000008000dac                OTG_FS_IRQHandler
 .text.HAL_MspInit
                0x0000000008000dbc       0x30 build/stm32l4xx_hal_msp.o
                0x0000000008000dbc                HAL_MspInit
 .text.TIM_OC1_SetConfig
                0x0000000008000dec       0x9c build/stm32l4xx_hal_tim.o
 .text.TIM_OC3_SetConfig
                0x0000000008000e88       0x8c build/stm32l4xx_hal_tim.o
 .text.TIM_OC4_SetConfig
                0x0000000008000f14       0x6c build/stm32l4xx_hal_tim.o
 .text.TIM_OC5_SetConfig
                0x0000000008000f80       0x68 build/stm32l4xx_hal_tim.o
 .text.TIM_OC6_SetConfig
                0x0000000008000fe8       0x6c build/stm32l4xx_hal_tim.o
 .text.TIM_Base_SetConfig
                0x0000000008001054       0xc8 build/stm32l4xx_hal_tim.o
                0x0000000008001054                TIM_Base_SetConfig
 .text.HAL_TIM_PWM_Init
                0x000000000800111c       0x32 build/stm32l4xx_hal_tim.o
                0x000000000800111c                HAL_TIM_PWM_Init
 *fill*         0x000000000800114e        0x2 
 .text.TIM_OC2_SetConfig
                0x0000000008001150       0x8c build/stm32l4xx_hal_tim.o
                0x0000000008001150                TIM_OC2_SetConfig
 .text.HAL_TIM_PWM_ConfigChannel
                0x00000000080011dc      0x134 build/stm32l4xx_hal_tim.o
                0x00000000080011dc                HAL_TIM_PWM_ConfigChannel
 .text.HAL_TIMEx_MasterConfigSynchronization
                0x0000000008001310       0x98 build/stm32l4xx_hal_tim_ex.o
                0x0000000008001310                HAL_TIMEx_MasterConfigSynchronization
 .text.HAL_InitTick
                0x00000000080013a8       0x50 build/stm32l4xx_hal.o
                0x00000000080013a8                HAL_InitTick
 .text.HAL_Init
                0x00000000080013f8       0x1e build/stm32l4xx_hal.o
                0x00000000080013f8                HAL_Init
 *fill*         0x0000000008001416        0x2 
 .text.HAL_IncTick
                0x0000000008001418       0x18 build/stm32l4xx_hal.o
                0x0000000008001418                HAL_IncTick
 .text.HAL_GetTick
                0x0000000008001430        0xc build/stm32l4xx_hal.o
                0x0000000008001430                HAL_GetTick
 .text.HAL_Delay
                0x000000000800143c       0x28 build/stm32l4xx_hal.o
                0x000000000800143c                HAL_Delay
 .text.HAL_I2C_Init
                0x0000000008001464       0xbc build/stm32l4xx_hal_i2c.o
                0x0000000008001464                HAL_I2C_Init
 .text.HAL_I2CEx_ConfigAnalogFilter
                0x0000000008001520       0x5c build/stm32l4xx_hal_i2c_ex.o
                0x0000000008001520                HAL_I2CEx_ConfigAnalogFilter
 .text.HAL_I2CEx_ConfigDigitalFilter
                0x000000000800157c       0x58 build/stm32l4xx_hal_i2c_ex.o
                0x000000000800157c                HAL_I2CEx_ConfigDigitalFilter
 .text.RCC_SetFlashLatencyFromMSIRange
                0x00000000080015d4       0x90 build/stm32l4xx_hal_rcc.o
 .text.HAL_RCC_GetSysClockFreq
                0x0000000008001664       0xb4 build/stm32l4xx_hal_rcc.o
                0x0000000008001664                HAL_RCC_GetSysClockFreq
 .text.HAL_RCC_OscConfig
                0x0000000008001718      0x638 build/stm32l4xx_hal_rcc.o
                0x0000000008001718                HAL_RCC_OscConfig
 .text.HAL_RCC_ClockConfig
                0x0000000008001d50      0x158 build/stm32l4xx_hal_rcc.o
                0x0000000008001d50                HAL_RCC_ClockConfig
 .text.HAL_RCC_GetHCLKFreq
                0x0000000008001ea8        0xc build/stm32l4xx_hal_rcc.o
                0x0000000008001ea8                HAL_RCC_GetHCLKFreq
 .text.RCCEx_PLLSAI1_Config
                0x0000000008001eb4      0x170 build/stm32l4xx_hal_rcc_ex.o
 .text.RCCEx_PLLSAI2_Config
                0x0000000008002024      0x14c build/stm32l4xx_hal_rcc_ex.o
 .text.HAL_RCCEx_PeriphCLKConfig
                0x0000000008002170      0x450 build/stm32l4xx_hal_rcc_ex.o
                0x0000000008002170                HAL_RCCEx_PeriphCLKConfig
 .text.HAL_GPIO_Init
                0x00000000080025c0      0x1c8 build/stm32l4xx_hal_gpio.o
                0x00000000080025c0                HAL_GPIO_Init
 .text.HAL_GPIO_WritePin
                0x0000000008002788        0xa build/stm32l4xx_hal_gpio.o
                0x0000000008002788                HAL_GPIO_WritePin
 *fill*         0x0000000008002792        0x2 
 .text.HAL_DMA_Init
                0x0000000008002794       0xf8 build/stm32l4xx_hal_dma.o
                0x0000000008002794                HAL_DMA_Init
 .text.HAL_DMA_IRQHandler
                0x000000000800288c       0xc4 build/stm32l4xx_hal_dma.o
                0x000000000800288c                HAL_DMA_IRQHandler
 .text.HAL_PWREx_GetVoltageRange
                0x0000000008002950       0x10 build/stm32l4xx_hal_pwr_ex.o
                0x0000000008002950                HAL_PWREx_GetVoltageRange
 .text.HAL_PWREx_ControlVoltageScaling
                0x0000000008002960       0x90 build/stm32l4xx_hal_pwr_ex.o
                0x0000000008002960                HAL_PWREx_ControlVoltageScaling
 .text.HAL_PWREx_EnableVddUSB
                0x00000000080029f0       0x10 build/stm32l4xx_hal_pwr_ex.o
                0x00000000080029f0                HAL_PWREx_EnableVddUSB
 .text.HAL_NVIC_SetPriorityGrouping
                0x0000000008002a00       0x24 build/stm32l4xx_hal_cortex.o
                0x0000000008002a00                HAL_NVIC_SetPriorityGrouping
 .text.HAL_NVIC_SetPriority
                0x0000000008002a24       0x68 build/stm32l4xx_hal_cortex.o
                0x0000000008002a24                HAL_NVIC_SetPriority
 .text.HAL_NVIC_EnableIRQ
                0x0000000008002a8c       0x1c build/stm32l4xx_hal_cortex.o
                0x0000000008002a8c                HAL_NVIC_EnableIRQ
 .text.HAL_SYSTICK_Config
                0x0000000008002aa8       0x2c build/stm32l4xx_hal_cortex.o
                0x0000000008002aa8                HAL_SYSTICK_Config
 .text.SystemInit
                0x0000000008002ad4       0x48 build/system_stm32l4xx.o
                0x0000000008002ad4                SystemInit
 .text.MX_ADC1_Init
                0x0000000008002b1c       0xa0 build/adc.o
                0x0000000008002b1c                MX_ADC1_Init
 .text.HAL_ADC_MspInit
                0x0000000008002bbc       0x88 build/adc.o
                0x0000000008002bbc                HAL_ADC_MspInit
 .text.MX_I2C1_Init
                0x0000000008002c44       0x58 build/i2c.o
                0x0000000008002c44                MX_I2C1_Init
 .text.MX_I2C2_Init
                0x0000000008002c9c       0x58 build/i2c.o
                0x0000000008002c9c                MX_I2C2_Init
 .text.HAL_I2C_MspInit
                0x0000000008002cf4       0xc0 build/i2c.o
                0x0000000008002cf4                HAL_I2C_MspInit
 .text.HAL_ADC_Init
                0x0000000008002db4      0x218 build/stm32l4xx_hal_adc.o
                0x0000000008002db4                HAL_ADC_Init
 .text.HAL_ADC_PollForConversion
                0x0000000008002fcc      0x10c build/stm32l4xx_hal_adc.o
                0x0000000008002fcc                HAL_ADC_PollForConversion
 .text.HAL_ADC_GetValue
                0x00000000080030d8        0x6 build/stm32l4xx_hal_adc.o
                0x00000000080030d8                HAL_ADC_GetValue
 *fill*         0x00000000080030de        0x2 
 .text.HAL_ADC_ConfigChannel
                0x00000000080030e0      0x450 build/stm32l4xx_hal_adc.o
                0x00000000080030e0                HAL_ADC_ConfigChannel
 .text.ADC_ConversionStop
                0x0000000008003530      0x100 build/stm32l4xx_hal_adc.o
                0x0000000008003530                ADC_ConversionStop
 .text.ADC_Enable
                0x0000000008003630       0x90 build/stm32l4xx_hal_adc.o
                0x0000000008003630                ADC_Enable
 .text.HAL_ADC_Start
                0x00000000080036c0       0xf8 build/stm32l4xx_hal_adc.o
                0x00000000080036c0                HAL_ADC_Start
 .text.ADC_Disable
                0x00000000080037b8       0x8e build/stm32l4xx_hal_adc.o
                0x00000000080037b8                ADC_Disable
 .text.HAL_ADC_Stop
                0x0000000008003846       0x4a build/stm32l4xx_hal_adc.o
                0x0000000008003846                HAL_ADC_Stop
 .text.HAL_ADCEx_MultiModeConfigChannel
                0x0000000008003890      0x148 build/stm32l4xx_hal_adc_ex.o
                0x0000000008003890                HAL_ADCEx_MultiModeConfigChannel
 .text.USB_CoreReset
                0x00000000080039d8       0x3c build/stm32l4xx_ll_usb.o
 .text.USB_CoreInit
                0x0000000008003a14       0x72 build/stm32l4xx_ll_usb.o
                0x0000000008003a14                USB_CoreInit
 *fill*         0x0000000008003a86        0x2 
 .text.USB_SetTurnaroundTime
                0x0000000008003a88       0xec build/stm32l4xx_ll_usb.o
                0x0000000008003a88                USB_SetTurnaroundTime
 .text.USB_EnableGlobalInt
                0x0000000008003b74        0xc build/stm32l4xx_ll_usb.o
                0x0000000008003b74                USB_EnableGlobalInt
 .text.USB_DisableGlobalInt
                0x0000000008003b80        0xc build/stm32l4xx_ll_usb.o
                0x0000000008003b80                USB_DisableGlobalInt
 .text.USB_SetCurrentMode
                0x0000000008003b8c       0x30 build/stm32l4xx_ll_usb.o
                0x0000000008003b8c                USB_SetCurrentMode
 .text.USB_FlushTxFifo
                0x0000000008003bbc       0x28 build/stm32l4xx_ll_usb.o
                0x0000000008003bbc                USB_FlushTxFifo
 .text.USB_FlushRxFifo
                0x0000000008003be4       0x24 build/stm32l4xx_ll_usb.o
                0x0000000008003be4                USB_FlushRxFifo
 .text.USB_SetDevSpeed
                0x0000000008003c08        0xe build/stm32l4xx_ll_usb.o
                0x0000000008003c08                USB_SetDevSpeed
 *fill*         0x0000000008003c16        0x2 
 .text.USB_DevInit
                0x0000000008003c18      0x168 build/stm32l4xx_ll_usb.o
                0x0000000008003c18                USB_DevInit
 .text.USB_GetDevSpeed
                0x0000000008003d80       0x1c build/stm32l4xx_ll_usb.o
                0x0000000008003d80                USB_GetDevSpeed
 .text.USB_ActivateEndpoint
                0x0000000008003d9c       0x94 build/stm32l4xx_ll_usb.o
                0x0000000008003d9c                USB_ActivateEndpoint
 .text.USB_DeactivateEndpoint
                0x0000000008003e30       0xdc build/stm32l4xx_ll_usb.o
                0x0000000008003e30                USB_DeactivateEndpoint
 .text.USB_EP0StartXfer
                0x0000000008003f0c       0xec build/stm32l4xx_ll_usb.o
                0x0000000008003f0c                USB_EP0StartXfer
 .text.USB_WritePacket
                0x0000000008003ff8       0x24 build/stm32l4xx_ll_usb.o
                0x0000000008003ff8                USB_WritePacket
 .text.USB_EPStartXfer
                0x000000000800401c      0x1a8 build/stm32l4xx_ll_usb.o
                0x000000000800401c                USB_EPStartXfer
 .text.USB_ReadPacket
                0x00000000080041c4       0x28 build/stm32l4xx_ll_usb.o
                0x00000000080041c4                USB_ReadPacket
 .text.USB_EPSetStall
                0x00000000080041ec       0x5a build/stm32l4xx_ll_usb.o
                0x00000000080041ec                USB_EPSetStall
 .text.USB_EPClearStall
                0x0000000008004246       0x5c build/stm32l4xx_ll_usb.o
                0x0000000008004246                USB_EPClearStall
 .text.USB_SetDevAddress
                0x00000000080042a2       0x20 build/stm32l4xx_ll_usb.o
                0x00000000080042a2                USB_SetDevAddress
 .text.USB_DevConnect
                0x00000000080042c2       0x18 build/stm32l4xx_ll_usb.o
                0x00000000080042c2                USB_DevConnect
 .text.USB_DevDisconnect
                0x00000000080042da       0x18 build/stm32l4xx_ll_usb.o
                0x00000000080042da                USB_DevDisconnect
 .text.USB_ReadInterrupts
                0x00000000080042f2        0x8 build/stm32l4xx_ll_usb.o
                0x00000000080042f2                USB_ReadInterrupts
 .text.USB_ReadDevAllOutEpInterrupt
                0x00000000080042fa       0x10 build/stm32l4xx_ll_usb.o
                0x00000000080042fa                USB_ReadDevAllOutEpInterrupt
 .text.USB_ReadDevAllInEpInterrupt
                0x000000000800430a       0x10 build/stm32l4xx_ll_usb.o
                0x000000000800430a                USB_ReadDevAllInEpInterrupt
 .text.USB_ReadDevOutEPInterrupt
                0x000000000800431a       0x12 build/stm32l4xx_ll_usb.o
                0x000000000800431a                USB_ReadDevOutEPInterrupt
 .text.USB_ReadDevInEPInterrupt
                0x000000000800432c       0x28 build/stm32l4xx_ll_usb.o
                0x000000000800432c                USB_ReadDevInEPInterrupt
 .text.USB_GetMode
                0x0000000008004354        0x8 build/stm32l4xx_ll_usb.o
                0x0000000008004354                USB_GetMode
 .text.USB_ActivateSetup
                0x000000000800435c       0x20 build/stm32l4xx_ll_usb.o
                0x000000000800435c                USB_ActivateSetup
 .text.USB_EP0_OutStart
                0x000000000800437c       0x44 build/stm32l4xx_ll_usb.o
                0x000000000800437c                USB_EP0_OutStart
 .text.MX_USB_DEVICE_Init
                0x00000000080043c0       0x54 build/usb_device.o
                0x00000000080043c0                MX_USB_DEVICE_Init
 .text.SystemClockConfig_Resume
                0x0000000008004414        0x8 build/usbd_conf.o
 .text.HAL_PCD_MspInit
                0x000000000800441c       0xa0 build/usbd_conf.o
                0x000000000800441c                HAL_PCD_MspInit
 .text.HAL_PCD_SetupStageCallback
                0x00000000080044bc       0x10 build/usbd_conf.o
                0x00000000080044bc                HAL_PCD_SetupStageCallback
 .text.HAL_PCD_DataOutStageCallback
                0x00000000080044cc       0x18 build/usbd_conf.o
                0x00000000080044cc                HAL_PCD_DataOutStageCallback
 .text.HAL_PCD_DataInStageCallback
                0x00000000080044e4       0x16 build/usbd_conf.o
                0x00000000080044e4                HAL_PCD_DataInStageCallback
 .text.HAL_PCD_SOFCallback
                0x00000000080044fa        0xc build/usbd_conf.o
                0x00000000080044fa                HAL_PCD_SOFCallback
 .text.HAL_PCD_ResetCallback
                0x0000000008004506       0x22 build/usbd_conf.o
                0x0000000008004506                HAL_PCD_ResetCallback
 .text.HAL_PCD_SuspendCallback
                0x0000000008004528       0x30 build/usbd_conf.o
                0x0000000008004528                HAL_PCD_SuspendCallback
 .text.HAL_PCD_ResumeCallback
                0x0000000008004558       0x34 build/usbd_conf.o
                0x0000000008004558                HAL_PCD_ResumeCallback
 .text.HAL_PCD_ISOOUTIncompleteCallback
                0x000000000800458c        0xc build/usbd_conf.o
                0x000000000800458c                HAL_PCD_ISOOUTIncompleteCallback
 .text.HAL_PCD_ISOINIncompleteCallback
                0x0000000008004598        0xc build/usbd_conf.o
                0x0000000008004598                HAL_PCD_ISOINIncompleteCallback
 .text.HAL_PCD_ConnectCallback
                0x00000000080045a4        0xc build/usbd_conf.o
                0x00000000080045a4                HAL_PCD_ConnectCallback
 .text.HAL_PCD_DisconnectCallback
                0x00000000080045b0        0xc build/usbd_conf.o
                0x00000000080045b0                HAL_PCD_DisconnectCallback
 .text.USBD_LL_Init
                0x00000000080045bc       0x68 build/usbd_conf.o
                0x00000000080045bc                USBD_LL_Init
 .text.USBD_LL_Start
                0x0000000008004624       0x1c build/usbd_conf.o
                0x0000000008004624                USBD_LL_Start
 .text.USBD_LL_OpenEP
                0x0000000008004640       0x22 build/usbd_conf.o
                0x0000000008004640                USBD_LL_OpenEP
 .text.USBD_LL_CloseEP
                0x0000000008004662       0x1c build/usbd_conf.o
                0x0000000008004662                USBD_LL_CloseEP
 .text.USBD_LL_StallEP
                0x000000000800467e       0x1c build/usbd_conf.o
                0x000000000800467e                USBD_LL_StallEP
 .text.USBD_LL_ClearStallEP
                0x000000000800469a       0x1c build/usbd_conf.o
                0x000000000800469a                USBD_LL_ClearStallEP
 .text.USBD_LL_IsStallEP
                0x00000000080046b6       0x2e build/usbd_conf.o
                0x00000000080046b6                USBD_LL_IsStallEP
 .text.USBD_LL_SetUSBAddress
                0x00000000080046e4       0x1c build/usbd_conf.o
                0x00000000080046e4                USBD_LL_SetUSBAddress
 .text.USBD_LL_Transmit
                0x0000000008004700       0x1c build/usbd_conf.o
                0x0000000008004700                USBD_LL_Transmit
 .text.USBD_LL_PrepareReceive
                0x000000000800471c       0x1c build/usbd_conf.o
                0x000000000800471c                USBD_LL_PrepareReceive
 .text.USBD_LL_GetRxDataSize
                0x0000000008004738        0xc build/usbd_conf.o
                0x0000000008004738                USBD_LL_GetRxDataSize
 .text.HAL_PCDEx_LPM_Callback
                0x0000000008004744       0x64 build/usbd_conf.o
                0x0000000008004744                HAL_PCDEx_LPM_Callback
 .text.USBD_static_malloc
                0x00000000080047a8        0x8 build/usbd_conf.o
                0x00000000080047a8                USBD_static_malloc
 .text.USBD_static_free
                0x00000000080047b0        0x2 build/usbd_conf.o
                0x00000000080047b0                USBD_static_free
 *fill*         0x00000000080047b2        0x2 
 .text.USBD_FS_DeviceDescriptor
                0x00000000080047b4        0xc build/usbd_desc.o
                0x00000000080047b4                USBD_FS_DeviceDescriptor
 .text.USBD_FS_LangIDStrDescriptor
                0x00000000080047c0        0xc build/usbd_desc.o
                0x00000000080047c0                USBD_FS_LangIDStrDescriptor
 .text.USBD_FS_USR_BOSDescriptor
                0x00000000080047cc        0xc build/usbd_desc.o
                0x00000000080047cc                USBD_FS_USR_BOSDescriptor
 .text.IntToUnicode
                0x00000000080047d8       0x36 build/usbd_desc.o
 *fill*         0x000000000800480e        0x2 
 .text.Get_SerialNum
                0x0000000008004810       0x34 build/usbd_desc.o
 .text.USBD_FS_SerialStrDescriptor
                0x0000000008004844       0x14 build/usbd_desc.o
                0x0000000008004844                USBD_FS_SerialStrDescriptor
 .text.USBD_FS_ProductStrDescriptor
                0x0000000008004858       0x24 build/usbd_desc.o
                0x0000000008004858                USBD_FS_ProductStrDescriptor
 .text.USBD_FS_ManufacturerStrDescriptor
                0x000000000800487c       0x1c build/usbd_desc.o
                0x000000000800487c                USBD_FS_ManufacturerStrDescriptor
 .text.USBD_FS_ConfigStrDescriptor
                0x0000000008004898       0x24 build/usbd_desc.o
                0x0000000008004898                USBD_FS_ConfigStrDescriptor
 .text.USBD_FS_InterfaceStrDescriptor
                0x00000000080048bc       0x24 build/usbd_desc.o
                0x00000000080048bc                USBD_FS_InterfaceStrDescriptor
 .text.CDC_DeInit_FS
                0x00000000080048e0        0x4 build/usbd_cdc_if.o
 .text.CDC_Control_FS
                0x00000000080048e4        0x4 build/usbd_cdc_if.o
 .text.CDC_Receive_FS
                0x00000000080048e8       0x28 build/usbd_cdc_if.o
 .text.CDC_Init_FS
                0x0000000008004910       0x28 build/usbd_cdc_if.o
 .text.CDC_Transmit_FS
                0x0000000008004938       0x2c build/usbd_cdc_if.o
                0x0000000008004938                CDC_Transmit_FS
 .text.PCD_WriteEmptyTxFifo
                0x0000000008004964       0xcc build/stm32l4xx_hal_pcd.o
 .text.HAL_PCD_Init
                0x0000000008004a30      0x130 build/stm32l4xx_hal_pcd.o
                0x0000000008004a30                HAL_PCD_Init
 .text.HAL_PCD_Start
                0x0000000008004b60       0x3c build/stm32l4xx_hal_pcd.o
                0x0000000008004b60                HAL_PCD_Start
 .text.PCD_EP_OutXfrComplete_int
                0x0000000008004b9c       0x44 build/stm32l4xx_hal_pcd.o
 .text.PCD_EP_OutSetupPacket_int
                0x0000000008004be0       0x30 build/stm32l4xx_hal_pcd.o
 .text.HAL_PCD_IRQHandler
                0x0000000008004c10      0x4b0 build/stm32l4xx_hal_pcd.o
                0x0000000008004c10                HAL_PCD_IRQHandler
 .text.HAL_PCD_SetAddress
                0x00000000080050c0       0x28 build/stm32l4xx_hal_pcd.o
                0x00000000080050c0                HAL_PCD_SetAddress
 .text.HAL_PCD_EP_Open
                0x00000000080050e8       0x82 build/stm32l4xx_hal_pcd.o
                0x00000000080050e8                HAL_PCD_EP_Open
 .text.HAL_PCD_EP_Close
                0x000000000800516a       0x6e build/stm32l4xx_hal_pcd.o
                0x000000000800516a                HAL_PCD_EP_Close
 .text.HAL_PCD_EP_Receive
                0x00000000080051d8       0x44 build/stm32l4xx_hal_pcd.o
                0x00000000080051d8                HAL_PCD_EP_Receive
 .text.HAL_PCD_EP_GetRxCount
                0x000000000800521c       0x12 build/stm32l4xx_hal_pcd.o
                0x000000000800521c                HAL_PCD_EP_GetRxCount
 .text.HAL_PCD_EP_Transmit
                0x000000000800522e       0x3e build/stm32l4xx_hal_pcd.o
                0x000000000800522e                HAL_PCD_EP_Transmit
 .text.HAL_PCD_EP_SetStall
                0x000000000800526c       0x80 build/stm32l4xx_hal_pcd.o
                0x000000000800526c                HAL_PCD_EP_SetStall
 .text.HAL_PCD_EP_ClrStall
                0x00000000080052ec       0x6e build/stm32l4xx_hal_pcd.o
                0x00000000080052ec                HAL_PCD_EP_ClrStall
 .text.HAL_PCDEx_SetTxFiFo
                0x000000000800535a       0x48 build/stm32l4xx_hal_pcd_ex.o
                0x000000000800535a                HAL_PCDEx_SetTxFiFo
 .text.HAL_PCDEx_SetRxFiFo
                0x00000000080053a2        0x8 build/stm32l4xx_hal_pcd_ex.o
                0x00000000080053a2                HAL_PCDEx_SetRxFiFo
 .text.HAL_PCDEx_ActivateLPM
                0x00000000080053aa       0x26 build/stm32l4xx_hal_pcd_ex.o
                0x00000000080053aa                HAL_PCDEx_ActivateLPM
 .text.USBD_Init
                0x00000000080053d0       0x2e build/usbd_core.o
                0x00000000080053d0                USBD_Init
 .text.USBD_RegisterClass
                0x00000000080053fe        0xe build/usbd_core.o
                0x00000000080053fe                USBD_RegisterClass
 .text.USBD_Start
                0x000000000800540c        0xa build/usbd_core.o
                0x000000000800540c                USBD_Start
 .text.USBD_SetClassConfig
                0x0000000008005416       0x1a build/usbd_core.o
                0x0000000008005416                USBD_SetClassConfig
 .text.USBD_ClrClassConfig
                0x0000000008005430        0xe build/usbd_core.o
                0x0000000008005430                USBD_ClrClassConfig
 .text.USBD_LL_SetupStage
                0x000000000800543e       0x5a build/usbd_core.o
                0x000000000800543e                USBD_LL_SetupStage
 .text.USBD_LL_DataOutStage
                0x0000000008005498       0x92 build/usbd_core.o
                0x0000000008005498                USBD_LL_DataOutStage
 .text.USBD_LL_DataInStage
                0x000000000800552a       0xd2 build/usbd_core.o
                0x000000000800552a                USBD_LL_DataInStage
 .text.USBD_LL_Reset
                0x00000000080055fc       0x50 build/usbd_core.o
                0x00000000080055fc                USBD_LL_Reset
 .text.USBD_LL_SetSpeed
                0x000000000800564c        0x6 build/usbd_core.o
                0x000000000800564c                USBD_LL_SetSpeed
 .text.USBD_LL_Suspend
                0x0000000008005652       0x12 build/usbd_core.o
                0x0000000008005652                USBD_LL_Suspend
 .text.USBD_LL_Resume
                0x0000000008005664       0x16 build/usbd_core.o
                0x0000000008005664                USBD_LL_Resume
 .text.USBD_LL_SOF
                0x000000000800567a       0x1c build/usbd_core.o
                0x000000000800567a                USBD_LL_SOF
 .text.USBD_LL_IsoINIncomplete
                0x0000000008005696        0x4 build/usbd_core.o
                0x0000000008005696                USBD_LL_IsoINIncomplete
 .text.USBD_LL_IsoOUTIncomplete
                0x000000000800569a        0x4 build/usbd_core.o
                0x000000000800569a                USBD_LL_IsoOUTIncomplete
 .text.USBD_LL_DevConnected
                0x000000000800569e        0x4 build/usbd_core.o
                0x000000000800569e                USBD_LL_DevConnected
 .text.USBD_LL_DevDisconnected
                0x00000000080056a2       0x16 build/usbd_core.o
                0x00000000080056a2                USBD_LL_DevDisconnected
 .text.USBD_GetLen
                0x00000000080056b8       0x14 build/usbd_ctlreq.o
 .text.USBD_SetFeature
                0x00000000080056cc       0x14 build/usbd_ctlreq.o
 .text.USBD_ParseSetupRequest
                0x00000000080056e0       0x28 build/usbd_ctlreq.o
                0x00000000080056e0                USBD_ParseSetupRequest
 .text.USBD_CtlError
                0x0000000008005708       0x14 build/usbd_ctlreq.o
                0x0000000008005708                USBD_CtlError
 .text.USBD_GetDescriptor
                0x000000000800571c      0x1a8 build/usbd_ctlreq.o
 .text.USBD_SetAddress
                0x00000000080058c4       0x4e build/usbd_ctlreq.o
 *fill*         0x0000000008005912        0x2 
 .text.USBD_SetConfig
                0x0000000008005914       0xb0 build/usbd_ctlreq.o
 .text.USBD_GetConfig
                0x00000000080059c4       0x3c build/usbd_ctlreq.o
 .text.USBD_GetStatus
                0x0000000008005a00       0x38 build/usbd_ctlreq.o
 .text.USBD_ClrFeature
                0x0000000008005a38       0x26 build/usbd_ctlreq.o
 .text.USBD_StdDevReq
                0x0000000008005a5e       0x68 build/usbd_ctlreq.o
                0x0000000008005a5e                USBD_StdDevReq
 .text.USBD_StdItfReq
                0x0000000008005ac6       0x60 build/usbd_ctlreq.o
                0x0000000008005ac6                USBD_StdItfReq
 .text.USBD_StdEPReq
                0x0000000008005b26      0x20e build/usbd_ctlreq.o
                0x0000000008005b26                USBD_StdEPReq
 .text.USBD_GetString
                0x0000000008005d34       0x38 build/usbd_ctlreq.o
                0x0000000008005d34                USBD_GetString
 .text.USBD_CtlSendData
                0x0000000008005d6c       0x1a build/usbd_ioreq.o
                0x0000000008005d6c                USBD_CtlSendData
 .text.USBD_CtlContinueSendData
                0x0000000008005d86       0x10 build/usbd_ioreq.o
                0x0000000008005d86                USBD_CtlContinueSendData
 .text.USBD_CtlPrepareRx
                0x0000000008005d96       0x1e build/usbd_ioreq.o
                0x0000000008005d96                USBD_CtlPrepareRx
 .text.USBD_CtlContinueRx
                0x0000000008005db4       0x10 build/usbd_ioreq.o
                0x0000000008005db4                USBD_CtlContinueRx
 .text.USBD_CtlSendStatus
                0x0000000008005dc4       0x16 build/usbd_ioreq.o
                0x0000000008005dc4                USBD_CtlSendStatus
 .text.USBD_CtlReceiveStatus
                0x0000000008005dda       0x16 build/usbd_ioreq.o
                0x0000000008005dda                USBD_CtlReceiveStatus
 .text.USBD_CDC_EP0_RxReady
                0x0000000008005df0       0x28 build/usbd_cdc.o
 .text.USBD_CDC_GetFSCfgDesc
                0x0000000008005e18        0xc build/usbd_cdc.o
 .text.USBD_CDC_GetHSCfgDesc
                0x0000000008005e24        0xc build/usbd_cdc.o
 .text.USBD_CDC_GetOtherSpeedCfgDesc
                0x0000000008005e30        0xc build/usbd_cdc.o
 .text.USBD_CDC_GetDeviceQualifierDescriptor
                0x0000000008005e3c        0xc build/usbd_cdc.o
                0x0000000008005e3c                USBD_CDC_GetDeviceQualifierDescriptor
 .text.USBD_CDC_DataOut
                0x0000000008005e48       0x2e build/usbd_cdc.o
 .text.USBD_CDC_DataIn
                0x0000000008005e76       0x50 build/usbd_cdc.o
 .text.USBD_CDC_Setup
                0x0000000008005ec6       0xda build/usbd_cdc.o
 .text.USBD_CDC_DeInit
                0x0000000008005fa0       0x42 build/usbd_cdc.o
 .text.USBD_CDC_Init
                0x0000000008005fe2       0xaa build/usbd_cdc.o
 .text.USBD_CDC_RegisterInterface
                0x000000000800608c        0xe build/usbd_cdc.o
                0x000000000800608c                USBD_CDC_RegisterInterface
 .text.USBD_CDC_SetTxBuffer
                0x000000000800609a       0x10 build/usbd_cdc.o
                0x000000000800609a                USBD_CDC_SetTxBuffer
 .text.USBD_CDC_SetRxBuffer
                0x00000000080060aa        0xc build/usbd_cdc.o
                0x00000000080060aa                USBD_CDC_SetRxBuffer
 .text.USBD_CDC_TransmitPacket
                0x00000000080060b6       0x34 build/usbd_cdc.o
                0x00000000080060b6                USBD_CDC_TransmitPacket
 .text.USBD_CDC_ReceivePacket
                0x00000000080060ea       0x32 build/usbd_cdc.o
                0x00000000080060ea                USBD_CDC_ReceivePacket
 .text.BoardBringupTest
                0x000000000800611c       0x60 build/shell.o
 .text.BoardBringupChangeAnimation
                0x000000000800617c        0x8 build/shell.o
 .text.Shell_ProcessCommand
                0x0000000008006184       0x60 build/shell.o
                0x0000000008006184                Shell_ProcessCommand
 .text.Shell_CdcReceive
                0x00000000080061e4       0x58 build/shell.o
                0x00000000080061e4                Shell_CdcReceive
 .text.GetPixelByLocalCoordinate
                0x000000000800623c       0x34 build/addressable_led_manager.o
                0x000000000800623c                GetPixelByLocalCoordinate
 .text.AddrLEDManager_PlayNextAnimation
                0x0000000008006270       0x3c build/addressable_led_manager.o
                0x0000000008006270                AddrLEDManager_PlayNextAnimation
 .text.getRandomColor
                0x00000000080062ac       0x52 build/utils.o
                0x00000000080062ac                getRandomColor
 *fill*         0x00000000080062fe        0x2 
 .text.MX_DMA_Init
                0x0000000008006300       0x34 build/dma.o
                0x0000000008006300                MX_DMA_Init
 .text.HAL_TIM_PWM_MspInit
                0x0000000008006334       0x6c build/tim.o
                0x0000000008006334                HAL_TIM_PWM_MspInit
 .text.HAL_TIM_MspPostInit
                0x00000000080063a0       0x50 build/tim.o
                0x00000000080063a0                HAL_TIM_MspPostInit
 .text.MX_TIM3_Init
                0x00000000080063f0       0x80 build/tim.o
                0x00000000080063f0                MX_TIM3_Init
 .text.rampUp   0x0000000008006470        0xc build/random_fade_animation.o
 .text.rampDown
                0x000000000800647c       0x78 build/random_fade_animation.o
 .text.randomFade2
                0x00000000080064f4      0x124 build/random_fade_animation.o
 .text.Animation_RandomFade_Init
                0x0000000008006618       0x98 build/random_fade_animation.o
                0x0000000008006618                Animation_RandomFade_Init
 .text.Animation_RandomFade_GetState
                0x00000000080066b0        0xc build/random_fade_animation.o
                0x00000000080066b0                Animation_RandomFade_GetState
 .text.Animation_RandomFade_SendMessage
                0x00000000080066bc       0x3c build/random_fade_animation.o
                0x00000000080066bc                Animation_RandomFade_SendMessage
 .text.Animation_RandomFade_Update
                0x00000000080066f8       0x28 build/random_fade_animation.o
                0x00000000080066f8                Animation_RandomFade_Update
 .text.rampUp   0x0000000008006720       0xa4 build/random_triangles_animation.o
 .text.rampDown
                0x00000000080067c4       0x78 build/random_triangles_animation.o
 *fill*         0x000000000800683c        0x4 
 .text.randomTriangles1
                0x0000000008006840      0x384 build/random_triangles_animation.o
 .text.Animation_RandomTriangles_Init
                0x0000000008006bc4       0x3c build/random_triangles_animation.o
                0x0000000008006bc4                Animation_RandomTriangles_Init
 .text.Animation_RandomTriangles_SendMessage
                0x0000000008006c00       0x5c build/random_triangles_animation.o
                0x0000000008006c00                Animation_RandomTriangles_SendMessage
 .text.Animation_RandomTriangles_GetState
                0x0000000008006c5c        0xc build/random_triangles_animation.o
                0x0000000008006c5c                Animation_RandomTriangles_GetState
 .text.Animation_RandomTriangles_Update
                0x0000000008006c68       0x28 build/random_triangles_animation.o
                0x0000000008006c68                Animation_RandomTriangles_Update
 .text.HsvToRgb
                0x0000000008006c90      0x16c build/color.o
                0x0000000008006c90                HsvToRgb
 .text.Reset_Handler
                0x0000000008006dfc       0x50 build/startup_stm32l476xx.o
                0x0000000008006dfc                Reset_Handler
 .text.Default_Handler
                0x0000000008006e4c        0x2 build/startup_stm32l476xx.o
                0x0000000008006e4c                RTC_Alarm_IRQHandler
                0x0000000008006e4c                EXTI2_IRQHandler
                0x0000000008006e4c                TIM8_TRG_COM_IRQHandler
                0x0000000008006e4c                TIM8_CC_IRQHandler
                0x0000000008006e4c                TIM1_CC_IRQHandler
                0x0000000008006e4c                TSC_IRQHandler
                0x0000000008006e4c                TAMP_STAMP_IRQHandler
                0x0000000008006e4c                EXTI3_IRQHandler
                0x0000000008006e4c                LPTIM2_IRQHandler
                0x0000000008006e4c                DFSDM1_FLT1_IRQHandler
                0x0000000008006e4c                I2C3_ER_IRQHandler
                0x0000000008006e4c                DFSDM1_FLT2_IRQHandler
                0x0000000008006e4c                EXTI0_IRQHandler
                0x0000000008006e4c                I2C2_EV_IRQHandler
                0x0000000008006e4c                CAN1_RX0_IRQHandler
                0x0000000008006e4c                FPU_IRQHandler
                0x0000000008006e4c                TIM1_UP_TIM16_IRQHandler
                0x0000000008006e4c                ADC1_2_IRQHandler
                0x0000000008006e4c                SPI1_IRQHandler
                0x0000000008006e4c                TIM6_DAC_IRQHandler
                0x0000000008006e4c                TIM8_UP_IRQHandler
                0x0000000008006e4c                DMA2_Channel2_IRQHandler
                0x0000000008006e4c                DMA1_Channel4_IRQHandler
                0x0000000008006e4c                SAI2_IRQHandler
                0x0000000008006e4c                DFSDM1_FLT3_IRQHandler
                0x0000000008006e4c                USART3_IRQHandler
                0x0000000008006e4c                DMA1_Channel7_IRQHandler
                0x0000000008006e4c                CAN1_RX1_IRQHandler
                0x0000000008006e4c                LCD_IRQHandler
                0x0000000008006e4c                UART5_IRQHandler
                0x0000000008006e4c                ADC3_IRQHandler
                0x0000000008006e4c                TIM4_IRQHandler
                0x0000000008006e4c                DMA2_Channel1_IRQHandler
                0x0000000008006e4c                QUADSPI_IRQHandler
                0x0000000008006e4c                I2C1_EV_IRQHandler
                0x0000000008006e4c                DMA1_Channel6_IRQHandler
                0x0000000008006e4c                UART4_IRQHandler
                0x0000000008006e4c                DMA2_Channel4_IRQHandler
                0x0000000008006e4c                TIM3_IRQHandler
                0x0000000008006e4c                RCC_IRQHandler
                0x0000000008006e4c                DMA1_Channel1_IRQHandler
                0x0000000008006e4c                Default_Handler
                0x0000000008006e4c                DMA2_Channel7_IRQHandler
                0x0000000008006e4c                EXTI15_10_IRQHandler
                0x0000000008006e4c                TIM7_IRQHandler
                0x0000000008006e4c                SDMMC1_IRQHandler
                0x0000000008006e4c                TIM5_IRQHandler
                0x0000000008006e4c                I2C3_EV_IRQHandler
                0x0000000008006e4c                EXTI9_5_IRQHandler
                0x0000000008006e4c                RTC_WKUP_IRQHandler
                0x0000000008006e4c                PVD_PVM_IRQHandler
                0x0000000008006e4c                SPI2_IRQHandler
                0x0000000008006e4c                CAN1_TX_IRQHandler
                0x0000000008006e4c                DMA2_Channel5_IRQHandler
                0x0000000008006e4c                DMA1_Channel5_IRQHandler
                0x0000000008006e4c                EXTI4_IRQHandler
                0x0000000008006e4c                RNG_IRQHandler
                0x0000000008006e4c                TIM1_TRG_COM_TIM17_IRQHandler
                0x0000000008006e4c                COMP_IRQHandler
                0x0000000008006e4c                WWDG_IRQHandler
                0x0000000008006e4c                LPUART1_IRQHandler
                0x0000000008006e4c                DMA2_Channel6_IRQHandler
                0x0000000008006e4c                TIM2_IRQHandler
                0x0000000008006e4c                EXTI1_IRQHandler
                0x0000000008006e4c                USART2_IRQHandler
                0x0000000008006e4c                DFSDM1_FLT0_IRQHandler
                0x0000000008006e4c                I2C2_ER_IRQHandler
                0x0000000008006e4c                DMA1_Channel2_IRQHandler
                0x0000000008006e4c                TIM8_BRK_IRQHandler
                0x0000000008006e4c                CAN1_SCE_IRQHandler
                0x0000000008006e4c                FLASH_IRQHandler
                0x0000000008006e4c                USART1_IRQHandler
                0x0000000008006e4c                SPI3_IRQHandler
                0x0000000008006e4c                I2C1_ER_IRQHandler
                0x0000000008006e4c                FMC_IRQHandler
                0x0000000008006e4c                SWPMI1_IRQHandler
                0x0000000008006e4c                LPTIM1_IRQHandler
                0x0000000008006e4c                SAI1_IRQHandler
                0x0000000008006e4c                DMA2_Channel3_IRQHandler
                0x0000000008006e4c                TIM1_BRK_TIM15_IRQHandler
 *fill*         0x0000000008006e4e        0x2 
 .text.__libc_init_array
                0x0000000008006e50       0x48 /home/jon/KODMOD/EMBEDDED_TOOLCHAINS/gcc-arm-none-eabi-7-2018-q2-update/bin/../lib/gcc/arm-none-eabi/7.3.1/../../../../arm-none-eabi/lib/thumb/v7e-m/fpv4-sp/hard/libc_nano.a(lib_a-init.o)
                0x0000000008006e50                __libc_init_array
 .text.memset   0x0000000008006e98       0x10 /home/jon/KODMOD/EMBEDDED_TOOLCHAINS/gcc-arm-none-eabi-7-2018-q2-update/bin/../lib/gcc/arm-none-eabi/7.3.1/../../../../arm-none-eabi/lib/thumb/v7e-m/fpv4-sp/hard/libc_nano.a(lib_a-memset.o)
                0x0000000008006e98                memset
 .text.rand     0x0000000008006ea8       0x68 /home/jon/KODMOD/EMBEDDED_TOOLCHAINS/gcc-arm-none-eabi-7-2018-q2-update/bin/../lib/gcc/arm-none-eabi/7.3.1/../../../../arm-none-eabi/lib/thumb/v7e-m/fpv4-sp/hard/libc_nano.a(lib_a-rand.o)
                0x0000000008006ea8                rand
 .text.sprintf  0x0000000008006f10       0x40 /home/jon/KODMOD/EMBEDDED_TOOLCHAINS/gcc-arm-none-eabi-7-2018-q2-update/bin/../lib/gcc/arm-none-eabi/7.3.1/../../../../arm-none-eabi/lib/thumb/v7e-m/fpv4-sp/hard/libc_nano.a(lib_a-sprintf.o)
                0x0000000008006f10                sprintf
                0x0000000008006f10                siprintf
 .text.strncmp  0x0000000008006f50       0x24 /home/jon/KODMOD/EMBEDDED_TOOLCHAINS/gcc-arm-none-eabi-7-2018-q2-update/bin/../lib/gcc/arm-none-eabi/7.3.1/../../../../arm-none-eabi/lib/thumb/v7e-m/fpv4-sp/hard/libc_nano.a(lib_a-strncmp.o)
                0x0000000008006f50                strncmp
 .text.malloc   0x0000000008006f74       0x10 /home/jon/KODMOD/EMBEDDED_TOOLCHAINS/gcc-arm-none-eabi-7-2018-q2-update/bin/../lib/gcc/arm-none-eabi/7.3.1/../../../../arm-none-eabi/lib/thumb/v7e-m/fpv4-sp/hard/libc_nano.a(lib_a-malloc.o)
                0x0000000008006f74                malloc
 .text._free_r  0x0000000008006f84       0x9c /home/jon/KODMOD/EMBEDDED_TOOLCHAINS/gcc-arm-none-eabi-7-2018-q2-update/bin/../lib/gcc/arm-none-eabi/7.3.1/../../../../arm-none-eabi/lib/thumb/v7e-m/fpv4-sp/hard/libc_nano.a(lib_a-nano-freer.o)
                0x0000000008006f84                _free_r
 .text._malloc_r
                0x0000000008007020       0xb4 /home/jon/KODMOD/EMBEDDED_TOOLCHAINS/gcc-arm-none-eabi-7-2018-q2-update/bin/../lib/gcc/arm-none-eabi/7.3.1/../../../../arm-none-eabi/lib/thumb/v7e-m/fpv4-sp/hard/libc_nano.a(lib_a-nano-mallocr.o)
                0x0000000008007020                _malloc_r
 .text.__ssputs_r
                0x00000000080070d4       0xb4 /home/jon/KODMOD/EMBEDDED_TOOLCHAINS/gcc-arm-none-eabi-7-2018-q2-update/bin/../lib/gcc/arm-none-eabi/7.3.1/../../../../arm-none-eabi/lib/thumb/v7e-m/fpv4-sp/hard/libc_nano.a(lib_a-nano-svfprintf.o)
                0x00000000080070d4                __ssputs_r
 .text._svfprintf_r
                0x0000000008007188      0x1f0 /home/jon/KODMOD/EMBEDDED_TOOLCHAINS/gcc-arm-none-eabi-7-2018-q2-update/bin/../lib/gcc/arm-none-eabi/7.3.1/../../../../arm-none-eabi/lib/thumb/v7e-m/fpv4-sp/hard/libc_nano.a(lib_a-nano-svfprintf.o)
                0x0000000008007188                _svfprintf_r
                0x0000000008007188                _svfiprintf_r
 .text._printf_common
                0x0000000008007378       0xea /home/jon/KODMOD/EMBEDDED_TOOLCHAINS/gcc-arm-none-eabi-7-2018-q2-update/bin/../lib/gcc/arm-none-eabi/7.3.1/../../../../arm-none-eabi/lib/thumb/v7e-m/fpv4-sp/hard/libc_nano.a(lib_a-nano-vfprintf_i.o)
                0x0000000008007378                _printf_common
 *fill*         0x0000000008007462        0x2 
 .text._printf_i
                0x0000000008007464      0x224 /home/jon/KODMOD/EMBEDDED_TOOLCHAINS/gcc-arm-none-eabi-7-2018-q2-update/bin/../lib/gcc/arm-none-eabi/7.3.1/../../../../arm-none-eabi/lib/thumb/v7e-m/fpv4-sp/hard/libc_nano.a(lib_a-nano-vfprintf_i.o)
                0x0000000008007464                _printf_i
 .text._sbrk_r  0x0000000008007688       0x20 /home/jon/KODMOD/EMBEDDED_TOOLCHAINS/gcc-arm-none-eabi-7-2018-q2-update/bin/../lib/gcc/arm-none-eabi/7.3.1/../../../../arm-none-eabi/lib/thumb/v7e-m/fpv4-sp/hard/libc_nano.a(lib_a-sbrkr.o)
                0x0000000008007688                _sbrk_r
 .text.memcpy   0x00000000080076a8       0x16 /home/jon/KODMOD/EMBEDDED_TOOLCHAINS/gcc-arm-none-eabi-7-2018-q2-update/bin/../lib/gcc/arm-none-eabi/7.3.1/../../../../arm-none-eabi/lib/thumb/v7e-m/fpv4-sp/hard/libc_nano.a(lib_a-memcpy-stub.o)
                0x00000000080076a8                memcpy
 .text.memmove  0x00000000080076be       0x32 /home/jon/KODMOD/EMBEDDED_TOOLCHAINS/gcc-arm-none-eabi-7-2018-q2-update/bin/../lib/gcc/arm-none-eabi/7.3.1/../../../../arm-none-eabi/lib/thumb/v7e-m/fpv4-sp/hard/libc_nano.a(lib_a-memmove.o)
                0x00000000080076be                memmove
 .text.__malloc_lock
                0x00000000080076f0        0x2 /home/jon/KODMOD/EMBEDDED_TOOLCHAINS/gcc-arm-none-eabi-7-2018-q2-update/bin/../lib/gcc/arm-none-eabi/7.3.1/../../../../arm-none-eabi/lib/thumb/v7e-m/fpv4-sp/hard/libc_nano.a(lib_a-mlock.o)
                0x00000000080076f0                __malloc_lock
 .text.__malloc_unlock
                0x00000000080076f2        0x2 /home/jon/KODMOD/EMBEDDED_TOOLCHAINS/gcc-arm-none-eabi-7-2018-q2-update/bin/../lib/gcc/arm-none-eabi/7.3.1/../../../../arm-none-eabi/lib/thumb/v7e-m/fpv4-sp/hard/libc_nano.a(lib_a-mlock.o)
                0x00000000080076f2                __malloc_unlock
 .text._realloc_r
                0x00000000080076f4       0x4c /home/jon/KODMOD/EMBEDDED_TOOLCHAINS/gcc-arm-none-eabi-7-2018-q2-update/bin/../lib/gcc/arm-none-eabi/7.3.1/../../../../arm-none-eabi/lib/thumb/v7e-m/fpv4-sp/hard/libc_nano.a(lib_a-nano-reallocr.o)
                0x00000000080076f4                _realloc_r
 .text._malloc_usable_size_r
                0x0000000008007740       0x10 /home/jon/KODMOD/EMBEDDED_TOOLCHAINS/gcc-arm-none-eabi-7-2018-q2-update/bin/../lib/gcc/arm-none-eabi/7.3.1/../../../../arm-none-eabi/lib/thumb/v7e-m/fpv4-sp/hard/libc_nano.a(lib_a-nano-msizer.o)
                0x0000000008007740                _malloc_usable_size_r
 .text.fmod     0x0000000008007750       0xd0 /home/jon/KODMOD/EMBEDDED_TOOLCHAINS/gcc-arm-none-eabi-7-2018-q2-update/bin/../lib/gcc/arm-none-eabi/7.3.1/../../../../arm-none-eabi/lib/thumb/v7e-m/fpv4-sp/hard/libm.a(lib_a-w_fmod.o)
                0x0000000008007750                fmod
 .text.__ieee754_fmod
                0x0000000008007820      0x248 /home/jon/KODMOD/EMBEDDED_TOOLCHAINS/gcc-arm-none-eabi-7-2018-q2-update/bin/../lib/gcc/arm-none-eabi/7.3.1/../../../../arm-none-eabi/lib/thumb/v7e-m/fpv4-sp/hard/libm.a(lib_a-e_fmod.o)
                0x0000000008007820                __ieee754_fmod
 .text.matherr  0x0000000008007a68        0x4 /home/jon/KODMOD/EMBEDDED_TOOLCHAINS/gcc-arm-none-eabi-7-2018-q2-update/bin/../lib/gcc/arm-none-eabi/7.3.1/../../../../arm-none-eabi/lib/thumb/v7e-m/fpv4-sp/hard/libm.a(lib_a-s_matherr.o)
                0x0000000008007a68                matherr
 .text._sbrk    0x0000000008007a6c       0x1c /home/jon/KODMOD/EMBEDDED_TOOLCHAINS/gcc-arm-none-eabi-7-2018-q2-update/bin/../lib/gcc/arm-none-eabi/7.3.1/../../../../arm-none-eabi/lib/thumb/v7e-m/fpv4-sp/hard/libnosys.a(sbrk.o)
                0x0000000008007a6c                _sbrk
 .text.__errno  0x0000000008007a88        0xc /home/jon/KODMOD/EMBEDDED_TOOLCHAINS/gcc-arm-none-eabi-7-2018-q2-update/bin/../lib/gcc/arm-none-eabi/7.3.1/../../../../arm-none-eabi/lib/thumb/v7e-m/fpv4-sp/hard/libc_nano.a(lib_a-errno.o)
                0x0000000008007a88                __errno
 *(.glue_7)
 .glue_7        0x0000000008007a94        0x0 linker stubs
 *(.glue_7t)
 .glue_7t       0x0000000008007a94        0x0 linker stubs
 *(.eh_frame)
 .eh_frame      0x0000000008007a94        0x0 /home/jon/KODMOD/EMBEDDED_TOOLCHAINS/gcc-arm-none-eabi-7-2018-q2-update/bin/../lib/gcc/arm-none-eabi/7.3.1/thumb/v7e-m/fpv4-sp/hard/crtbegin.o
 *(.init)
 .init          0x0000000008007a94        0x4 /home/jon/KODMOD/EMBEDDED_TOOLCHAINS/gcc-arm-none-eabi-7-2018-q2-update/bin/../lib/gcc/arm-none-eabi/7.3.1/thumb/v7e-m/fpv4-sp/hard/crti.o
                0x0000000008007a94                _init
 .init          0x0000000008007a98        0x8 /home/jon/KODMOD/EMBEDDED_TOOLCHAINS/gcc-arm-none-eabi-7-2018-q2-update/bin/../lib/gcc/arm-none-eabi/7.3.1/thumb/v7e-m/fpv4-sp/hard/crtn.o
 *(.fini)
 .fini          0x0000000008007aa0        0x4 /home/jon/KODMOD/EMBEDDED_TOOLCHAINS/gcc-arm-none-eabi-7-2018-q2-update/bin/../lib/gcc/arm-none-eabi/7.3.1/thumb/v7e-m/fpv4-sp/hard/crti.o
                0x0000000008007aa0                _fini
 .fini          0x0000000008007aa4        0x8 /home/jon/KODMOD/EMBEDDED_TOOLCHAINS/gcc-arm-none-eabi-7-2018-q2-update/bin/../lib/gcc/arm-none-eabi/7.3.1/thumb/v7e-m/fpv4-sp/hard/crtn.o
                0x0000000008007ab0                . = ALIGN (0x8)
 *fill*         0x0000000008007aac        0x4 
                0x0000000008007ab0                _etext = .

.vfp11_veneer   0x0000000008007ab0        0x0
 .vfp11_veneer  0x0000000008007ab0        0x0 linker stubs

.v4_bx          0x0000000008007ab0        0x0
 .v4_bx         0x0000000008007ab0        0x0 linker stubs

.iplt           0x0000000008007ab0        0x0
 .iplt          0x0000000008007ab0        0x0 /home/jon/KODMOD/EMBEDDED_TOOLCHAINS/gcc-arm-none-eabi-7-2018-q2-update/bin/../lib/gcc/arm-none-eabi/7.3.1/thumb/v7e-m/fpv4-sp/hard/crtbegin.o

.rodata         0x0000000008007ab0       0xf0
                0x0000000008007ab0                . = ALIGN (0x8)
 *(.rodata)
 *(.rodata*)
 .rodata.AHBPrescTable
                0x0000000008007ab0       0x10 build/system_stm32l4xx.o
                0x0000000008007ab0                AHBPrescTable
 .rodata.MSIRangeTable
                0x0000000008007ac0       0x30 build/system_stm32l4xx.o
                0x0000000008007ac0                MSIRangeTable
 .rodata.USBD_FS_ConfigStrDescriptor.str1.4
                0x0000000008007af0        0xb build/usbd_desc.o
 *fill*         0x0000000008007afb        0x1 
 .rodata.USBD_FS_InterfaceStrDescriptor.str1.4
                0x0000000008007afc        0xe build/usbd_desc.o
 *fill*         0x0000000008007b0a        0x2 
 .rodata.USBD_FS_ManufacturerStrDescriptor.str1.4
                0x0000000008007b0c        0xb build/usbd_desc.o
 *fill*         0x0000000008007b17        0x1 
 .rodata.USBD_FS_ProductStrDescriptor.str1.4
                0x0000000008007b18       0x16 build/usbd_desc.o
 *fill*         0x0000000008007b2e        0x2 
 .rodata.BoardBringupTest.str1.4
                0x0000000008007b30        0x3 build/shell.o
 *fill*         0x0000000008007b33        0x1 
 .rodata.Shell_ProcessCommand.str1.4
                0x0000000008007b34        0xf build/shell.o
 *fill*         0x0000000008007b43        0x1 
 .rodata.str1.4
                0x0000000008007b44        0xb build/shell.o
 .rodata._svfprintf_r.str1.1
                0x0000000008007b4f       0x11 /home/jon/KODMOD/EMBEDDED_TOOLCHAINS/gcc-arm-none-eabi-7-2018-q2-update/bin/../lib/gcc/arm-none-eabi/7.3.1/../../../../arm-none-eabi/lib/thumb/v7e-m/fpv4-sp/hard/libc_nano.a(lib_a-nano-svfprintf.o)
 .rodata._printf_i.str1.1
                0x0000000008007b60       0x22 /home/jon/KODMOD/EMBEDDED_TOOLCHAINS/gcc-arm-none-eabi-7-2018-q2-update/bin/../lib/gcc/arm-none-eabi/7.3.1/../../../../arm-none-eabi/lib/thumb/v7e-m/fpv4-sp/hard/libc_nano.a(lib_a-nano-vfprintf_i.o)
 *fill*         0x0000000008007b82        0x2 
 .rodata.fmod.str1.4
                0x0000000008007b84        0x8 /home/jon/KODMOD/EMBEDDED_TOOLCHAINS/gcc-arm-none-eabi-7-2018-q2-update/bin/../lib/gcc/arm-none-eabi/7.3.1/../../../../arm-none-eabi/lib/thumb/v7e-m/fpv4-sp/hard/libm.a(lib_a-w_fmod.o)
                                          0x5 (size before relaxing)
 *fill*         0x0000000008007b8c        0x4 
 .rodata.Zero   0x0000000008007b90       0x10 /home/jon/KODMOD/EMBEDDED_TOOLCHAINS/gcc-arm-none-eabi-7-2018-q2-update/bin/../lib/gcc/arm-none-eabi/7.3.1/../../../../arm-none-eabi/lib/thumb/v7e-m/fpv4-sp/hard/libm.a(lib_a-e_fmod.o)
                0x0000000008007ba0                . = ALIGN (0x8)

.rel.dyn        0x0000000008007ba0        0x0
 .rel.iplt      0x0000000008007ba0        0x0 /home/jon/KODMOD/EMBEDDED_TOOLCHAINS/gcc-arm-none-eabi-7-2018-q2-update/bin/../lib/gcc/arm-none-eabi/7.3.1/thumb/v7e-m/fpv4-sp/hard/crtbegin.o

.ARM.extab      0x0000000008007ba0        0x0
                0x0000000008007ba0                . = ALIGN (0x8)
 *(.ARM.extab* .gnu.linkonce.armextab.*)
                0x0000000008007ba0                . = ALIGN (0x8)

.ARM            0x0000000008007ba0        0x0
                0x0000000008007ba0                . = ALIGN (0x8)
                0x0000000008007ba0                __exidx_start = .
 *(.ARM.exidx*)
                0x0000000008007ba0                __exidx_end = .
                0x0000000008007ba0                . = ALIGN (0x8)

.preinit_array  0x0000000008007ba0        0x0
                0x0000000008007ba0                . = ALIGN (0x8)
                0x0000000008007ba0                PROVIDE (__preinit_array_start = .)
 *(.preinit_array*)
                0x0000000008007ba0                PROVIDE (__preinit_array_end = .)
                0x0000000008007ba0                . = ALIGN (0x8)

.init_array     0x0000000008007ba0        0x8
                0x0000000008007ba0                . = ALIGN (0x8)
                0x0000000008007ba0                PROVIDE (__init_array_start = .)
 *(SORT_BY_NAME(.init_array.*))
 *(.init_array*)
 .init_array    0x0000000008007ba0        0x4 /home/jon/KODMOD/EMBEDDED_TOOLCHAINS/gcc-arm-none-eabi-7-2018-q2-update/bin/../lib/gcc/arm-none-eabi/7.3.1/thumb/v7e-m/fpv4-sp/hard/crtbegin.o
                0x0000000008007ba4                PROVIDE (__init_array_end = .)
                0x0000000008007ba8                . = ALIGN (0x8)
 *fill*         0x0000000008007ba4        0x4 

.fini_array     0x0000000008007ba8        0x8
                0x0000000008007ba8                . = ALIGN (0x8)
                [!provide]                        PROVIDE (__fini_array_start = .)
 *(SORT_BY_NAME(.fini_array.*))
 *(.fini_array*)
 .fini_array    0x0000000008007ba8        0x4 /home/jon/KODMOD/EMBEDDED_TOOLCHAINS/gcc-arm-none-eabi-7-2018-q2-update/bin/../lib/gcc/arm-none-eabi/7.3.1/thumb/v7e-m/fpv4-sp/hard/crtbegin.o
                [!provide]                        PROVIDE (__fini_array_end = .)
                0x0000000008007bb0                . = ALIGN (0x8)
 *fill*         0x0000000008007bac        0x4 
                0x0000000008007bb0                _sidata = LOADADDR (.data)

.data           0x0000000020000000      0x240 load address 0x0000000008007bb0
                0x0000000020000000                . = ALIGN (0x8)
                0x0000000020000000                _sdata = .
 *(.data)
 *(.data*)
 .data.uwTickFreq
                0x0000000020000000        0x4 build/stm32l4xx_hal.o
                0x0000000020000000                uwTickFreq
 .data.uwTickPrio
                0x0000000020000004        0x4 build/stm32l4xx_hal.o
                0x0000000020000004                uwTickPrio
 .data.SystemCoreClock
                0x0000000020000008        0x4 build/system_stm32l4xx.o
                0x0000000020000008                SystemCoreClock
 .data.FS_Desc  0x000000002000000c       0x20 build/usbd_desc.o
                0x000000002000000c                FS_Desc
 .data.USBD_FS_BOSDesc
                0x000000002000002c        0xc build/usbd_desc.o
                0x000000002000002c                USBD_FS_BOSDesc
 .data.USBD_FS_DeviceDesc
                0x0000000020000038       0x12 build/usbd_desc.o
                0x0000000020000038                USBD_FS_DeviceDesc
 *fill*         0x000000002000004a        0x2 
 .data.USBD_LangIDDesc
                0x000000002000004c        0x4 build/usbd_desc.o
                0x000000002000004c                USBD_LangIDDesc
 .data.USBD_StringSerial
                0x0000000020000050       0x1a build/usbd_desc.o
                0x0000000020000050                USBD_StringSerial
 *fill*         0x000000002000006a        0x2 
 .data.USBD_Interface_fops_FS
                0x000000002000006c       0x10 build/usbd_cdc_if.o
                0x000000002000006c                USBD_Interface_fops_FS
 .data.USBD_CDC
                0x000000002000007c       0x38 build/usbd_cdc.o
                0x000000002000007c                USBD_CDC
 .data.USBD_CDC_CfgFSDesc
                0x00000000200000b4       0x43 build/usbd_cdc.o
                0x00000000200000b4                USBD_CDC_CfgFSDesc
 *fill*         0x00000000200000f7        0x1 
 .data.USBD_CDC_CfgHSDesc
                0x00000000200000f8       0x43 build/usbd_cdc.o
                0x00000000200000f8                USBD_CDC_CfgHSDesc
 *fill*         0x000000002000013b        0x1 
 .data.USBD_CDC_DeviceQualifierDesc
                0x000000002000013c        0xa build/usbd_cdc.o
 *fill*         0x0000000020000146        0x2 
 .data.USBD_CDC_OtherSpeedCfgDesc
                0x0000000020000148       0x43 build/usbd_cdc.o
                0x0000000020000148                USBD_CDC_OtherSpeedCfgDesc
 *fill*         0x000000002000018b        0x1 
 .data.ShellNewline
                0x000000002000018c        0x4 build/shell.o
                0x000000002000018c                ShellNewline
 .data.animations
                0x0000000020000190       0x20 build/addressable_led_manager.o
                0x0000000020000190                animations
 .data.clockdivider.10461
                0x00000000200001b0        0x1 build/random_triangles_animation.o
 .data.rowHueOffsetAdd.10479
                0x00000000200001b1        0x1 build/random_triangles_animation.o
 *fill*         0x00000000200001b2        0x6 
 .data.s.10482  0x00000000200001b8        0x8 build/random_triangles_animation.o
 .data.sadd.10488
                0x00000000200001c0        0x1 build/random_triangles_animation.o
 *fill*         0x00000000200001c1        0x7 
 .data.v.10483  0x00000000200001c8        0x8 build/random_triangles_animation.o
 .data.vadd.10489
                0x00000000200001d0        0x1 build/random_triangles_animation.o
 *fill*         0x00000000200001d1        0x3 
 .data._impure_ptr
                0x00000000200001d4        0x4 /home/jon/KODMOD/EMBEDDED_TOOLCHAINS/gcc-arm-none-eabi-7-2018-q2-update/bin/../lib/gcc/arm-none-eabi/7.3.1/../../../../arm-none-eabi/lib/thumb/v7e-m/fpv4-sp/hard/libc_nano.a(lib_a-impure.o)
                0x00000000200001d4                _impure_ptr
 .data.impure_data
                0x00000000200001d8       0x60 /home/jon/KODMOD/EMBEDDED_TOOLCHAINS/gcc-arm-none-eabi-7-2018-q2-update/bin/../lib/gcc/arm-none-eabi/7.3.1/../../../../arm-none-eabi/lib/thumb/v7e-m/fpv4-sp/hard/libc_nano.a(lib_a-impure.o)
 .data.__fdlib_version
                0x0000000020000238        0x1 /home/jon/KODMOD/EMBEDDED_TOOLCHAINS/gcc-arm-none-eabi-7-2018-q2-update/bin/../lib/gcc/arm-none-eabi/7.3.1/../../../../arm-none-eabi/lib/thumb/v7e-m/fpv4-sp/hard/libm.a(lib_a-s_lib_ver.o)
                0x0000000020000238                __fdlib_version
                0x0000000020000240                . = ALIGN (0x8)
 *fill*         0x0000000020000239        0x7 
                0x0000000020000240                _edata = .

.igot.plt       0x0000000020000240        0x0 load address 0x0000000008007df0
 .igot.plt      0x0000000020000240        0x0 /home/jon/KODMOD/EMBEDDED_TOOLCHAINS/gcc-arm-none-eabi-7-2018-q2-update/bin/../lib/gcc/arm-none-eabi/7.3.1/thumb/v7e-m/fpv4-sp/hard/crtbegin.o
                0x0000000020000240                . = ALIGN (0x4)

.bss            0x0000000020000240     0x6690 load address 0x0000000008007df0
                0x0000000020000240                _sbss = .
                0x0000000020000240                __bss_start__ = _sbss
 *(.bss)
 .bss           0x0000000020000240       0x1c /home/jon/KODMOD/EMBEDDED_TOOLCHAINS/gcc-arm-none-eabi-7-2018-q2-update/bin/../lib/gcc/arm-none-eabi/7.3.1/thumb/v7e-m/fpv4-sp/hard/crtbegin.o
 *(.bss*)
 .bss.mem.11803
                0x000000002000025c      0x220 build/usbd_conf.o
 .bss.cfgidx.11658
                0x000000002000047c        0x1 build/usbd_ctlreq.o
 *fill*         0x000000002000047d        0x3 
 .bss.ShellRxBufferHead
                0x0000000020000480        0x4 build/shell.o
                0x0000000020000480                ShellRxBufferHead
 .bss.animationIndex
                0x0000000020000484        0x1 build/addressable_led_manager.o
                0x0000000020000484                animationIndex
 .bss.animationSkipInProgress
                0x0000000020000485        0x1 build/addressable_led_manager.o
                0x0000000020000485                animationSkipInProgress
 *fill*         0x0000000020000486        0x2 
 .bss.context   0x0000000020000488       0x18 build/random_fade_animation.o
 .bss.count.10465
                0x00000000200004a0        0x4 build/random_fade_animation.o
 .bss.currColor.10466
                0x00000000200004a4        0x8 build/random_fade_animation.o
 *fill*         0x00000000200004ac        0x4 
 .bss.b.10474   0x00000000200004b0        0x8 build/random_triangles_animation.o
 .bss.bscaled.10477
                0x00000000200004b8        0x1 build/random_triangles_animation.o
 .bss.clockdivider.10450
                0x00000000200004b9        0x1 build/random_triangles_animation.o
 *fill*         0x00000000200004ba        0x2 
 .bss.context   0x00000000200004bc       0x14 build/random_triangles_animation.o
 .bss.g.10473   0x00000000200004d0        0x8 build/random_triangles_animation.o
 .bss.gscaled.10476
                0x00000000200004d8        0x1 build/random_triangles_animation.o
 *fill*         0x00000000200004d9        0x7 
 .bss.h.10481   0x00000000200004e0        0x8 build/random_triangles_animation.o
 .bss.r.10472   0x00000000200004e8        0x8 build/random_triangles_animation.o
 .bss.rowHueOffset.10478
                0x00000000200004f0        0x8 build/random_triangles_animation.o
 .bss.rscaled.10475
                0x00000000200004f8        0x1 build/random_triangles_animation.o
 *fill*         0x00000000200004f9        0x3 
 .bss.__malloc_free_list
                0x00000000200004fc        0x4 /home/jon/KODMOD/EMBEDDED_TOOLCHAINS/gcc-arm-none-eabi-7-2018-q2-update/bin/../lib/gcc/arm-none-eabi/7.3.1/../../../../arm-none-eabi/lib/thumb/v7e-m/fpv4-sp/hard/libc_nano.a(lib_a-nano-mallocr.o)
                0x00000000200004fc                __malloc_free_list
 .bss.__malloc_sbrk_start
                0x0000000020000500        0x4 /home/jon/KODMOD/EMBEDDED_TOOLCHAINS/gcc-arm-none-eabi-7-2018-q2-update/bin/../lib/gcc/arm-none-eabi/7.3.1/../../../../arm-none-eabi/lib/thumb/v7e-m/fpv4-sp/hard/libc_nano.a(lib_a-nano-mallocr.o)
                0x0000000020000500                __malloc_sbrk_start
 .bss.heap_end.5377
                0x0000000020000504        0x4 /home/jon/KODMOD/EMBEDDED_TOOLCHAINS/gcc-arm-none-eabi-7-2018-q2-update/bin/../lib/gcc/arm-none-eabi/7.3.1/../../../../arm-none-eabi/lib/thumb/v7e-m/fpv4-sp/hard/libnosys.a(sbrk.o)
 *(COMMON)
 COMMON         0x0000000020000508        0x4 build/stm32l4xx_hal.o
                0x0000000020000508                uwTick
 COMMON         0x000000002000050c       0x64 build/adc.o
                0x000000002000050c                hadc1
 COMMON         0x0000000020000570       0x98 build/i2c.o
                0x0000000020000570                hi2c1
                0x00000000200005bc                hi2c2
 COMMON         0x0000000020000608      0x2c4 build/usb_device.o
                0x0000000020000608                hUsbDeviceFS
 COMMON         0x00000000200008cc      0x408 build/usbd_conf.o
                0x00000000200008cc                hpcd_USB_OTG_FS
 COMMON         0x0000000020000cd4      0x200 build/usbd_desc.o
                0x0000000020000cd4                USBD_StrDesc
 COMMON         0x0000000020000ed4     0x1000 build/usbd_cdc_if.o
                0x0000000020000ed4                UserRxBufferFS
                0x00000000200016d4                UserTxBufferFS
 COMMON         0x0000000020001ed4      0x200 build/shell.o
                0x0000000020001ed4                ShellRxBuffer
 COMMON         0x00000000200020d4     0x4770 build/addressable_led_manager.o
                0x00000000200020d4                randomTrianglesPixelData
                0x0000000020002264                ledStrip1Pixels
                0x0000000020005e64                ledStrip1
                0x0000000020005e78                randomFadePixelData
                0x0000000020006008                panels
                0x00000000200060a8                ledStrip1PacketBuffer
                0x000000002000682c                refreshTimer
 COMMON         0x0000000020006844       0x88 build/tim.o
                0x0000000020006844                htim3
                0x0000000020006884                hdma_tim3_ch4_up
 COMMON         0x00000000200068cc        0x4 /home/jon/KODMOD/EMBEDDED_TOOLCHAINS/gcc-arm-none-eabi-7-2018-q2-update/bin/../lib/gcc/arm-none-eabi/7.3.1/../../../../arm-none-eabi/lib/thumb/v7e-m/fpv4-sp/hard/libc_nano.a(lib_a-reent.o)
                0x00000000200068cc                errno
                0x00000000200068d0                . = ALIGN (0x4)
                0x00000000200068d0                _ebss = .
                0x00000000200068d0                __bss_end__ = _ebss

._user_heap_stack
                0x00000000200068d0      0x600 load address 0x0000000008007df0
                0x00000000200068d0                . = ALIGN (0x8)
                0x00000000200068d0                PROVIDE (end = .)
                [!provide]                        PROVIDE (_end = .)
                0x0000000020006ad0                . = (. + _Min_Heap_Size)
 *fill*         0x00000000200068d0      0x200 
                0x0000000020006ed0                . = (. + _Min_Stack_Size)
 *fill*         0x0000000020006ad0      0x400 
                0x0000000020006ed0                . = ALIGN (0x8)

/DISCARD/
 libc.a(*)
 libm.a(*)
 libgcc.a(*)

.ARM.attributes
                0x0000000000000000       0x30
 *(.ARM.attributes)
 .ARM.attributes
                0x0000000000000000       0x22 /home/jon/KODMOD/EMBEDDED_TOOLCHAINS/gcc-arm-none-eabi-7-2018-q2-update/bin/../lib/gcc/arm-none-eabi/7.3.1/thumb/v7e-m/fpv4-sp/hard/crti.o
 .ARM.attributes
                0x0000000000000022       0x34 /home/jon/KODMOD/EMBEDDED_TOOLCHAINS/gcc-arm-none-eabi-7-2018-q2-update/bin/../lib/gcc/arm-none-eabi/7.3.1/thumb/v7e-m/fpv4-sp/hard/crtbegin.o
 .ARM.attributes
                0x0000000000000056       0x39 build/main.o
 .ARM.attributes
                0x000000000000008f       0x39 build/gpio.o
 .ARM.attributes
                0x00000000000000c8       0x39 build/stm32l4xx_it.o
 .ARM.attributes
                0x0000000000000101       0x39 build/stm32l4xx_hal_msp.o
 .ARM.attributes
                0x000000000000013a       0x39 build/stm32l4xx_hal_tim.o
 .ARM.attributes
                0x0000000000000173       0x39 build/stm32l4xx_hal_tim_ex.o
 .ARM.attributes
                0x00000000000001ac       0x39 build/stm32l4xx_hal.o
 .ARM.attributes
                0x00000000000001e5       0x39 build/stm32l4xx_hal_i2c.o
 .ARM.attributes
                0x000000000000021e       0x39 build/stm32l4xx_hal_i2c_ex.o
 .ARM.attributes
                0x0000000000000257       0x39 build/stm32l4xx_hal_rcc.o
 .ARM.attributes
                0x0000000000000290       0x39 build/stm32l4xx_hal_rcc_ex.o
 .ARM.attributes
                0x00000000000002c9       0x39 build/stm32l4xx_hal_gpio.o
 .ARM.attributes
                0x0000000000000302       0x39 build/stm32l4xx_hal_dma.o
 .ARM.attributes
                0x000000000000033b       0x39 build/stm32l4xx_hal_pwr_ex.o
 .ARM.attributes
                0x0000000000000374       0x39 build/stm32l4xx_hal_cortex.o
 .ARM.attributes
                0x00000000000003ad       0x39 build/system_stm32l4xx.o
 .ARM.attributes
                0x00000000000003e6       0x39 build/adc.o
 .ARM.attributes
                0x000000000000041f       0x39 build/i2c.o
 .ARM.attributes
                0x0000000000000458       0x39 build/stm32l4xx_hal_adc.o
 .ARM.attributes
                0x0000000000000491       0x39 build/stm32l4xx_hal_adc_ex.o
 .ARM.attributes
                0x00000000000004ca       0x39 build/stm32l4xx_ll_usb.o
 .ARM.attributes
                0x0000000000000503       0x39 build/usb_device.o
 .ARM.attributes
                0x000000000000053c       0x39 build/usbd_conf.o
 .ARM.attributes
                0x0000000000000575       0x39 build/usbd_desc.o
 .ARM.attributes
                0x00000000000005ae       0x39 build/usbd_cdc_if.o
 .ARM.attributes
                0x00000000000005e7       0x39 build/stm32l4xx_hal_pcd.o
 .ARM.attributes
                0x0000000000000620       0x39 build/stm32l4xx_hal_pcd_ex.o
 .ARM.attributes
                0x0000000000000659       0x39 build/usbd_core.o
 .ARM.attributes
                0x0000000000000692       0x39 build/usbd_ctlreq.o
 .ARM.attributes
                0x00000000000006cb       0x39 build/usbd_ioreq.o
 .ARM.attributes
                0x0000000000000704       0x39 build/usbd_cdc.o
 .ARM.attributes
                0x000000000000073d       0x39 build/shell.o
 .ARM.attributes
                0x0000000000000776       0x39 build/addressable_led_manager.o
 .ARM.attributes
                0x00000000000007af       0x39 build/utils.o
 .ARM.attributes
                0x00000000000007e8       0x39 build/dma.o
 .ARM.attributes
                0x0000000000000821       0x39 build/tim.o
 .ARM.attributes
                0x000000000000085a       0x39 build/random_fade_animation.o
 .ARM.attributes
                0x0000000000000893       0x39 build/random_triangles_animation.o
 .ARM.attributes
                0x00000000000008cc       0x39 build/color.o
 .ARM.attributes
                0x0000000000000905       0x21 build/startup_stm32l476xx.o
 .ARM.attributes
                0x0000000000000926       0x34 /home/jon/KODMOD/EMBEDDED_TOOLCHAINS/gcc-arm-none-eabi-7-2018-q2-update/bin/../lib/gcc/arm-none-eabi/7.3.1/../../../../arm-none-eabi/lib/thumb/v7e-m/fpv4-sp/hard/libc_nano.a(lib_a-impure.o)
 .ARM.attributes
                0x000000000000095a       0x34 /home/jon/KODMOD/EMBEDDED_TOOLCHAINS/gcc-arm-none-eabi-7-2018-q2-update/bin/../lib/gcc/arm-none-eabi/7.3.1/../../../../arm-none-eabi/lib/thumb/v7e-m/fpv4-sp/hard/libc_nano.a(lib_a-init.o)
 .ARM.attributes
                0x000000000000098e       0x34 /home/jon/KODMOD/EMBEDDED_TOOLCHAINS/gcc-arm-none-eabi-7-2018-q2-update/bin/../lib/gcc/arm-none-eabi/7.3.1/../../../../arm-none-eabi/lib/thumb/v7e-m/fpv4-sp/hard/libc_nano.a(lib_a-memset.o)
 .ARM.attributes
                0x00000000000009c2       0x34 /home/jon/KODMOD/EMBEDDED_TOOLCHAINS/gcc-arm-none-eabi-7-2018-q2-update/bin/../lib/gcc/arm-none-eabi/7.3.1/../../../../arm-none-eabi/lib/thumb/v7e-m/fpv4-sp/hard/libc_nano.a(lib_a-rand.o)
 .ARM.attributes
                0x00000000000009f6       0x34 /home/jon/KODMOD/EMBEDDED_TOOLCHAINS/gcc-arm-none-eabi-7-2018-q2-update/bin/../lib/gcc/arm-none-eabi/7.3.1/../../../../arm-none-eabi/lib/thumb/v7e-m/fpv4-sp/hard/libc_nano.a(lib_a-sprintf.o)
 .ARM.attributes
                0x0000000000000a2a       0x1b /home/jon/KODMOD/EMBEDDED_TOOLCHAINS/gcc-arm-none-eabi-7-2018-q2-update/bin/../lib/gcc/arm-none-eabi/7.3.1/../../../../arm-none-eabi/lib/thumb/v7e-m/fpv4-sp/hard/libc_nano.a(lib_a-strlen.o)
 .ARM.attributes
                0x0000000000000a45       0x34 /home/jon/KODMOD/EMBEDDED_TOOLCHAINS/gcc-arm-none-eabi-7-2018-q2-update/bin/../lib/gcc/arm-none-eabi/7.3.1/../../../../arm-none-eabi/lib/thumb/v7e-m/fpv4-sp/hard/libc_nano.a(lib_a-strncmp.o)
 .ARM.attributes
                0x0000000000000a79       0x34 /home/jon/KODMOD/EMBEDDED_TOOLCHAINS/gcc-arm-none-eabi-7-2018-q2-update/bin/../lib/gcc/arm-none-eabi/7.3.1/../../../../arm-none-eabi/lib/thumb/v7e-m/fpv4-sp/hard/libc_nano.a(lib_a-malloc.o)
 .ARM.attributes
                0x0000000000000aad       0x34 /home/jon/KODMOD/EMBEDDED_TOOLCHAINS/gcc-arm-none-eabi-7-2018-q2-update/bin/../lib/gcc/arm-none-eabi/7.3.1/../../../../arm-none-eabi/lib/thumb/v7e-m/fpv4-sp/hard/libc_nano.a(lib_a-nano-freer.o)
 .ARM.attributes
                0x0000000000000ae1       0x34 /home/jon/KODMOD/EMBEDDED_TOOLCHAINS/gcc-arm-none-eabi-7-2018-q2-update/bin/../lib/gcc/arm-none-eabi/7.3.1/../../../../arm-none-eabi/lib/thumb/v7e-m/fpv4-sp/hard/libc_nano.a(lib_a-nano-mallocr.o)
 .ARM.attributes
                0x0000000000000b15       0x34 /home/jon/KODMOD/EMBEDDED_TOOLCHAINS/gcc-arm-none-eabi-7-2018-q2-update/bin/../lib/gcc/arm-none-eabi/7.3.1/../../../../arm-none-eabi/lib/thumb/v7e-m/fpv4-sp/hard/libc_nano.a(lib_a-nano-svfprintf.o)
 .ARM.attributes
                0x0000000000000b49       0x34 /home/jon/KODMOD/EMBEDDED_TOOLCHAINS/gcc-arm-none-eabi-7-2018-q2-update/bin/../lib/gcc/arm-none-eabi/7.3.1/../../../../arm-none-eabi/lib/thumb/v7e-m/fpv4-sp/hard/libc_nano.a(lib_a-nano-vfprintf_i.o)
 .ARM.attributes
                0x0000000000000b7d       0x34 /home/jon/KODMOD/EMBEDDED_TOOLCHAINS/gcc-arm-none-eabi-7-2018-q2-update/bin/../lib/gcc/arm-none-eabi/7.3.1/../../../../arm-none-eabi/lib/thumb/v7e-m/fpv4-sp/hard/libc_nano.a(lib_a-sbrkr.o)
 .ARM.attributes
                0x0000000000000bb1       0x20 /home/jon/KODMOD/EMBEDDED_TOOLCHAINS/gcc-arm-none-eabi-7-2018-q2-update/bin/../lib/gcc/arm-none-eabi/7.3.1/../../../../arm-none-eabi/lib/thumb/v7e-m/fpv4-sp/hard/libc_nano.a(lib_a-memchr.o)
 .ARM.attributes
                0x0000000000000bd1       0x34 /home/jon/KODMOD/EMBEDDED_TOOLCHAINS/gcc-arm-none-eabi-7-2018-q2-update/bin/../lib/gcc/arm-none-eabi/7.3.1/../../../../arm-none-eabi/lib/thumb/v7e-m/fpv4-sp/hard/libc_nano.a(lib_a-memcpy-stub.o)
 .ARM.attributes
                0x0000000000000c05       0x34 /home/jon/KODMOD/EMBEDDED_TOOLCHAINS/gcc-arm-none-eabi-7-2018-q2-update/bin/../lib/gcc/arm-none-eabi/7.3.1/../../../../arm-none-eabi/lib/thumb/v7e-m/fpv4-sp/hard/libc_nano.a(lib_a-memmove.o)
 .ARM.attributes
                0x0000000000000c39       0x34 /home/jon/KODMOD/EMBEDDED_TOOLCHAINS/gcc-arm-none-eabi-7-2018-q2-update/bin/../lib/gcc/arm-none-eabi/7.3.1/../../../../arm-none-eabi/lib/thumb/v7e-m/fpv4-sp/hard/libc_nano.a(lib_a-mlock.o)
 .ARM.attributes
                0x0000000000000c6d       0x34 /home/jon/KODMOD/EMBEDDED_TOOLCHAINS/gcc-arm-none-eabi-7-2018-q2-update/bin/../lib/gcc/arm-none-eabi/7.3.1/../../../../arm-none-eabi/lib/thumb/v7e-m/fpv4-sp/hard/libc_nano.a(lib_a-nano-reallocr.o)
 .ARM.attributes
                0x0000000000000ca1       0x34 /home/jon/KODMOD/EMBEDDED_TOOLCHAINS/gcc-arm-none-eabi-7-2018-q2-update/bin/../lib/gcc/arm-none-eabi/7.3.1/../../../../arm-none-eabi/lib/thumb/v7e-m/fpv4-sp/hard/libc_nano.a(lib_a-reent.o)
 .ARM.attributes
                0x0000000000000cd5       0x34 /home/jon/KODMOD/EMBEDDED_TOOLCHAINS/gcc-arm-none-eabi-7-2018-q2-update/bin/../lib/gcc/arm-none-eabi/7.3.1/../../../../arm-none-eabi/lib/thumb/v7e-m/fpv4-sp/hard/libc_nano.a(lib_a-nano-msizer.o)
 .ARM.attributes
                0x0000000000000d09       0x34 /home/jon/KODMOD/EMBEDDED_TOOLCHAINS/gcc-arm-none-eabi-7-2018-q2-update/bin/../lib/gcc/arm-none-eabi/7.3.1/../../../../arm-none-eabi/lib/thumb/v7e-m/fpv4-sp/hard/libm.a(lib_a-w_fmod.o)
 .ARM.attributes
                0x0000000000000d3d       0x34 /home/jon/KODMOD/EMBEDDED_TOOLCHAINS/gcc-arm-none-eabi-7-2018-q2-update/bin/../lib/gcc/arm-none-eabi/7.3.1/../../../../arm-none-eabi/lib/thumb/v7e-m/fpv4-sp/hard/libm.a(lib_a-e_fmod.o)
 .ARM.attributes
                0x0000000000000d71       0x34 /home/jon/KODMOD/EMBEDDED_TOOLCHAINS/gcc-arm-none-eabi-7-2018-q2-update/bin/../lib/gcc/arm-none-eabi/7.3.1/../../../../arm-none-eabi/lib/thumb/v7e-m/fpv4-sp/hard/libm.a(lib_a-s_lib_ver.o)
 .ARM.attributes
                0x0000000000000da5       0x34 /home/jon/KODMOD/EMBEDDED_TOOLCHAINS/gcc-arm-none-eabi-7-2018-q2-update/bin/../lib/gcc/arm-none-eabi/7.3.1/../../../../arm-none-eabi/lib/thumb/v7e-m/fpv4-sp/hard/libm.a(lib_a-s_matherr.o)
 .ARM.attributes
                0x0000000000000dd9       0x34 /home/jon/KODMOD/EMBEDDED_TOOLCHAINS/gcc-arm-none-eabi-7-2018-q2-update/bin/../lib/gcc/arm-none-eabi/7.3.1/../../../../arm-none-eabi/lib/thumb/v7e-m/fpv4-sp/hard/libnosys.a(sbrk.o)
 .ARM.attributes
                0x0000000000000e0d       0x22 /home/jon/KODMOD/EMBEDDED_TOOLCHAINS/gcc-arm-none-eabi-7-2018-q2-update/bin/../lib/gcc/arm-none-eabi/7.3.1/thumb/v7e-m/fpv4-sp/hard/libgcc.a(_arm_addsubdf3.o)
 .ARM.attributes
                0x0000000000000e2f       0x22 /home/jon/KODMOD/EMBEDDED_TOOLCHAINS/gcc-arm-none-eabi-7-2018-q2-update/bin/../lib/gcc/arm-none-eabi/7.3.1/thumb/v7e-m/fpv4-sp/hard/libgcc.a(_arm_muldivdf3.o)
 .ARM.attributes
                0x0000000000000e51       0x22 /home/jon/KODMOD/EMBEDDED_TOOLCHAINS/gcc-arm-none-eabi-7-2018-q2-update/bin/../lib/gcc/arm-none-eabi/7.3.1/thumb/v7e-m/fpv4-sp/hard/libgcc.a(_arm_cmpdf2.o)
 .ARM.attributes
                0x0000000000000e73       0x22 /home/jon/KODMOD/EMBEDDED_TOOLCHAINS/gcc-arm-none-eabi-7-2018-q2-update/bin/../lib/gcc/arm-none-eabi/7.3.1/thumb/v7e-m/fpv4-sp/hard/libgcc.a(_arm_unorddf2.o)
 .ARM.attributes
                0x0000000000000e95       0x22 /home/jon/KODMOD/EMBEDDED_TOOLCHAINS/gcc-arm-none-eabi-7-2018-q2-update/bin/../lib/gcc/arm-none-eabi/7.3.1/thumb/v7e-m/fpv4-sp/hard/libgcc.a(_arm_fixdfsi.o)
 .ARM.attributes
                0x0000000000000eb7       0x22 /home/jon/KODMOD/EMBEDDED_TOOLCHAINS/gcc-arm-none-eabi-7-2018-q2-update/bin/../lib/gcc/arm-none-eabi/7.3.1/thumb/v7e-m/fpv4-sp/hard/libgcc.a(_arm_fixunsdfsi.o)
 .ARM.attributes
                0x0000000000000ed9       0x34 /home/jon/KODMOD/EMBEDDED_TOOLCHAINS/gcc-arm-none-eabi-7-2018-q2-update/bin/../lib/gcc/arm-none-eabi/7.3.1/../../../../arm-none-eabi/lib/thumb/v7e-m/fpv4-sp/hard/libc_nano.a(lib_a-errno.o)
 .ARM.attributes
                0x0000000000000f0d       0x22 /home/jon/KODMOD/EMBEDDED_TOOLCHAINS/gcc-arm-none-eabi-7-2018-q2-update/bin/../lib/gcc/arm-none-eabi/7.3.1/thumb/v7e-m/fpv4-sp/hard/crtn.o
OUTPUT(build/board_bringup.elf elf32-littlearm)

.debug_info     0x0000000000000000    0x357ab
 .debug_info    0x0000000000000000     0x1e71 build/main.o
 .debug_info    0x0000000000001e71      0x7cd build/gpio.o
 .debug_info    0x000000000000263e      0xb40 build/stm32l4xx_it.o
 .debug_info    0x000000000000317e      0x541 build/stm32l4xx_hal_msp.o
 .debug_info    0x00000000000036bf     0x36f3 build/stm32l4xx_hal_tim.o
 .debug_info    0x0000000000006db2     0x192a build/stm32l4xx_hal_tim_ex.o
 .debug_info    0x00000000000086dc      0xdd2 build/stm32l4xx_hal.o
 .debug_info    0x00000000000094ae     0x3d1d build/stm32l4xx_hal_i2c.o
 .debug_info    0x000000000000d1cb      0xc60 build/stm32l4xx_hal_i2c_ex.o
 .debug_info    0x000000000000de2b     0x1099 build/stm32l4xx_hal_rcc.o
 .debug_info    0x000000000000eec4     0x1438 build/stm32l4xx_hal_rcc_ex.o
 .debug_info    0x00000000000102fc      0xa6b build/stm32l4xx_hal_gpio.o
 .debug_info    0x0000000000010d67      0x9ed build/stm32l4xx_hal_dma.o
 .debug_info    0x0000000000011754      0xcba build/stm32l4xx_hal_pwr_ex.o
 .debug_info    0x000000000001240e     0x119a build/stm32l4xx_hal_cortex.o
 .debug_info    0x00000000000135a8      0x7a3 build/system_stm32l4xx.o
 .debug_info    0x0000000000013d4b      0xfb2 build/adc.o
 .debug_info    0x0000000000014cfd      0xe5e build/i2c.o
 .debug_info    0x0000000000015b5b     0x2d25 build/stm32l4xx_hal_adc.o
 .debug_info    0x0000000000018880     0x26ee build/stm32l4xx_hal_adc_ex.o
 .debug_info    0x000000000001af6e     0x1e33 build/stm32l4xx_ll_usb.o
 .debug_info    0x000000000001cda1     0x11fa build/usb_device.o
 .debug_info    0x000000000001df9b     0x2aa1 build/usbd_conf.o
 .debug_info    0x0000000000020a3c     0x1130 build/usbd_desc.o
 .debug_info    0x0000000000021b6c     0x1401 build/usbd_cdc_if.o
 .debug_info    0x0000000000022f6d     0x1aa0 build/stm32l4xx_hal_pcd.o
 .debug_info    0x0000000000024a0d      0xbe6 build/stm32l4xx_hal_pcd_ex.o
 .debug_info    0x00000000000255f3     0x1874 build/usbd_core.o
 .debug_info    0x0000000000026e67     0x1b8f build/usbd_ctlreq.o
 .debug_info    0x00000000000289f6     0x12f3 build/usbd_ioreq.o
 .debug_info    0x0000000000029ce9     0x1ea4 build/usbd_cdc.o
 .debug_info    0x000000000002bb8d     0x1e05 build/shell.o
 .debug_info    0x000000000002d992     0x1a26 build/addressable_led_manager.o
 .debug_info    0x000000000002f3b8     0x11dc build/utils.o
 .debug_info    0x0000000000030594      0x79f build/dma.o
 .debug_info    0x0000000000030d33      0xea9 build/tim.o
 .debug_info    0x0000000000031bdc     0x1742 build/random_fade_animation.o
 .debug_info    0x000000000003331e     0x19b3 build/random_triangles_animation.o
 .debug_info    0x0000000000034cd1      0xab8 build/color.o
 .debug_info    0x0000000000035789       0x22 build/startup_stm32l476xx.o

.debug_abbrev   0x0000000000000000     0x5cb0
 .debug_abbrev  0x0000000000000000      0x279 build/main.o
 .debug_abbrev  0x0000000000000279      0x162 build/gpio.o
 .debug_abbrev  0x00000000000003db      0x190 build/stm32l4xx_it.o
 .debug_abbrev  0x000000000000056b      0x124 build/stm32l4xx_hal_msp.o
 .debug_abbrev  0x000000000000068f      0x274 build/stm32l4xx_hal_tim.o
 .debug_abbrev  0x0000000000000903      0x26d build/stm32l4xx_hal_tim_ex.o
 .debug_abbrev  0x0000000000000b70      0x223 build/stm32l4xx_hal.o
 .debug_abbrev  0x0000000000000d93      0x2ab build/stm32l4xx_hal_i2c.o
 .debug_abbrev  0x000000000000103e      0x1b8 build/stm32l4xx_hal_i2c_ex.o
 .debug_abbrev  0x00000000000011f6      0x255 build/stm32l4xx_hal_rcc.o
 .debug_abbrev  0x000000000000144b      0x280 build/stm32l4xx_hal_rcc_ex.o
 .debug_abbrev  0x00000000000016cb      0x213 build/stm32l4xx_hal_gpio.o
 .debug_abbrev  0x00000000000018de      0x24f build/stm32l4xx_hal_dma.o
 .debug_abbrev  0x0000000000001b2d      0x20f build/stm32l4xx_hal_pwr_ex.o
 .debug_abbrev  0x0000000000001d3c      0x33d build/stm32l4xx_hal_cortex.o
 .debug_abbrev  0x0000000000002079      0x14f build/system_stm32l4xx.o
 .debug_abbrev  0x00000000000021c8      0x1ca build/adc.o
 .debug_abbrev  0x0000000000002392      0x1d5 build/i2c.o
 .debug_abbrev  0x0000000000002567      0x2ca build/stm32l4xx_hal_adc.o
 .debug_abbrev  0x0000000000002831      0x348 build/stm32l4xx_hal_adc_ex.o
 .debug_abbrev  0x0000000000002b79      0x2dc build/stm32l4xx_ll_usb.o
 .debug_abbrev  0x0000000000002e55      0x1fe build/usb_device.o
 .debug_abbrev  0x0000000000003053      0x34b build/usbd_conf.o
 .debug_abbrev  0x000000000000339e      0x2a9 build/usbd_desc.o
 .debug_abbrev  0x0000000000003647      0x2c5 build/usbd_cdc_if.o
 .debug_abbrev  0x000000000000390c      0x2ad build/stm32l4xx_hal_pcd.o
 .debug_abbrev  0x0000000000003bb9      0x265 build/stm32l4xx_hal_pcd_ex.o
 .debug_abbrev  0x0000000000003e1e      0x2c6 build/usbd_core.o
 .debug_abbrev  0x00000000000040e4      0x325 build/usbd_ctlreq.o
 .debug_abbrev  0x0000000000004409      0x1f7 build/usbd_ioreq.o
 .debug_abbrev  0x0000000000004600      0x351 build/usbd_cdc.o
 .debug_abbrev  0x0000000000004951      0x2cc build/shell.o
 .debug_abbrev  0x0000000000004c1d      0x355 build/addressable_led_manager.o
 .debug_abbrev  0x0000000000004f72      0x1fc build/utils.o
 .debug_abbrev  0x000000000000516e      0x15c build/dma.o
 .debug_abbrev  0x00000000000052ca      0x1ec build/tim.o
 .debug_abbrev  0x00000000000054b6      0x2d6 build/random_fade_animation.o
 .debug_abbrev  0x000000000000578c      0x319 build/random_triangles_animation.o
 .debug_abbrev  0x0000000000005aa5      0x1f9 build/color.o
 .debug_abbrev  0x0000000000005c9e       0x12 build/startup_stm32l476xx.o

.debug_loc      0x0000000000000000    0x1c2a9
 .debug_loc     0x0000000000000000       0x59 build/main.o