Archive member included to satisfy reference by file (symbol)

/home/jon/KODMOD/EMBEDDED_TOOLCHAINS/gcc-arm-none-eabi-7-2018-q2-update/bin/../lib/gcc/arm-none-eabi/7.3.1/../../../../arm-none-eabi/lib/thumb/v7e-m/fpv4-sp/hard/libc_nano.a(lib_a-exit.o)
                              /home/jon/KODMOD/EMBEDDED_TOOLCHAINS/gcc-arm-none-eabi-7-2018-q2-update/bin/../lib/gcc/arm-none-eabi/7.3.1/../../../../arm-none-eabi/lib/thumb/v7e-m/fpv4-sp/hard/crt0.o (exit)
/home/jon/KODMOD/EMBEDDED_TOOLCHAINS/gcc-arm-none-eabi-7-2018-q2-update/bin/../lib/gcc/arm-none-eabi/7.3.1/../../../../arm-none-eabi/lib/thumb/v7e-m/fpv4-sp/hard/libc_nano.a(lib_a-impure.o)
                              /home/jon/KODMOD/EMBEDDED_TOOLCHAINS/gcc-arm-none-eabi-7-2018-q2-update/bin/../lib/gcc/arm-none-eabi/7.3.1/../../../../arm-none-eabi/lib/thumb/v7e-m/fpv4-sp/hard/libc_nano.a(lib_a-exit.o) (_global_impure_ptr)
/home/jon/KODMOD/EMBEDDED_TOOLCHAINS/gcc-arm-none-eabi-7-2018-q2-update/bin/../lib/gcc/arm-none-eabi/7.3.1/../../../../arm-none-eabi/lib/thumb/v7e-m/fpv4-sp/hard/libc_nano.a(lib_a-init.o)
                              /home/jon/KODMOD/EMBEDDED_TOOLCHAINS/gcc-arm-none-eabi-7-2018-q2-update/bin/../lib/gcc/arm-none-eabi/7.3.1/../../../../arm-none-eabi/lib/thumb/v7e-m/fpv4-sp/hard/crt0.o (__libc_init_array)
/home/jon/KODMOD/EMBEDDED_TOOLCHAINS/gcc-arm-none-eabi-7-2018-q2-update/bin/../lib/gcc/arm-none-eabi/7.3.1/../../../../arm-none-eabi/lib/thumb/v7e-m/fpv4-sp/hard/libc_nano.a(lib_a-memset.o)
                              /home/jon/KODMOD/EMBEDDED_TOOLCHAINS/gcc-arm-none-eabi-7-2018-q2-update/bin/../lib/gcc/arm-none-eabi/7.3.1/../../../../arm-none-eabi/lib/thumb/v7e-m/fpv4-sp/hard/crt0.o (memset)
/home/jon/KODMOD/EMBEDDED_TOOLCHAINS/gcc-arm-none-eabi-7-2018-q2-update/bin/../lib/gcc/arm-none-eabi/7.3.1/../../../../arm-none-eabi/lib/thumb/v7e-m/fpv4-sp/hard/libnosys.a(_exit.o)
                              /home/jon/KODMOD/EMBEDDED_TOOLCHAINS/gcc-arm-none-eabi-7-2018-q2-update/bin/../lib/gcc/arm-none-eabi/7.3.1/../../../../arm-none-eabi/lib/thumb/v7e-m/fpv4-sp/hard/libc_nano.a(lib_a-exit.o) (_exit)
/home/jon/KODMOD/EMBEDDED_TOOLCHAINS/gcc-arm-none-eabi-7-2018-q2-update/bin/../lib/gcc/arm-none-eabi/7.3.1/thumb/v7e-m/fpv4-sp/hard/libgcc.a(_aeabi_uldivmod.o)
                              build/stm32l4xx_hal_uart.o (__aeabi_uldivmod)
/home/jon/KODMOD/EMBEDDED_TOOLCHAINS/gcc-arm-none-eabi-7-2018-q2-update/bin/../lib/gcc/arm-none-eabi/7.3.1/thumb/v7e-m/fpv4-sp/hard/libgcc.a(_udivmoddi4.o)
                              /home/jon/KODMOD/EMBEDDED_TOOLCHAINS/gcc-arm-none-eabi-7-2018-q2-update/bin/../lib/gcc/arm-none-eabi/7.3.1/thumb/v7e-m/fpv4-sp/hard/libgcc.a(_aeabi_uldivmod.o) (__udivmoddi4)
/home/jon/KODMOD/EMBEDDED_TOOLCHAINS/gcc-arm-none-eabi-7-2018-q2-update/bin/../lib/gcc/arm-none-eabi/7.3.1/thumb/v7e-m/fpv4-sp/hard/libgcc.a(_dvmd_tls.o)
                              /home/jon/KODMOD/EMBEDDED_TOOLCHAINS/gcc-arm-none-eabi-7-2018-q2-update/bin/../lib/gcc/arm-none-eabi/7.3.1/thumb/v7e-m/fpv4-sp/hard/libgcc.a(_aeabi_uldivmod.o) (__aeabi_ldiv0)

Allocating common symbols
Common symbol       size              file

uwTick              0x4               build/stm32l4xx_hal.o
htim3               0x40              build/tim.o
MICROSECOND_PRESCALER
                    0x4               build/addressable_led_driver.o
hdma_tim3_ch4_up    0x48              build/tim.o
htim2               0x40              build/tim.o
huart2              0x80              build/usart.o
MILLISECOND_PRESCALER
                    0x4               build/addressable_led_driver.o

Discarded input sections

 .text          0x0000000000000000        0x0 /home/jon/KODMOD/EMBEDDED_TOOLCHAINS/gcc-arm-none-eabi-7-2018-q2-update/bin/../lib/gcc/arm-none-eabi/7.3.1/thumb/v7e-m/fpv4-sp/hard/crti.o
 .data          0x0000000000000000        0x0 /home/jon/KODMOD/EMBEDDED_TOOLCHAINS/gcc-arm-none-eabi-7-2018-q2-update/bin/../lib/gcc/arm-none-eabi/7.3.1/thumb/v7e-m/fpv4-sp/hard/crti.o
 .bss           0x0000000000000000        0x0 /home/jon/KODMOD/EMBEDDED_TOOLCHAINS/gcc-arm-none-eabi-7-2018-q2-update/bin/../lib/gcc/arm-none-eabi/7.3.1/thumb/v7e-m/fpv4-sp/hard/crti.o
 .data          0x0000000000000000        0x4 /home/jon/KODMOD/EMBEDDED_TOOLCHAINS/gcc-arm-none-eabi-7-2018-q2-update/bin/../lib/gcc/arm-none-eabi/7.3.1/thumb/v7e-m/fpv4-sp/hard/crtbegin.o
 .text          0x0000000000000000       0x74 /home/jon/KODMOD/EMBEDDED_TOOLCHAINS/gcc-arm-none-eabi-7-2018-q2-update/bin/../lib/gcc/arm-none-eabi/7.3.1/../../../../arm-none-eabi/lib/thumb/v7e-m/fpv4-sp/hard/crt0.o
 .data          0x0000000000000000        0x0 /home/jon/KODMOD/EMBEDDED_TOOLCHAINS/gcc-arm-none-eabi-7-2018-q2-update/bin/../lib/gcc/arm-none-eabi/7.3.1/../../../../arm-none-eabi/lib/thumb/v7e-m/fpv4-sp/hard/crt0.o
 .bss           0x0000000000000000        0x0 /home/jon/KODMOD/EMBEDDED_TOOLCHAINS/gcc-arm-none-eabi-7-2018-q2-update/bin/../lib/gcc/arm-none-eabi/7.3.1/../../../../arm-none-eabi/lib/thumb/v7e-m/fpv4-sp/hard/crt0.o
[...]
Memory Configuration

Name             Origin             Length             Attributes
RAM              0x0000000020000000 0x0000000000028000 xrw
FLASH            0x0000000008000000 0x0000000000080000 xr
*default*        0x0000000000000000 0xffffffffffffffff

Linker script and memory map

LOAD /home/jon/KODMOD/EMBEDDED_TOOLCHAINS/gcc-arm-none-eabi-7-2018-q2-update/bin/../lib/gcc/arm-none-eabi/7.3.1/thumb/v7e-m/fpv4-sp/hard/crti.o
LOAD /home/jon/KODMOD/EMBEDDED_TOOLCHAINS/gcc-arm-none-eabi-7-2018-q2-update/bin/../lib/gcc/arm-none-eabi/7.3.1/thumb/v7e-m/fpv4-sp/hard/crtbegin.o
LOAD /home/jon/KODMOD/EMBEDDED_TOOLCHAINS/gcc-arm-none-eabi-7-2018-q2-update/bin/../lib/gcc/arm-none-eabi/7.3.1/../../../../arm-none-eabi/lib/thumb/v7e-m/fpv4-sp/hard/crt0.o
LOAD build/main.o
LOAD build/gpio.o
LOAD build/dma.o
LOAD build/tim.o
LOAD build/usart.o
LOAD build/stm32l4xx_it.o
LOAD build/stm32l4xx_hal_msp.o
LOAD build/stm32l4xx_hal_tim.o
LOAD build/stm32l4xx_hal_tim_ex.o
LOAD build/stm32l4xx_hal.o
LOAD build/stm32l4xx_hal_i2c.o
LOAD build/stm32l4xx_hal_i2c_ex.o
LOAD build/stm32l4xx_hal_rcc.o
LOAD build/stm32l4xx_hal_rcc_ex.o
LOAD build/stm32l4xx_hal_flash.o
LOAD build/stm32l4xx_hal_flash_ex.o
LOAD build/stm32l4xx_hal_flash_ramfunc.o
LOAD build/stm32l4xx_hal_gpio.o
LOAD build/stm32l4xx_hal_dma.o
LOAD build/stm32l4xx_hal_dma_ex.o
LOAD build/stm32l4xx_hal_pwr.o
LOAD build/stm32l4xx_hal_pwr_ex.o
LOAD build/stm32l4xx_hal_cortex.o
LOAD build/stm32l4xx_hal_exti.o
LOAD build/stm32l4xx_hal_uart.o
LOAD build/stm32l4xx_hal_uart_ex.o
LOAD build/system_stm32l4xx.o
LOAD build/addressable_led_driver.o
LOAD build/led.o
LOAD build/startup_stm32l452xx.o
LOAD /home/jon/KODMOD/EMBEDDED_TOOLCHAINS/gcc-arm-none-eabi-7-2018-q2-update/bin/../lib/gcc/arm-none-eabi/7.3.1/../../../../arm-none-eabi/lib/thumb/v7e-m/fpv4-sp/hard/libc_nano.a
LOAD /home/jon/KODMOD/EMBEDDED_TOOLCHAINS/gcc-arm-none-eabi-7-2018-q2-update/bin/../lib/gcc/arm-none-eabi/7.3.1/../../../../arm-none-eabi/lib/thumb/v7e-m/fpv4-sp/hard/libm.a
LOAD /home/jon/KODMOD/EMBEDDED_TOOLCHAINS/gcc-arm-none-eabi-7-2018-q2-update/bin/../lib/gcc/arm-none-eabi/7.3.1/../../../../arm-none-eabi/lib/thumb/v7e-m/fpv4-sp/hard/libnosys.a
START GROUP
LOAD /home/jon/KODMOD/EMBEDDED_TOOLCHAINS/gcc-arm-none-eabi-7-2018-q2-update/bin/../lib/gcc/arm-none-eabi/7.3.1/thumb/v7e-m/fpv4-sp/hard/libgcc.a
LOAD /home/jon/KODMOD/EMBEDDED_TOOLCHAINS/gcc-arm-none-eabi-7-2018-q2-update/bin/../lib/gcc/arm-none-eabi/7.3.1/../../../../arm-none-eabi/lib/thumb/v7e-m/fpv4-sp/hard/libc_nano.a
END GROUP
START GROUP
LOAD /home/jon/KODMOD/EMBEDDED_TOOLCHAINS/gcc-arm-none-eabi-7-2018-q2-update/bin/../lib/gcc/arm-none-eabi/7.3.1/thumb/v7e-m/fpv4-sp/hard/libgcc.a
LOAD /home/jon/KODMOD/EMBEDDED_TOOLCHAINS/gcc-arm-none-eabi-7-2018-q2-update/bin/../lib/gcc/arm-none-eabi/7.3.1/../../../../arm-none-eabi/lib/thumb/v7e-m/fpv4-sp/hard/libc_nano.a
END GROUP
LOAD /home/jon/KODMOD/EMBEDDED_TOOLCHAINS/gcc-arm-none-eabi-7-2018-q2-update/bin/../lib/gcc/arm-none-eabi/7.3.1/thumb/v7e-m/fpv4-sp/hard/crtend.o
LOAD /home/jon/KODMOD/EMBEDDED_TOOLCHAINS/gcc-arm-none-eabi-7-2018-q2-update/bin/../lib/gcc/arm-none-eabi/7.3.1/thumb/v7e-m/fpv4-sp/hard/crtn.o
                0x0000000020028000                _estack = 0x20028000
                0x0000000000000200                _Min_Heap_Size = 0x200
                0x0000000000000400                _Min_Stack_Size = 0x400

.isr_vector     0x0000000008000000      0x198
                0x0000000008000000                . = ALIGN (0x8)
 *(.isr_vector)
 .isr_vector    0x0000000008000000      0x194 build/startup_stm32l452xx.o
                0x0000000008000000                g_pfnVectors
                0x0000000008000198                . = ALIGN (0x8)
 *fill*         0x0000000008000194        0x4 

.text           0x0000000008000198     0x2b08
                0x0000000008000198                . = ALIGN (0x8)
 *(.text)
 .text          0x0000000008000198       0x40 /home/jon/KODMOD/EMBEDDED_TOOLCHAINS/gcc-arm-none-eabi-7-2018-q2-update/bin/../lib/gcc/arm-none-eabi/7.3.1/thumb/v7e-m/fpv4-sp/hard/crtbegin.o
 .text          0x00000000080001d8       0x30 /home/jon/KODMOD/EMBEDDED_TOOLCHAINS/gcc-arm-none-eabi-7-2018-q2-update/bin/../lib/gcc/arm-none-eabi/7.3.1/thumb/v7e-m/fpv4-sp/hard/libgcc.a(_aeabi_uldivmod.o)
                0x00000000080001d8                __aeabi_uldivmod
 .text          0x0000000008000208      0x2cc /home/jon/KODMOD/EMBEDDED_TOOLCHAINS/gcc-arm-none-eabi-7-2018-q2-update/bin/../lib/gcc/arm-none-eabi/7.3.1/thumb/v7e-m/fpv4-sp/hard/libgcc.a(_udivmoddi4.o)
                0x0000000008000208                __udivmoddi4
 .text          0x00000000080004d4        0x4 /home/jon/KODMOD/EMBEDDED_TOOLCHAINS/gcc-arm-none-eabi-7-2018-q2-update/bin/../lib/gcc/arm-none-eabi/7.3.1/thumb/v7e-m/fpv4-sp/hard/libgcc.a(_dvmd_tls.o)
                0x00000000080004d4                __aeabi_ldiv0
                0x00000000080004d4                __aeabi_idiv0
 *(.text*)
 .text.SystemClock_Config
                0x00000000080004d8       0x78 build/main.o
                0x00000000080004d8                SystemClock_Config
 .text.main     0x0000000008000550       0x24 build/main.o
                0x0000000008000550                main
 .text.Error_Handler
                0x0000000008000574        0x2 build/main.o
                0x0000000008000574                Error_Handler
 *fill*         0x0000000008000576        0x2 
 .text.MX_GPIO_Init
                0x0000000008000578       0xa0 build/gpio.o
                0x0000000008000578                MX_GPIO_Init
 .text.MX_DMA_Init
                0x0000000008000618       0x34 build/dma.o
                0x0000000008000618                MX_DMA_Init
 .text.HAL_TIM_PWM_MspInit
                0x000000000800064c       0x26 build/tim.o
                0x000000000800064c                HAL_TIM_PWM_MspInit
 *fill*         0x0000000008000672        0x2 
 .text.HAL_TIM_Base_MspInit
                0x0000000008000674       0x6c build/tim.o
                0x0000000008000674                HAL_TIM_Base_MspInit
 .text.HAL_TIM_MspPostInit
                0x00000000080006e0       0xb0 build/tim.o
                0x00000000080006e0                HAL_TIM_MspPostInit
 .text.MX_TIM2_Init
                0x0000000008000790       0xa0 build/tim.o
                0x0000000008000790                MX_TIM2_Init
 .text.MX_TIM3_Init
                0x0000000008000830       0xb0 build/tim.o
                0x0000000008000830                MX_TIM3_Init
 .text.MX_USART2_UART_Init
                0x00000000080008e0       0x38 build/usart.o
                0x00000000080008e0                MX_USART2_UART_Init
 .text.HAL_UART_MspInit
                0x0000000008000918       0x68 build/usart.o
                0x0000000008000918                HAL_UART_MspInit
 .text.NMI_Handler
                0x0000000008000980        0x2 build/stm32l4xx_it.o
                0x0000000008000980                NMI_Handler
 .text.HardFault_Handler
                0x0000000008000982        0x2 build/stm32l4xx_it.o
                0x0000000008000982                HardFault_Handler
 .text.MemManage_Handler
                0x0000000008000984        0x2 build/stm32l4xx_it.o
                0x0000000008000984                MemManage_Handler
 .text.BusFault_Handler
                0x0000000008000986        0x2 build/stm32l4xx_it.o
                0x0000000008000986                BusFault_Handler
 .text.UsageFault_Handler
                0x0000000008000988        0x2 build/stm32l4xx_it.o
                0x0000000008000988                UsageFault_Handler
 .text.SVC_Handler
                0x000000000800098a        0x2 build/stm32l4xx_it.o
                0x000000000800098a                SVC_Handler
 .text.DebugMon_Handler
                0x000000000800098c        0x2 build/stm32l4xx_it.o
                0x000000000800098c                DebugMon_Handler
 .text.PendSV_Handler
                0x000000000800098e        0x2 build/stm32l4xx_it.o
                0x000000000800098e                PendSV_Handler
 .text.SysTick_Handler
                0x0000000008000990        0x8 build/stm32l4xx_it.o
                0x0000000008000990                SysTick_Handler
 .text.DMA1_Channel3_IRQHandler
                0x0000000008000998       0x10 build/stm32l4xx_it.o
                0x0000000008000998                DMA1_Channel3_IRQHandler
 .text.HAL_MspInit
                0x00000000080009a8       0x30 build/stm32l4xx_hal_msp.o
                0x00000000080009a8                HAL_MspInit
 .text.TIM_OC1_SetConfig
                0x00000000080009d8       0x7c build/stm32l4xx_hal_tim.o
 .text.TIM_OC3_SetConfig
                0x0000000008000a54       0x74 build/stm32l4xx_hal_tim.o
 .text.TIM_OC4_SetConfig
                0x0000000008000ac8       0x5c build/stm32l4xx_hal_tim.o
 .text.TIM_OC5_SetConfig
                0x0000000008000b24       0x58 build/stm32l4xx_hal_tim.o
 .text.TIM_OC6_SetConfig
                0x0000000008000b7c       0x5c build/stm32l4xx_hal_tim.o
 .text.TIM_TI1_ConfigInputStage
                0x0000000008000bd8       0x26 build/stm32l4xx_hal_tim.o
 .text.TIM_TI2_ConfigInputStage
                0x0000000008000bfe       0x28 build/stm32l4xx_hal_tim.o
 .text.TIM_ITRx_SetConfig
                0x0000000008000c26       0x10 build/stm32l4xx_hal_tim.o
 *fill*         0x0000000008000c36        0x2 
 .text.TIM_Base_SetConfig
                0x0000000008000c38       0x80 build/stm32l4xx_hal_tim.o
                0x0000000008000c38                TIM_Base_SetConfig
 .text.HAL_TIM_Base_Init
                0x0000000008000cb8       0x32 build/stm32l4xx_hal_tim.o
                0x0000000008000cb8                HAL_TIM_Base_Init
 .text.HAL_TIM_PWM_Init
                0x0000000008000cea       0x32 build/stm32l4xx_hal_tim.o
                0x0000000008000cea                HAL_TIM_PWM_Init
 .text.TIM_OC2_SetConfig
                0x0000000008000d1c       0x78 build/stm32l4xx_hal_tim.o
                0x0000000008000d1c                TIM_OC2_SetConfig
 .text.HAL_TIM_PWM_ConfigChannel
                0x0000000008000d94      0x134 build/stm32l4xx_hal_tim.o
                0x0000000008000d94                HAL_TIM_PWM_ConfigChannel
 .text.TIM_ETR_SetConfig
                0x0000000008000ec8       0x18 build/stm32l4xx_hal_tim.o
                0x0000000008000ec8                TIM_ETR_SetConfig
 .text.HAL_TIM_ConfigClockSource
                0x0000000008000ee0       0xdc build/stm32l4xx_hal_tim.o
                0x0000000008000ee0                HAL_TIM_ConfigClockSource
 .text.HAL_TIMEx_MasterConfigSynchronization
                0x0000000008000fbc       0x78 build/stm32l4xx_hal_tim_ex.o
                0x0000000008000fbc                HAL_TIMEx_MasterConfigSynchronization
 .text.HAL_InitTick
                0x0000000008001034       0x50 build/stm32l4xx_hal.o
                0x0000000008001034                HAL_InitTick
 .text.HAL_Init
                0x0000000008001084       0x2c build/stm32l4xx_hal.o
                0x0000000008001084                HAL_Init
 .text.HAL_IncTick
                0x00000000080010b0       0x18 build/stm32l4xx_hal.o
                0x00000000080010b0                HAL_IncTick
 .text.HAL_GetTick
                0x00000000080010c8        0xc build/stm32l4xx_hal.o
                0x00000000080010c8                HAL_GetTick
 .text.RCC_SetFlashLatencyFromMSIRange
                0x00000000080010d4       0x90 build/stm32l4xx_hal_rcc.o
 .text.HAL_RCC_GetSysClockFreq
                0x0000000008001164       0xb4 build/stm32l4xx_hal_rcc.o
                0x0000000008001164                HAL_RCC_GetSysClockFreq
 .text.HAL_RCC_OscConfig
                0x0000000008001218      0x68c build/stm32l4xx_hal_rcc.o
                0x0000000008001218                HAL_RCC_OscConfig
 .text.HAL_RCC_ClockConfig
                0x00000000080018a4      0x158 build/stm32l4xx_hal_rcc.o
                0x00000000080018a4                HAL_RCC_ClockConfig
 .text.HAL_RCC_GetHCLKFreq
                0x00000000080019fc        0xc build/stm32l4xx_hal_rcc.o
                0x00000000080019fc                HAL_RCC_GetHCLKFreq
 .text.HAL_RCC_GetPCLK1Freq
                0x0000000008001a08       0x24 build/stm32l4xx_hal_rcc.o
                0x0000000008001a08                HAL_RCC_GetPCLK1Freq
 .text.HAL_RCC_GetPCLK2Freq
                0x0000000008001a2c       0x24 build/stm32l4xx_hal_rcc.o
                0x0000000008001a2c                HAL_RCC_GetPCLK2Freq
 .text.RCCEx_PLLSAI1_Config
                0x0000000008001a50      0x16c build/stm32l4xx_hal_rcc_ex.o
 .text.HAL_RCCEx_PeriphCLKConfig
                0x0000000008001bbc      0x398 build/stm32l4xx_hal_rcc_ex.o
                0x0000000008001bbc                HAL_RCCEx_PeriphCLKConfig
 .text.HAL_GPIO_Init
                0x0000000008001f54      0x194 build/stm32l4xx_hal_gpio.o
                0x0000000008001f54                HAL_GPIO_Init
 .text.HAL_GPIO_WritePin
                0x00000000080020e8        0xa build/stm32l4xx_hal_gpio.o
                0x00000000080020e8                HAL_GPIO_WritePin
 *fill*         0x00000000080020f2        0x2 
 .text.HAL_DMA_Init
                0x00000000080020f4       0xf8 build/stm32l4xx_hal_dma.o
                0x00000000080020f4                HAL_DMA_Init
 .text.HAL_DMA_IRQHandler
                0x00000000080021ec       0xc4 build/stm32l4xx_hal_dma.o
                0x00000000080021ec                HAL_DMA_IRQHandler
 .text.HAL_PWREx_GetVoltageRange
                0x00000000080022b0       0x10 build/stm32l4xx_hal_pwr_ex.o
                0x00000000080022b0                HAL_PWREx_GetVoltageRange
 .text.HAL_PWREx_ControlVoltageScaling
                0x00000000080022c0       0x90 build/stm32l4xx_hal_pwr_ex.o
                0x00000000080022c0                HAL_PWREx_ControlVoltageScaling
 .text.HAL_NVIC_SetPriorityGrouping
                0x0000000008002350       0x24 build/stm32l4xx_hal_cortex.o
                0x0000000008002350                HAL_NVIC_SetPriorityGrouping
 .text.HAL_NVIC_SetPriority
                0x0000000008002374       0x68 build/stm32l4xx_hal_cortex.o
                0x0000000008002374                HAL_NVIC_SetPriority
 .text.HAL_NVIC_EnableIRQ
                0x00000000080023dc       0x1c build/stm32l4xx_hal_cortex.o
                0x00000000080023dc                HAL_NVIC_EnableIRQ
 .text.HAL_SYSTICK_Config
                0x00000000080023f8       0x2c build/stm32l4xx_hal_cortex.o
                0x00000000080023f8                HAL_SYSTICK_Config
 .text.UART_SetConfig
                0x0000000008002424      0x3e4 build/stm32l4xx_hal_uart.o
                0x0000000008002424                UART_SetConfig
 .text.UART_AdvFeatureConfig
                0x0000000008002808       0xca build/stm32l4xx_hal_uart.o
                0x0000000008002808                UART_AdvFeatureConfig
 .text.UART_WaitOnFlagUntilTimeout
                0x00000000080028d2       0x9c build/stm32l4xx_hal_uart.o
                0x00000000080028d2                UART_WaitOnFlagUntilTimeout
 .text.UART_CheckIdleState
                0x000000000800296e       0x6c build/stm32l4xx_hal_uart.o
                0x000000000800296e                UART_CheckIdleState
 .text.HAL_UART_Init
                0x00000000080029da       0x62 build/stm32l4xx_hal_uart.o
                0x00000000080029da                HAL_UART_Init
 .text.SystemInit
                0x0000000008002a3c       0x48 build/system_stm32l4xx.o
                0x0000000008002a3c                SystemInit
 .text.AddrLED_Init
                0x0000000008002a84      0x154 build/addressable_led_driver.o
                0x0000000008002a84                AddrLED_Init
 .text.Reset_Handler
                0x0000000008002bd8       0x50 build/startup_stm32l452xx.o
                0x0000000008002bd8                Reset_Handler
 .text.Default_Handler
                0x0000000008002c28        0x2 build/startup_stm32l452xx.o
                0x0000000008002c28                RTC_Alarm_IRQHandler
                0x0000000008002c28                EXTI2_IRQHandler
                0x0000000008002c28                TIM1_CC_IRQHandler
                0x0000000008002c28                TSC_IRQHandler
                0x0000000008002c28                TAMP_STAMP_IRQHandler
                0x0000000008002c28                EXTI3_IRQHandler
                0x0000000008002c28                LPTIM2_IRQHandler
                0x0000000008002c28                DFSDM1_FLT1_IRQHandler
                0x0000000008002c28                I2C3_ER_IRQHandler
                0x0000000008002c28                EXTI0_IRQHandler
                0x0000000008002c28                I2C2_EV_IRQHandler
                0x0000000008002c28                CAN1_RX0_IRQHandler
                0x0000000008002c28                FPU_IRQHandler
                0x0000000008002c28                TIM1_UP_TIM16_IRQHandler
                0x0000000008002c28                SPI1_IRQHandler
                0x0000000008002c28                TIM6_DAC_IRQHandler
                0x0000000008002c28                DMA2_Channel2_IRQHandler
                0x0000000008002c28                DMA1_Channel4_IRQHandler
                0x0000000008002c28                ADC1_IRQHandler
                0x0000000008002c28                USART3_IRQHandler
                0x0000000008002c28                DMA1_Channel7_IRQHandler
                0x0000000008002c28                CAN1_RX1_IRQHandler
                0x0000000008002c28                DMA2_Channel1_IRQHandler
                0x0000000008002c28                QUADSPI_IRQHandler
                0x0000000008002c28                I2C1_EV_IRQHandler
                0x0000000008002c28                DMA1_Channel6_IRQHandler
                0x0000000008002c28                UART4_IRQHandler
                0x0000000008002c28                DMA2_Channel4_IRQHandler
                0x0000000008002c28                TIM3_IRQHandler
                0x0000000008002c28                RCC_IRQHandler
                0x0000000008002c28                TIM1_TRG_COM_IRQHandler
                0x0000000008002c28                DMA1_Channel1_IRQHandler
                0x0000000008002c28                Default_Handler
                0x0000000008002c28                DMA2_Channel7_IRQHandler
                0x0000000008002c28                EXTI15_10_IRQHandler
                0x0000000008002c28                SDMMC1_IRQHandler
                0x0000000008002c28                I2C3_EV_IRQHandler
                0x0000000008002c28                USB_IRQHandler
                0x0000000008002c28                EXTI9_5_IRQHandler
                0x0000000008002c28                RTC_WKUP_IRQHandler
                0x0000000008002c28                PVD_PVM_IRQHandler
                0x0000000008002c28                SPI2_IRQHandler
                0x0000000008002c28                CAN1_TX_IRQHandler
                0x0000000008002c28                DMA2_Channel5_IRQHandler
                0x0000000008002c28                CRS_IRQHandler
                0x0000000008002c28                DMA1_Channel5_IRQHandler
                0x0000000008002c28                EXTI4_IRQHandler
                0x0000000008002c28                RNG_IRQHandler
                0x0000000008002c28                COMP_IRQHandler
                0x0000000008002c28                WWDG_IRQHandler
                0x0000000008002c28                I2C4_EV_IRQHandler
                0x0000000008002c28                LPUART1_IRQHandler
                0x0000000008002c28                DMA2_Channel6_IRQHandler
                0x0000000008002c28                TIM2_IRQHandler
                0x0000000008002c28                EXTI1_IRQHandler
                0x0000000008002c28                USART2_IRQHandler
                0x0000000008002c28                DFSDM1_FLT0_IRQHandler
                0x0000000008002c28                I2C2_ER_IRQHandler
                0x0000000008002c28                DMA1_Channel2_IRQHandler
                0x0000000008002c28                CAN1_SCE_IRQHandler
                0x0000000008002c28                FLASH_IRQHandler
                0x0000000008002c28                USART1_IRQHandler
                0x0000000008002c28                SPI3_IRQHandler
                0x0000000008002c28                I2C1_ER_IRQHandler
                0x0000000008002c28                LPTIM1_IRQHandler
                0x0000000008002c28                I2C4_ER_IRQHandler
                0x0000000008002c28                SAI1_IRQHandler
                0x0000000008002c28                DMA2_Channel3_IRQHandler
                0x0000000008002c28                TIM1_BRK_TIM15_IRQHandler
 *fill*         0x0000000008002c2a        0x2 
 .text.__libc_init_array
                0x0000000008002c2c       0x48 /home/jon/KODMOD/EMBEDDED_TOOLCHAINS/gcc-arm-none-eabi-7-2018-q2-update/bin/../lib/gcc/arm-none-eabi/7.3.1/../../../../arm-none-eabi/lib/thumb/v7e-m/fpv4-sp/hard/libc_nano.a(lib_a-init.o)
                0x0000000008002c2c                __libc_init_array
 .text.memset   0x0000000008002c74       0x10 /home/jon/KODMOD/EMBEDDED_TOOLCHAINS/gcc-arm-none-eabi-7-2018-q2-update/bin/../lib/gcc/arm-none-eabi/7.3.1/../../../../arm-none-eabi/lib/thumb/v7e-m/fpv4-sp/hard/libc_nano.a(lib_a-memset.o)
                0x0000000008002c74                memset
 *(.glue_7)
 .glue_7        0x0000000008002c84        0x0 linker stubs
 *(.glue_7t)
 .glue_7t       0x0000000008002c84        0x0 linker stubs
 *(.eh_frame)
 .eh_frame      0x0000000008002c84        0x0 /home/jon/KODMOD/EMBEDDED_TOOLCHAINS/gcc-arm-none-eabi-7-2018-q2-update/bin/../lib/gcc/arm-none-eabi/7.3.1/thumb/v7e-m/fpv4-sp/hard/crtbegin.o
 *(.init)
 .init          0x0000000008002c84        0x4 /home/jon/KODMOD/EMBEDDED_TOOLCHAINS/gcc-arm-none-eabi-7-2018-q2-update/bin/../lib/gcc/arm-none-eabi/7.3.1/thumb/v7e-m/fpv4-sp/hard/crti.o
                0x0000000008002c84                _init
 .init          0x0000000008002c88        0x8 /home/jon/KODMOD/EMBEDDED_TOOLCHAINS/gcc-arm-none-eabi-7-2018-q2-update/bin/../lib/gcc/arm-none-eabi/7.3.1/thumb/v7e-m/fpv4-sp/hard/crtn.o
 *(.fini)
 .fini          0x0000000008002c90        0x4 /home/jon/KODMOD/EMBEDDED_TOOLCHAINS/gcc-arm-none-eabi-7-2018-q2-update/bin/../lib/gcc/arm-none-eabi/7.3.1/thumb/v7e-m/fpv4-sp/hard/crti.o
                0x0000000008002c90                _fini
 .fini          0x0000000008002c94        0x8 /home/jon/KODMOD/EMBEDDED_TOOLCHAINS/gcc-arm-none-eabi-7-2018-q2-update/bin/../lib/gcc/arm-none-eabi/7.3.1/thumb/v7e-m/fpv4-sp/hard/crtn.o
                0x0000000008002ca0                . = ALIGN (0x8)
 *fill*         0x0000000008002c9c        0x4 
                0x0000000008002ca0                _etext = .

.vfp11_veneer   0x0000000008002ca0        0x0
 .vfp11_veneer  0x0000000008002ca0        0x0 linker stubs

.v4_bx          0x0000000008002ca0        0x0
 .v4_bx         0x0000000008002ca0        0x0 linker stubs

.iplt           0x0000000008002ca0        0x0
 .iplt          0x0000000008002ca0        0x0 /home/jon/KODMOD/EMBEDDED_TOOLCHAINS/gcc-arm-none-eabi-7-2018-q2-update/bin/../lib/gcc/arm-none-eabi/7.3.1/thumb/v7e-m/fpv4-sp/hard/crtbegin.o

.rodata         0x0000000008002ca0       0x50
                0x0000000008002ca0                . = ALIGN (0x8)
 *(.rodata)
 .rodata        0x0000000008002ca0        0x3 build/addressable_led_driver.o
 *(.rodata*)
 *fill*         0x0000000008002ca3        0x1 
 .rodata.AHBPrescTable
                0x0000000008002ca4       0x10 build/system_stm32l4xx.o
                0x0000000008002ca4                AHBPrescTable
 .rodata.APBPrescTable
                0x0000000008002cb4        0x8 build/system_stm32l4xx.o
                0x0000000008002cb4                APBPrescTable
 .rodata.MSIRangeTable
                0x0000000008002cbc       0x30 build/system_stm32l4xx.o
                0x0000000008002cbc                MSIRangeTable
                0x0000000008002cf0                . = ALIGN (0x8)
 *fill*         0x0000000008002cec        0x4 

.ARM.extab      0x0000000008002cf0        0x0
                0x0000000008002cf0                . = ALIGN (0x8)
 *(.ARM.extab* .gnu.linkonce.armextab.*)
                0x0000000008002cf0                . = ALIGN (0x8)

.ARM            0x0000000008002cf0        0x8
                0x0000000008002cf0                . = ALIGN (0x8)
                0x0000000008002cf0                __exidx_start = .
 *(.ARM.exidx*)
 .ARM.exidx     0x0000000008002cf0        0x8 /home/jon/KODMOD/EMBEDDED_TOOLCHAINS/gcc-arm-none-eabi-7-2018-q2-update/bin/../lib/gcc/arm-none-eabi/7.3.1/thumb/v7e-m/fpv4-sp/hard/libgcc.a(_udivmoddi4.o)
                0x0000000008002cf8                __exidx_end = .
                0x0000000008002cf8                . = ALIGN (0x8)

.rel.dyn        0x0000000008002cf8        0x0
 .rel.iplt      0x0000000008002cf8        0x0 /home/jon/KODMOD/EMBEDDED_TOOLCHAINS/gcc-arm-none-eabi-7-2018-q2-update/bin/../lib/gcc/arm-none-eabi/7.3.1/thumb/v7e-m/fpv4-sp/hard/crtbegin.o

.preinit_array  0x0000000008002cf8        0x0
                0x0000000008002cf8                . = ALIGN (0x8)
                0x0000000008002cf8                PROVIDE (__preinit_array_start = .)
 *(.preinit_array*)
                0x0000000008002cf8                PROVIDE (__preinit_array_end = .)
                0x0000000008002cf8                . = ALIGN (0x8)

.init_array     0x0000000008002cf8        0x8
                0x0000000008002cf8                . = ALIGN (0x8)
                0x0000000008002cf8                PROVIDE (__init_array_start = .)
 *(SORT_BY_NAME(.init_array.*))
 *(.init_array*)
 .init_array    0x0000000008002cf8        0x4 /home/jon/KODMOD/EMBEDDED_TOOLCHAINS/gcc-arm-none-eabi-7-2018-q2-update/bin/../lib/gcc/arm-none-eabi/7.3.1/thumb/v7e-m/fpv4-sp/hard/crtbegin.o
                0x0000000008002cfc                PROVIDE (__init_array_end = .)
                0x0000000008002d00                . = ALIGN (0x8)
 *fill*         0x0000000008002cfc        0x4 

.fini_array     0x0000000008002d00        0x8
                0x0000000008002d00                . = ALIGN (0x8)
                [!provide]                        PROVIDE (__fini_array_start = .)
 *(SORT_BY_NAME(.fini_array.*))
 *(.fini_array*)
 .fini_array    0x0000000008002d00        0x4 /home/jon/KODMOD/EMBEDDED_TOOLCHAINS/gcc-arm-none-eabi-7-2018-q2-update/bin/../lib/gcc/arm-none-eabi/7.3.1/thumb/v7e-m/fpv4-sp/hard/crtbegin.o
                [!provide]                        PROVIDE (__fini_array_end = .)
                0x0000000008002d08                . = ALIGN (0x8)
 *fill*         0x0000000008002d04        0x4 
                0x0000000008002d08                _sidata = LOADADDR (.data)

.data           0x0000000020000000       0x10 load address 0x0000000008002d08
                0x0000000020000000                . = ALIGN (0x8)
                0x0000000020000000                _sdata = .
 *(.data)
 *(.data*)
 .data.uwTickFreq
                0x0000000020000000        0x4 build/stm32l4xx_hal.o
                0x0000000020000000                uwTickFreq
 .data.uwTickPrio
                0x0000000020000004        0x4 build/stm32l4xx_hal.o
                0x0000000020000004                uwTickPrio
 .data.SystemCoreClock
                0x0000000020000008        0x4 build/system_stm32l4xx.o
                0x0000000020000008                SystemCoreClock
                0x0000000020000010                . = ALIGN (0x8)
 *fill*         0x000000002000000c        0x4 
                0x0000000020000010                _edata = .

.igot.plt       0x0000000020000010        0x0 load address 0x0000000008002d18
 .igot.plt      0x0000000020000010        0x0 /home/jon/KODMOD/EMBEDDED_TOOLCHAINS/gcc-arm-none-eabi-7-2018-q2-update/bin/../lib/gcc/arm-none-eabi/7.3.1/thumb/v7e-m/fpv4-sp/hard/crtbegin.o
                0x0000000020000010                . = ALIGN (0x4)

.bss            0x0000000020000010      0x170 load address 0x0000000008002d18
                0x0000000020000010                _sbss = .
                0x0000000020000010                __bss_start__ = _sbss
 *(.bss)
 .bss           0x0000000020000010       0x1c /home/jon/KODMOD/EMBEDDED_TOOLCHAINS/gcc-arm-none-eabi-7-2018-q2-update/bin/../lib/gcc/arm-none-eabi/7.3.1/thumb/v7e-m/fpv4-sp/hard/crtbegin.o
 *(.bss*)
 *(COMMON)
 COMMON         0x000000002000002c       0xc8 build/tim.o
                0x000000002000002c                htim3
                0x000000002000006c                hdma_tim3_ch4_up
                0x00000000200000b4                htim2
 COMMON         0x00000000200000f4       0x80 build/usart.o
                0x00000000200000f4                huart2
 COMMON         0x0000000020000174        0x4 build/stm32l4xx_hal.o
                0x0000000020000174                uwTick
 COMMON         0x0000000020000178        0x8 build/addressable_led_driver.o
                0x0000000020000178                MICROSECOND_PRESCALER
                0x000000002000017c                MILLISECOND_PRESCALER
                0x0000000020000180                . = ALIGN (0x4)
                0x0000000020000180                _ebss = .
                0x0000000020000180                __bss_end__ = _ebss

._user_heap_stack
                0x0000000020000180      0x600 load address 0x0000000008002d18
                0x0000000020000180                . = ALIGN (0x8)
                [!provide]                        PROVIDE (end = .)
                [!provide]                        PROVIDE (_end = .)
                0x0000000020000380                . = (. + _Min_Heap_Size)
 *fill*         0x0000000020000180      0x200 
                0x0000000020000780                . = (. + _Min_Stack_Size)
 *fill*         0x0000000020000380      0x400 
                0x0000000020000780                . = ALIGN (0x8)

/DISCARD/
 libc.a(*)
 libm.a(*)
 libgcc.a(*)

.ARM.attributes
                0x0000000000000000       0x30
 *(.ARM.attributes)
 .ARM.attributes
                0x0000000000000000       0x22 /home/jon/KODMOD/EMBEDDED_TOOLCHAINS/gcc-arm-none-eabi-7-2018-q2-update/bin/../lib/gcc/arm-none-eabi/7.3.1/thumb/v7e-m/fpv4-sp/hard/crti.o
 .ARM.attributes
                0x0000000000000022       0x34 /home/jon/KODMOD/EMBEDDED_TOOLCHAINS/gcc-arm-none-eabi-7-2018-q2-update/bin/../lib/gcc/arm-none-eabi/7.3.1/thumb/v7e-m/fpv4-sp/hard/crtbegin.o
 .ARM.attributes
                0x0000000000000056       0x39 build/main.o
 .ARM.attributes
                0x000000000000008f       0x39 build/gpio.o
 .ARM.attributes
                0x00000000000000c8       0x39 build/dma.o
 .ARM.attributes
                0x0000000000000101       0x39 build/tim.o
 .ARM.attributes
                0x000000000000013a       0x39 build/usart.o
 .ARM.attributes
                0x0000000000000173       0x39 build/stm32l4xx_it.o
 .ARM.attributes
                0x00000000000001ac       0x39 build/stm32l4xx_hal_msp.o
 .ARM.attributes
                0x00000000000001e5       0x39 build/stm32l4xx_hal_tim.o
 .ARM.attributes
                0x000000000000021e       0x39 build/stm32l4xx_hal_tim_ex.o
 .ARM.attributes
                0x0000000000000257       0x39 build/stm32l4xx_hal.o
 .ARM.attributes
                0x0000000000000290       0x39 build/stm32l4xx_hal_rcc.o
 .ARM.attributes
                0x00000000000002c9       0x39 build/stm32l4xx_hal_rcc_ex.o
 .ARM.attributes
                0x0000000000000302       0x39 build/stm32l4xx_hal_gpio.o
 .ARM.attributes
                0x000000000000033b       0x39 build/stm32l4xx_hal_dma.o
 .ARM.attributes
                0x0000000000000374       0x39 build/stm32l4xx_hal_pwr_ex.o
 .ARM.attributes
                0x00000000000003ad       0x39 build/stm32l4xx_hal_cortex.o
 .ARM.attributes
                0x00000000000003e6       0x39 build/stm32l4xx_hal_uart.o
 .ARM.attributes
                0x000000000000041f       0x39 build/system_stm32l4xx.o
 .ARM.attributes
                0x0000000000000458       0x39 build/addressable_led_driver.o
 .ARM.attributes
                0x0000000000000491       0x21 build/startup_stm32l452xx.o
 .ARM.attributes
                0x00000000000004b2       0x34 /home/jon/KODMOD/EMBEDDED_TOOLCHAINS/gcc-arm-none-eabi-7-2018-q2-update/bin/../lib/gcc/arm-none-eabi/7.3.1/../../../../arm-none-eabi/lib/thumb/v7e-m/fpv4-sp/hard/libc_nano.a(lib_a-init.o)
 .ARM.attributes
                0x00000000000004e6       0x34 /home/jon/KODMOD/EMBEDDED_TOOLCHAINS/gcc-arm-none-eabi-7-2018-q2-update/bin/../lib/gcc/arm-none-eabi/7.3.1/../../../../arm-none-eabi/lib/thumb/v7e-m/fpv4-sp/hard/libc_nano.a(lib_a-memset.o)
 .ARM.attributes
                0x000000000000051a       0x22 /home/jon/KODMOD/EMBEDDED_TOOLCHAINS/gcc-arm-none-eabi-7-2018-q2-update/bin/../lib/gcc/arm-none-eabi/7.3.1/thumb/v7e-m/fpv4-sp/hard/libgcc.a(_aeabi_uldivmod.o)
 .ARM.attributes
                0x000000000000053c       0x34 /home/jon/KODMOD/EMBEDDED_TOOLCHAINS/gcc-arm-none-eabi-7-2018-q2-update/bin/../lib/gcc/arm-none-eabi/7.3.1/thumb/v7e-m/fpv4-sp/hard/libgcc.a(_udivmoddi4.o)
 .ARM.attributes
                0x0000000000000570       0x22 /home/jon/KODMOD/EMBEDDED_TOOLCHAINS/gcc-arm-none-eabi-7-2018-q2-update/bin/../lib/gcc/arm-none-eabi/7.3.1/thumb/v7e-m/fpv4-sp/hard/libgcc.a(_dvmd_tls.o)
 .ARM.attributes
                0x0000000000000592       0x22 /home/jon/KODMOD/EMBEDDED_TOOLCHAINS/gcc-arm-none-eabi-7-2018-q2-update/bin/../lib/gcc/arm-none-eabi/7.3.1/thumb/v7e-m/fpv4-sp/hard/crtn.o
OUTPUT(build/l4_light_thing.elf elf32-littlearm)

.debug_info     0x0000000000000000    0x13ffa
 .debug_info    0x0000000000000000     0x10c4 build/main.o
 .debug_info    0x00000000000010c4      0x76b build/gpio.o
 .debug_info    0x000000000000182f      0x777 build/dma.o
 .debug_info    0x0000000000001fa6     0x117c build/tim.o
 .debug_info    0x0000000000003122      0xd5b build/usart.o
 .debug_info    0x0000000000003e7d      0x5e0 build/stm32l4xx_it.o
 .debug_info    0x000000000000445d      0x561 build/stm32l4xx_hal_msp.o
 .debug_info    0x00000000000049be     0x36f3 build/stm32l4xx_hal_tim.o
 .debug_info    0x00000000000080b1     0x192a build/stm32l4xx_hal_tim_ex.o
 .debug_info    0x00000000000099db      0xe81 build/stm32l4xx_hal.o
 .debug_info    0x000000000000a85c     0x1073 build/stm32l4xx_hal_rcc.o
 .debug_info    0x000000000000b8cf     0x14b7 build/stm32l4xx_hal_rcc_ex.o
 .debug_info    0x000000000000cd86      0xa7c build/stm32l4xx_hal_gpio.o
 .debug_info    0x000000000000d802      0x9ed build/stm32l4xx_hal_dma.o
 .debug_info    0x000000000000e1ef      0xc43 build/stm32l4xx_hal_pwr_ex.o
 .debug_info    0x000000000000ee32     0x1152 build/stm32l4xx_hal_cortex.o
 .debug_info    0x000000000000ff84     0x2066 build/stm32l4xx_hal_uart.o
 .debug_info    0x0000000000011fea      0x7c3 build/system_stm32l4xx.o
 .debug_info    0x00000000000127ad     0x182b build/addressable_led_driver.o
 .debug_info    0x0000000000013fd8       0x22 build/startup_stm32l452xx.o

.debug_abbrev   0x0000000000000000     0x287d
 .debug_abbrev  0x0000000000000000      0x1fd build/main.o
 .debug_abbrev  0x00000000000001fd      0x162 build/gpio.o
 .debug_abbrev  0x000000000000035f      0x15c build/dma.o
 .debug_abbrev  0x00000000000004bb      0x21e build/tim.o
 .debug_abbrev  0x00000000000006d9      0x1ca build/usart.o
 .debug_abbrev  0x00000000000008a3      0x167 build/stm32l4xx_it.o
 .debug_abbrev  0x0000000000000a0a      0x124 build/stm32l4xx_hal_msp.o
 .debug_abbrev  0x0000000000000b2e      0x274 build/stm32l4xx_hal_tim.o
 .debug_abbrev  0x0000000000000da2      0x26d build/stm32l4xx_hal_tim_ex.o
 .debug_abbrev  0x000000000000100f      0x223 build/stm32l4xx_hal.o
 .debug_abbrev  0x0000000000001232      0x255 build/stm32l4xx_hal_rcc.o
 .debug_abbrev  0x0000000000001487      0x280 build/stm32l4xx_hal_rcc_ex.o
 .debug_abbrev  0x0000000000001707      0x213 build/stm32l4xx_hal_gpio.o
 .debug_abbrev  0x000000000000191a      0x24f build/stm32l4xx_hal_dma.o
 .debug_abbrev  0x0000000000001b69      0x20f build/stm32l4xx_hal_pwr_ex.o
 .debug_abbrev  0x0000000000001d78      0x33d build/stm32l4xx_hal_cortex.o
 .debug_abbrev  0x00000000000020b5      0x282 build/stm32l4xx_hal_uart.o
 .debug_abbrev  0x0000000000002337      0x14f build/system_stm32l4xx.o
 .debug_abbrev  0x0000000000002486      0x3e5 build/addressable_led_driver.o
 .debug_abbrev  0x000000000000286b       0x12 build/startup_stm32l452xx.o

.debug_loc      0x0000000000000000     0xce50
 .debug_loc     0x0000000000000000       0x59 build/main.o
 .debug_loc     0x0000000000000059       0x38 build/gpio.o
 .debug_loc     0x0000000000000091       0x38 build/dma.o
 .debug_loc     0x00000000000000c9      0x1fb build/tim.o
 .debug_loc     0x00000000000002c4       0xf8 build/usart.o
 .debug_loc     0x00000000000003bc       0x40 build/stm32l4xx_it.o
 .debug_loc     0x00000000000003fc       0x2c build/stm32l4xx_hal_msp.o
 .debug_loc     0x0000000000000428     0x46a7 build/stm32l4xx_hal_tim.o
 .debug_loc     0x0000000000004acf     0x1dd9 build/stm32l4xx_hal_tim_ex.o
 .debug_loc     0x00000000000068a8      0x2bd build/stm32l4xx_hal.o
 .debug_loc     0x0000000000006b65      0x7f1 build/stm32l4xx_hal_rcc.o
 .debug_loc     0x0000000000007356     0x1a5a build/stm32l4xx_hal_rcc_ex.o
 .debug_loc     0x0000000000008db0      0x358 build/stm32l4xx_hal_gpio.o
 .debug_loc     0x0000000000009108      0x91a build/stm32l4xx_hal_dma.o
 .debug_loc     0x0000000000009a22      0x838 build/stm32l4xx_hal_pwr_ex.o
 .debug_loc     0x000000000000a25a      0x65e build/stm32l4xx_hal_cortex.o
 .debug_loc     0x000000000000a8b8     0x1f14 build/stm32l4xx_hal_uart.o
 .debug_loc     0x000000000000c7cc      0x1b8 build/system_stm32l4xx.o
 .debug_loc     0x000000000000c984      0x4cc build/addressable_led_driver.o

.debug_aranges  0x0000000000000000      0xea0
 .debug_aranges
                0x0000000000000000       0x30 build/main.o
 .debug_aranges
                0x0000000000000030       0x20 build/gpio.o
 .debug_aranges
                0x0000000000000050       0x20 build/dma.o
 .debug_aranges
                0x0000000000000070       0x50 build/tim.o
 .debug_aranges
                0x00000000000000c0       0x30 build/usart.o
 .debug_aranges
                0x00000000000000f0       0x68 build/stm32l4xx_it.o
 .debug_aranges
                0x0000000000000158       0x20 build/stm32l4xx_hal_msp.o
 .debug_aranges
                0x0000000000000178      0x3b8 build/stm32l4xx_hal_tim.o
 .debug_aranges
                0x0000000000000530      0x168 build/stm32l4xx_hal_tim_ex.o
 .debug_aranges
                0x0000000000000698      0x130 build/stm32l4xx_hal.o
 .debug_aranges
                0x00000000000007c8       0x88 build/stm32l4xx_hal_rcc.o
 .debug_aranges
                0x0000000000000850       0xf0 build/stm32l4xx_hal_rcc_ex.o
 .debug_aranges
                0x0000000000000940       0x58 build/stm32l4xx_hal_gpio.o
 .debug_aranges
                0x0000000000000998       0x80 build/stm32l4xx_hal_dma.o
 .debug_aranges
                0x0000000000000a18      0x128 build/stm32l4xx_hal_pwr_ex.o
 .debug_aranges
                0x0000000000000b40       0xa8 build/stm32l4xx_hal_cortex.o
 .debug_aranges
                0x0000000000000be8      0x210 build/stm32l4xx_hal_uart.o
 .debug_aranges
                0x0000000000000df8       0x28 build/system_stm32l4xx.o
 .debug_aranges
                0x0000000000000e20       0x58 build/addressable_led_driver.o
 .debug_aranges
                0x0000000000000e78       0x28 build/startup_stm32l452xx.o

.debug_ranges   0x0000000000000000      0xea0
 .debug_ranges  0x0000000000000000       0x20 build/main.o
 .debug_ranges  0x0000000000000020       0x10 build/gpio.o
 .debug_ranges  0x0000000000000030       0x10 build/dma.o
 .debug_ranges  0x0000000000000040       0x40 build/tim.o
 .debug_ranges  0x0000000000000080       0x20 build/usart.o
 .debug_ranges  0x00000000000000a0       0x58 build/stm32l4xx_it.o
 .debug_ranges  0x00000000000000f8       0x10 build/stm32l4xx_hal_msp.o
 .debug_ranges  0x0000000000000108      0x3a8 build/stm32l4xx_hal_tim.o
 .debug_ranges  0x00000000000004b0      0x158 build/stm32l4xx_hal_tim_ex.o
 .debug_ranges  0x0000000000000608      0x120 build/stm32l4xx_hal.o
 .debug_ranges  0x0000000000000728       0x90 build/stm32l4xx_hal_rcc.o
 .debug_ranges  0x00000000000007b8       0xf8 build/stm32l4xx_hal_rcc_ex.o
 .debug_ranges  0x00000000000008b0       0x48 build/stm32l4xx_hal_gpio.o
 .debug_ranges  0x00000000000008f8       0x70 build/stm32l4xx_hal_dma.o
 .debug_ranges  0x0000000000000968      0x118 build/stm32l4xx_hal_pwr_ex.o
 .debug_ranges  0x0000000000000a80       0xf8 build/stm32l4xx_hal_cortex.o
 .debug_ranges  0x0000000000000b78      0x200 build/stm32l4xx_hal_uart.o
 .debug_ranges  0x0000000000000d78       0x18 build/system_stm32l4xx.o
 .debug_ranges  0x0000000000000d90       0xf0 build/addressable_led_driver.o
 .debug_ranges  0x0000000000000e80       0x20 build/startup_stm32l452xx.o

.debug_line     0x0000000000000000     0x6da8
 .debug_line    0x0000000000000000      0x325 build/main.o
 .debug_line    0x0000000000000325      0x224 build/gpio.o
 .debug_line    0x0000000000000549      0x219 build/dma.o
 .debug_line    0x0000000000000762      0x34e build/tim.o
 .debug_line    0x0000000000000ab0      0x2a2 build/usart.o
 .debug_line    0x0000000000000d52      0x2b4 build/stm32l4xx_it.o
 .debug_line    0x0000000000001006      0x20d build/stm32l4xx_hal_msp.o
 .debug_line    0x0000000000001213     0x1556 build/stm32l4xx_hal_tim.o
 .debug_line    0x0000000000002769      0x9aa build/stm32l4xx_hal_tim_ex.o
 .debug_line    0x0000000000003113      0x4d9 build/stm32l4xx_hal.o
 .debug_line    0x00000000000035ec      0x629 build/stm32l4xx_hal_rcc.o
 .debug_line    0x0000000000003c15      0x8a6 build/stm32l4xx_hal_rcc_ex.o
 .debug_line    0x00000000000044bb      0x395 build/stm32l4xx_hal_gpio.o
 .debug_line    0x0000000000004850      0x4a6 build/stm32l4xx_hal_dma.o
 .debug_line    0x0000000000004cf6      0x61b build/stm32l4xx_hal_pwr_ex.o
 .debug_line    0x0000000000005311      0x4a2 build/stm32l4xx_hal_cortex.o
 .debug_line    0x00000000000057b3      0xebe build/stm32l4xx_hal_uart.o
 .debug_line    0x0000000000006671      0x25e build/system_stm32l4xx.o
 .debug_line    0x00000000000068cf      0x466 build/addressable_led_driver.o
 .debug_line    0x0000000000006d35       0x73 build/startup_stm32l452xx.o

.debug_str      0x0000000000000000     0x4e69
 .debug_str     0x0000000000000000      0xd58 build/main.o
                                        0xe29 (size before relaxing)
 .debug_str     0x0000000000000d58      0x1dc build/gpio.o
                                        0x5e9 (size before relaxing)
 .debug_str     0x0000000000000f34      0x46a build/dma.o
                                        0x994 (size before relaxing)
 .debug_str     0x000000000000139e      0x25c build/tim.o
                                        0xc25 (size before relaxing)
 .debug_str     0x00000000000015fa       0x59 build/usart.o
                                        0x9ca (size before relaxing)
 .debug_str     0x0000000000001653       0xdb build/stm32l4xx_it.o
                                        0x64e (size before relaxing)
 .debug_str     0x000000000000172e       0x24 build/stm32l4xx_hal_msp.o
                                        0x538 (size before relaxing)
 .debug_str     0x0000000000001752      0xd54 build/stm32l4xx_hal_tim.o
                                       0x16b9 (size before relaxing)
 .debug_str     0x00000000000024a6      0x5ca build/stm32l4xx_hal_tim_ex.o
                                        0xfd9 (size before relaxing)
 .debug_str     0x0000000000002a70      0x44a build/stm32l4xx_hal.o
                                        0xe32 (size before relaxing)
 .debug_str     0x0000000000002eba      0x248 build/stm32l4xx_hal_rcc.o
                                        0xa17 (size before relaxing)
 .debug_str     0x0000000000003102      0x4bc build/stm32l4xx_hal_rcc_ex.o
                                        0xde7 (size before relaxing)
 .debug_str     0x00000000000035be       0xd5 build/stm32l4xx_hal_gpio.o
                                        0x770 (size before relaxing)
 .debug_str     0x0000000000003693      0x213 build/stm32l4xx_hal_dma.o
                                        0x837 (size before relaxing)
 .debug_str     0x00000000000038a6      0x48b build/stm32l4xx_hal_pwr_ex.o
                                        0x9a8 (size before relaxing)
 .debug_str     0x0000000000003d31      0x437 build/stm32l4xx_hal_cortex.o
                                        0xd87 (size before relaxing)
 .debug_str     0x0000000000004168      0x733 build/stm32l4xx_hal_uart.o
                                       0x1121 (size before relaxing)
 .debug_str     0x000000000000489b       0x38 build/system_stm32l4xx.o
                                        0x5c3 (size before relaxing)
 .debug_str     0x00000000000048d3      0x572 build/addressable_led_driver.o
                                        0xdf0 (size before relaxing)
 .debug_str     0x0000000000004e45       0x24 build/startup_stm32l452xx.o
                                         0x64 (size before relaxing)

.comment        0x0000000000000000       0x7f
 .comment       0x0000000000000000       0x7f build/main.o
                                         0x80 (size before relaxing)
 .comment       0x000000000000007f       0x80 build/gpio.o
 .comment       0x000000000000007f       0x80 build/dma.o
 .comment       0x000000000000007f       0x80 build/tim.o
 .comment       0x000000000000007f       0x80 build/usart.o
 .comment       0x000000000000007f       0x80 build/stm32l4xx_it.o
 .comment       0x000000000000007f       0x80 build/stm32l4xx_hal_msp.o
 .comment       0x000000000000007f       0x80 build/stm32l4xx_hal_tim.o
 .comment       0x000000000000007f       0x80 build/stm32l4xx_hal_tim_ex.o
 .comment       0x000000000000007f       0x80 build/stm32l4xx_hal.o
 .comment       0x000000000000007f       0x80 build/stm32l4xx_hal_rcc.o
 .comment       0x000000000000007f       0x80 build/stm32l4xx_hal_rcc_ex.o
 .comment       0x000000000000007f       0x80 build/stm32l4xx_hal_gpio.o
 .comment       0x000000000000007f       0x80 build/stm32l4xx_hal_dma.o
 .comment       0x000000000000007f       0x80 build/stm32l4xx_hal_pwr_ex.o
 .comment       0x000000000000007f       0x80 build/stm32l4xx_hal_cortex.o
 .comment       0x000000000000007f       0x80 build/stm32l4xx_hal_uart.o
 .comment       0x000000000000007f       0x80 build/system_stm32l4xx.o
 .comment       0x000000000000007f       0x80 build/addressable_led_driver.o

.debug_frame    0x0000000000000000     0x28d0
 .debug_frame   0x0000000000000000       0x60 build/main.o
 .debug_frame   0x0000000000000060       0x30 build/gpio.o
 .debug_frame   0x0000000000000090       0x2c build/dma.o
 .debug_frame   0x00000000000000bc       0xe4 build/tim.o
 .debug_frame   0x00000000000001a0       0x68 build/usart.o
 .debug_frame   0x0000000000000208       0xc8 build/stm32l4xx_it.o
 .debug_frame   0x00000000000002d0       0x28 build/stm32l4xx_hal_msp.o
 .debug_frame   0x00000000000002f8      0xc0c build/stm32l4xx_hal_tim.o
 .debug_frame   0x0000000000000f04      0x4b0 build/stm32l4xx_hal_tim_ex.o
 .debug_frame   0x00000000000013b4      0x290 build/stm32l4xx_hal.o
 .debug_frame   0x0000000000001644      0x1c0 build/stm32l4xx_hal_rcc.o
 .debug_frame   0x0000000000001804      0x278 build/stm32l4xx_hal_rcc_ex.o
 .debug_frame   0x0000000000001a7c       0xe4 build/stm32l4xx_hal_gpio.o
 .debug_frame   0x0000000000001b60      0x1a0 build/stm32l4xx_hal_dma.o
 .debug_frame   0x0000000000001d00      0x254 build/stm32l4xx_hal_pwr_ex.o
 .debug_frame   0x0000000000001f54      0x16c build/stm32l4xx_hal_cortex.o
 .debug_frame   0x00000000000020c0      0x658 build/stm32l4xx_hal_uart.o
 .debug_frame   0x0000000000002718       0x30 build/system_stm32l4xx.o
 .debug_frame   0x0000000000002748       0xdc build/addressable_led_driver.o
 .debug_frame   0x0000000000002824       0x2c /home/jon/KODMOD/EMBEDDED_TOOLCHAINS/gcc-arm-none-eabi-7-2018-q2-update/bin/../lib/gcc/arm-none-eabi/7.3.1/../../../../arm-none-eabi/lib/thumb/v7e-m/fpv4-sp/hard/libc_nano.a(lib_a-init.o)
 .debug_frame   0x0000000000002850       0x20 /home/jon/KODMOD/EMBEDDED_TOOLCHAINS/gcc-arm-none-eabi-7-2018-q2-update/bin/../lib/gcc/arm-none-eabi/7.3.1/../../../../arm-none-eabi/lib/thumb/v7e-m/fpv4-sp/hard/libc_nano.a(lib_a-memset.o)
 .debug_frame   0x0000000000002870       0x2c /home/jon/KODMOD/EMBEDDED_TOOLCHAINS/gcc-arm-none-eabi-7-2018-q2-update/bin/../lib/gcc/arm-none-eabi/7.3.1/thumb/v7e-m/fpv4-sp/hard/libgcc.a(_aeabi_uldivmod.o)
 .debug_frame   0x000000000000289c       0x34 /home/jon/KODMOD/EMBEDDED_TOOLCHAINS/gcc-arm-none-eabi-7-2018-q2-update/bin/../lib/gcc/arm-none-eabi/7.3.1/thumb/v7e-m/fpv4-sp/hard/libgcc.a(_udivmoddi4.o)

Cross Reference Table

Symbol                                            File
ADC1_IRQHandler                                   build/startup_stm32l452xx.o
AHBPrescTable                                     build/system_stm32l4xx.o
                                                  build/stm32l4xx_hal_rcc.o
APBPrescTable                                     build/system_stm32l4xx.o
                                                  build/stm32l4xx_hal_rcc.o
AddrLED_Init                                      build/addressable_led_driver.o
                                                  build/main.o
AddrLED_InitNaive                                 build/addressable_led_driver.o
AddrLED_NaiveISR                                  build/addressable_led_driver.o
AddrLED_SanityTest                                build/addressable_led_driver.o
AddrLED_SendColor                                 build/addressable_led_driver.o
AddrLED_SendReset                                 build/addressable_led_driver.o
AddrLED_StartPWM                                  build/addressable_led_driver.o
AddrLED_StopPWM                                   build/addressable_led_driver.o
BusFault_Handler                                  build/stm32l4xx_it.o
CAN1_RX0_IRQHandler                               build/startup_stm32l452xx.o
CAN1_RX1_IRQHandler                               build/startup_stm32l452xx.o
CAN1_SCE_IRQHandler                               build/startup_stm32l452xx.o
CAN1_TX_IRQHandler                                build/startup_stm32l452xx.o
COMP_IRQHandler                                   build/startup_stm32l452xx.o
CRS_IRQHandler                                    build/startup_stm32l452xx.o
DFSDM1_FLT0_IRQHandler                            build/startup_stm32l452xx.o
DFSDM1_FLT1_IRQHandler                            build/startup_stm32l452xx.o
DMA1_Channel1_IRQHandler                          build/startup_stm32l452xx.o
DMA1_Channel2_IRQHandler                          build/startup_stm32l452xx.o
DMA1_Channel3_IRQHandler                          build/stm32l4xx_it.o
DMA1_Channel4_IRQHandler                          build/startup_stm32l452xx.o
DMA1_Channel5_IRQHandler                          build/startup_stm32l452xx.o
DMA1_Channel6_IRQHandler                          build/startup_stm32l452xx.o
DMA1_Channel7_IRQHandler                          build/startup_stm32l452xx.o
DMA2_Channel1_IRQHandler                          build/startup_stm32l452xx.o
DMA2_Channel2_IRQHandler                          build/startup_stm32l452xx.o
DMA2_Channel3_IRQHandler                          build/startup_stm32l452xx.o
DMA2_Channel4_IRQHandler                          build/startup_stm32l452xx.o
DMA2_Channel5_IRQHandler                          build/startup_stm32l452xx.o
DMA2_Channel6_IRQHandler                          build/startup_stm32l452xx.o
DMA2_Channel7_IRQHandler                          build/startup_stm32l452xx.o
DebugMon_Handler                                  build/stm32l4xx_it.o
Default_Handler                                   build/startup_stm32l452xx.o
EXTI0_IRQHandler                                  build/startup_stm32l452xx.o
EXTI15_10_IRQHandler                              build/startup_stm32l452xx.o
EXTI1_IRQHandler                                  build/startup_stm32l452xx.o
EXTI2_IRQHandler                                  build/startup_stm32l452xx.o
EXTI3_IRQHandler                                  build/startup_stm32l452xx.o
EXTI4_IRQHandler                                  build/startup_stm32l452xx.o
EXTI9_5_IRQHandler                                build/startup_stm32l452xx.o
Error_Handler                                     build/main.o
                                                  build/usart.o
                                                  build/tim.o
FLASH_FlushCaches                                 build/stm32l4xx_hal_flash_ex.o
                                                  build/stm32l4xx_hal_flash.o
FLASH_IRQHandler                                  build/startup_stm32l452xx.o
FLASH_PageErase                                   build/stm32l4xx_hal_flash_ex.o
                                                  build/stm32l4xx_hal_flash.o
FLASH_WaitForLastOperation                        build/stm32l4xx_hal_flash.o
                                                  build/stm32l4xx_hal_flash_ex.o
FPU_IRQHandler                                    build/startup_stm32l452xx.o
HAL_DBGMCU_DisableDBGSleepMode                    build/stm32l4xx_hal.o
HAL_DBGMCU_DisableDBGStandbyMode                  build/stm32l4xx_hal.o
HAL_DBGMCU_DisableDBGStopMode                     build/stm32l4xx_hal.o
HAL_DBGMCU_EnableDBGSleepMode                     build/stm32l4xx_hal.o
HAL_DBGMCU_EnableDBGStandbyMode                   build/stm32l4xx_hal.o
HAL_DBGMCU_EnableDBGStopMode                      build/stm32l4xx_hal.o
HAL_DMA_Abort                                     build/stm32l4xx_hal_dma.o
                                                  build/stm32l4xx_hal_uart.o
HAL_DMA_Abort_IT                                  build/stm32l4xx_hal_dma.o
                                                  build/stm32l4xx_hal_uart.o
                                                  build/stm32l4xx_hal_i2c.o
                                                  build/stm32l4xx_hal_tim_ex.o
                                                  build/stm32l4xx_hal_tim.o
HAL_DMA_DeInit                                    build/stm32l4xx_hal_dma.o
                                                  build/tim.o
HAL_DMA_GetError                                  build/stm32l4xx_hal_dma.o
                                                  build/stm32l4xx_hal_uart.o
HAL_DMA_GetState                                  build/stm32l4xx_hal_dma.o
                                                  build/stm32l4xx_hal_i2c.o
HAL_DMA_IRQHandler                                build/stm32l4xx_hal_dma.o
                                                  build/stm32l4xx_it.o
HAL_DMA_Init                                      build/stm32l4xx_hal_dma.o
                                                  build/tim.o
HAL_DMA_PollForTransfer                           build/stm32l4xx_hal_dma.o
HAL_DMA_RegisterCallback                          build/stm32l4xx_hal_dma.o
HAL_DMA_Start                                     build/stm32l4xx_hal_dma.o
HAL_DMA_Start_IT                                  build/stm32l4xx_hal_dma.o
                                                  build/stm32l4xx_hal_uart.o
                                                  build/stm32l4xx_hal_i2c.o
                                                  build/stm32l4xx_hal_tim_ex.o
                                                  build/stm32l4xx_hal_tim.o
HAL_DMA_UnRegisterCallback                        build/stm32l4xx_hal_dma.o
HAL_DeInit                                        build/stm32l4xx_hal.o
HAL_Delay                                         build/stm32l4xx_hal.o
HAL_EXTI_ClearConfigLine                          build/stm32l4xx_hal_exti.o
HAL_EXTI_ClearPending                             build/stm32l4xx_hal_exti.o
HAL_EXTI_GenerateSWI                              build/stm32l4xx_hal_exti.o
HAL_EXTI_GetConfigLine                            build/stm32l4xx_hal_exti.o
HAL_EXTI_GetHandle                                build/stm32l4xx_hal_exti.o
HAL_EXTI_GetPending                               build/stm32l4xx_hal_exti.o
HAL_EXTI_IRQHandler                               build/stm32l4xx_hal_exti.o
HAL_EXTI_RegisterCallback                         build/stm32l4xx_hal_exti.o
HAL_EXTI_SetConfigLine                            build/stm32l4xx_hal_exti.o
HAL_FLASHEx_DisableRunPowerDown                   build/stm32l4xx_hal_flash_ramfunc.o
HAL_FLASHEx_EnableRunPowerDown                    build/stm32l4xx_hal_flash_ramfunc.o
HAL_FLASHEx_Erase                                 build/stm32l4xx_hal_flash_ex.o
HAL_FLASHEx_Erase_IT                              build/stm32l4xx_hal_flash_ex.o
HAL_FLASHEx_OBGetConfig                           build/stm32l4xx_hal_flash_ex.o
HAL_FLASHEx_OBProgram                             build/stm32l4xx_hal_flash_ex.o
HAL_FLASH_EndOfOperationCallback                  build/stm32l4xx_hal_flash.o
HAL_FLASH_GetError                                build/stm32l4xx_hal_flash.o
HAL_FLASH_IRQHandler                              build/stm32l4xx_hal_flash.o
HAL_FLASH_Lock                                    build/stm32l4xx_hal_flash.o
HAL_FLASH_OB_Launch                               build/stm32l4xx_hal_flash.o
HAL_FLASH_OB_Lock                                 build/stm32l4xx_hal_flash.o
HAL_FLASH_OB_Unlock                               build/stm32l4xx_hal_flash.o
HAL_FLASH_OperationErrorCallback                  build/stm32l4xx_hal_flash.o
HAL_FLASH_Program                                 build/stm32l4xx_hal_flash.o
HAL_FLASH_Program_IT                              build/stm32l4xx_hal_flash.o
HAL_FLASH_Unlock                                  build/stm32l4xx_hal_flash.o
HAL_GPIO_DeInit                                   build/stm32l4xx_hal_gpio.o
                                                  build/usart.o
HAL_GPIO_EXTI_Callback                            build/stm32l4xx_hal_gpio.o
HAL_GPIO_EXTI_IRQHandler                          build/stm32l4xx_hal_gpio.o
HAL_GPIO_Init                                     build/stm32l4xx_hal_gpio.o
                                                  build/stm32l4xx_hal_rcc_ex.o
                                                  build/stm32l4xx_hal_rcc.o
                                                  build/usart.o
                                                  build/tim.o
                                                  build/gpio.o
HAL_GPIO_LockPin                                  build/stm32l4xx_hal_gpio.o
HAL_GPIO_ReadPin                                  build/stm32l4xx_hal_gpio.o
HAL_GPIO_TogglePin                                build/stm32l4xx_hal_gpio.o
                                                  build/addressable_led_driver.o
HAL_GPIO_WritePin                                 build/stm32l4xx_hal_gpio.o
                                                  build/gpio.o
HAL_GetDEVID                                      build/stm32l4xx_hal.o
HAL_GetHalVersion                                 build/stm32l4xx_hal.o
HAL_GetREVID                                      build/stm32l4xx_hal.o
HAL_GetTick                                       build/stm32l4xx_hal.o
                                                  build/stm32l4xx_hal_uart_ex.o
                                                  build/stm32l4xx_hal_uart.o
                                                  build/stm32l4xx_hal_dma.o
                                                  build/stm32l4xx_hal_flash.o
                                                  build/stm32l4xx_hal_rcc_ex.o
                                                  build/stm32l4xx_hal_rcc.o
                                                  build/stm32l4xx_hal_i2c.o
HAL_GetTickFreq                                   build/stm32l4xx_hal.o
HAL_GetTickPrio                                   build/stm32l4xx_hal.o
HAL_GetUIDw0                                      build/stm32l4xx_hal.o
HAL_GetUIDw1                                      build/stm32l4xx_hal.o
HAL_GetUIDw2                                      build/stm32l4xx_hal.o
HAL_HalfDuplex_EnableReceiver                     build/stm32l4xx_hal_uart.o
HAL_HalfDuplex_EnableTransmitter                  build/stm32l4xx_hal_uart.o
HAL_HalfDuplex_Init                               build/stm32l4xx_hal_uart.o
HAL_I2CEx_ConfigAnalogFilter                      build/stm32l4xx_hal_i2c_ex.o
HAL_I2CEx_ConfigDigitalFilter                     build/stm32l4xx_hal_i2c_ex.o
HAL_I2CEx_DisableFastModePlus                     build/stm32l4xx_hal_i2c_ex.o
HAL_I2CEx_DisableWakeUp                           build/stm32l4xx_hal_i2c_ex.o
HAL_I2CEx_EnableFastModePlus                      build/stm32l4xx_hal_i2c_ex.o
HAL_I2CEx_EnableWakeUp                            build/stm32l4xx_hal_i2c_ex.o
HAL_I2C_AbortCpltCallback                         build/stm32l4xx_hal_i2c.o
HAL_I2C_AddrCallback                              build/stm32l4xx_hal_i2c.o
HAL_I2C_DeInit                                    build/stm32l4xx_hal_i2c.o
HAL_I2C_DisableListen_IT                          build/stm32l4xx_hal_i2c.o
HAL_I2C_ER_IRQHandler                             build/stm32l4xx_hal_i2c.o
HAL_I2C_EV_IRQHandler                             build/stm32l4xx_hal_i2c.o
HAL_I2C_EnableListen_IT                           build/stm32l4xx_hal_i2c.o
HAL_I2C_ErrorCallback                             build/stm32l4xx_hal_i2c.o
HAL_I2C_GetError                                  build/stm32l4xx_hal_i2c.o
HAL_I2C_GetMode                                   build/stm32l4xx_hal_i2c.o
HAL_I2C_GetState                                  build/stm32l4xx_hal_i2c.o
HAL_I2C_Init                                      build/stm32l4xx_hal_i2c.o
HAL_I2C_IsDeviceReady                             build/stm32l4xx_hal_i2c.o
HAL_I2C_ListenCpltCallback                        build/stm32l4xx_hal_i2c.o
HAL_I2C_MasterRxCpltCallback                      build/stm32l4xx_hal_i2c.o
HAL_I2C_MasterTxCpltCallback                      build/stm32l4xx_hal_i2c.o
HAL_I2C_Master_Abort_IT                           build/stm32l4xx_hal_i2c.o
HAL_I2C_Master_Receive                            build/stm32l4xx_hal_i2c.o
HAL_I2C_Master_Receive_DMA                        build/stm32l4xx_hal_i2c.o
HAL_I2C_Master_Receive_IT                         build/stm32l4xx_hal_i2c.o
HAL_I2C_Master_Seq_Receive_DMA                    build/stm32l4xx_hal_i2c.o
HAL_I2C_Master_Seq_Receive_IT                     build/stm32l4xx_hal_i2c.o
HAL_I2C_Master_Seq_Transmit_DMA                   build/stm32l4xx_hal_i2c.o
HAL_I2C_Master_Seq_Transmit_IT                    build/stm32l4xx_hal_i2c.o
HAL_I2C_Master_Transmit                           build/stm32l4xx_hal_i2c.o
HAL_I2C_Master_Transmit_DMA                       build/stm32l4xx_hal_i2c.o
HAL_I2C_Master_Transmit_IT                        build/stm32l4xx_hal_i2c.o
HAL_I2C_MemRxCpltCallback                         build/stm32l4xx_hal_i2c.o
HAL_I2C_MemTxCpltCallback                         build/stm32l4xx_hal_i2c.o
HAL_I2C_Mem_Read                                  build/stm32l4xx_hal_i2c.o
HAL_I2C_Mem_Read_DMA                              build/stm32l4xx_hal_i2c.o
HAL_I2C_Mem_Read_IT                               build/stm32l4xx_hal_i2c.o
HAL_I2C_Mem_Write                                 build/stm32l4xx_hal_i2c.o
HAL_I2C_Mem_Write_DMA                             build/stm32l4xx_hal_i2c.o
HAL_I2C_Mem_Write_IT                              build/stm32l4xx_hal_i2c.o
HAL_I2C_MspDeInit                                 build/stm32l4xx_hal_i2c.o
HAL_I2C_MspInit                                   build/stm32l4xx_hal_i2c.o
HAL_I2C_SlaveRxCpltCallback                       build/stm32l4xx_hal_i2c.o
HAL_I2C_SlaveTxCpltCallback                       build/stm32l4xx_hal_i2c.o
HAL_I2C_Slave_Receive                             build/stm32l4xx_hal_i2c.o
HAL_I2C_Slave_Receive_DMA                         build/stm32l4xx_hal_i2c.o
HAL_I2C_Slave_Receive_IT                          build/stm32l4xx_hal_i2c.o
HAL_I2C_Slave_Seq_Receive_DMA                     build/stm32l4xx_hal_i2c.o
HAL_I2C_Slave_Seq_Receive_IT                      build/stm32l4xx_hal_i2c.o
HAL_I2C_Slave_Seq_Transmit_DMA                    build/stm32l4xx_hal_i2c.o
HAL_I2C_Slave_Seq_Transmit_IT                     build/stm32l4xx_hal_i2c.o
HAL_I2C_Slave_Transmit                            build/stm32l4xx_hal_i2c.o
HAL_I2C_Slave_Transmit_DMA                        build/stm32l4xx_hal_i2c.o
HAL_I2C_Slave_Transmit_IT                         build/stm32l4xx_hal_i2c.o
HAL_IncTick                                       build/stm32l4xx_hal.o
                                                  build/stm32l4xx_it.o
HAL_Init                                          build/stm32l4xx_hal.o
                                                  build/main.o
HAL_InitTick                                      build/stm32l4xx_hal.o
                                                  build/stm32l4xx_hal_rcc.o
HAL_LIN_Init                                      build/stm32l4xx_hal_uart.o
HAL_LIN_SendBreak                                 build/stm32l4xx_hal_uart.o
HAL_MPU_ConfigRegion                              build/stm32l4xx_hal_cortex.o
HAL_MPU_Disable                                   build/stm32l4xx_hal_cortex.o
HAL_MPU_Enable                                    build/stm32l4xx_hal_cortex.o
HAL_MspDeInit                                     build/stm32l4xx_hal.o
HAL_MspInit                                       build/stm32l4xx_hal_msp.o
HAL_MultiProcessorEx_AddressLength_Set            build/stm32l4xx_hal_uart_ex.o
HAL_MultiProcessor_DisableMuteMode                build/stm32l4xx_hal_uart.o
HAL_MultiProcessor_EnableMuteMode                 build/stm32l4xx_hal_uart.o
HAL_MultiProcessor_EnterMuteMode                  build/stm32l4xx_hal_uart.o
HAL_MultiProcessor_Init                           build/stm32l4xx_hal_uart.o
HAL_NVIC_ClearPendingIRQ                          build/stm32l4xx_hal_cortex.o
HAL_NVIC_DisableIRQ                               build/stm32l4xx_hal_cortex.o
HAL_NVIC_EnableIRQ                                build/stm32l4xx_hal_cortex.o
                                                  build/dma.o
HAL_NVIC_GetActive                                build/stm32l4xx_hal_cortex.o
HAL_NVIC_GetPendingIRQ                            build/stm32l4xx_hal_cortex.o
HAL_NVIC_GetPriority                              build/stm32l4xx_hal_cortex.o
HAL_NVIC_GetPriorityGrouping                      build/stm32l4xx_hal_cortex.o
HAL_NVIC_SetPendingIRQ                            build/stm32l4xx_hal_cortex.o
HAL_NVIC_SetPriority                              build/stm32l4xx_hal_cortex.o
                                                  build/stm32l4xx_hal.o
                                                  build/dma.o
HAL_NVIC_SetPriorityGrouping                      build/stm32l4xx_hal_cortex.o
                                                  build/stm32l4xx_hal.o
HAL_NVIC_SystemReset                              build/stm32l4xx_hal_cortex.o
HAL_PWREx_ConfigPVM                               build/stm32l4xx_hal_pwr_ex.o
HAL_PWREx_ControlVoltageScaling                   build/stm32l4xx_hal_pwr_ex.o
                                                  build/main.o
HAL_PWREx_DisableBatteryCharging                  build/stm32l4xx_hal_pwr_ex.o
HAL_PWREx_DisableGPIOPullDown                     build/stm32l4xx_hal_pwr_ex.o
HAL_PWREx_DisableGPIOPullUp                       build/stm32l4xx_hal_pwr_ex.o
HAL_PWREx_DisableInternalWakeUpLine               build/stm32l4xx_hal_pwr_ex.o
HAL_PWREx_DisableLowPowerRunMode                  build/stm32l4xx_hal_pwr_ex.o
                                                  build/stm32l4xx_hal_pwr.o
HAL_PWREx_DisablePVM1                             build/stm32l4xx_hal_pwr_ex.o
HAL_PWREx_DisablePVM3                             build/stm32l4xx_hal_pwr_ex.o
HAL_PWREx_DisablePVM4                             build/stm32l4xx_hal_pwr_ex.o
HAL_PWREx_DisablePullUpPullDownConfig             build/stm32l4xx_hal_pwr_ex.o
HAL_PWREx_DisableSRAM2ContentRetention            build/stm32l4xx_hal_pwr_ex.o
HAL_PWREx_DisableVddUSB                           build/stm32l4xx_hal_pwr_ex.o
HAL_PWREx_EnableBatteryCharging                   build/stm32l4xx_hal_pwr_ex.o
HAL_PWREx_EnableGPIOPullDown                      build/stm32l4xx_hal_pwr_ex.o
HAL_PWREx_EnableGPIOPullUp                        build/stm32l4xx_hal_pwr_ex.o
HAL_PWREx_EnableInternalWakeUpLine                build/stm32l4xx_hal_pwr_ex.o
HAL_PWREx_EnableLowPowerRunMode                   build/stm32l4xx_hal_pwr_ex.o
                                                  build/stm32l4xx_hal_pwr.o
HAL_PWREx_EnablePVM1                              build/stm32l4xx_hal_pwr_ex.o
HAL_PWREx_EnablePVM3                              build/stm32l4xx_hal_pwr_ex.o
HAL_PWREx_EnablePVM4                              build/stm32l4xx_hal_pwr_ex.o
HAL_PWREx_EnablePullUpPullDownConfig              build/stm32l4xx_hal_pwr_ex.o
HAL_PWREx_EnableSRAM2ContentRetention             build/stm32l4xx_hal_pwr_ex.o
HAL_PWREx_EnableVddUSB                            build/stm32l4xx_hal_pwr_ex.o
HAL_PWREx_EnterSHUTDOWNMode                       build/stm32l4xx_hal_pwr_ex.o
HAL_PWREx_EnterSTOP0Mode                          build/stm32l4xx_hal_pwr_ex.o
                                                  build/stm32l4xx_hal_pwr.o
HAL_PWREx_EnterSTOP1Mode                          build/stm32l4xx_hal_pwr_ex.o
                                                  build/stm32l4xx_hal_pwr.o
HAL_PWREx_EnterSTOP2Mode                          build/stm32l4xx_hal_pwr_ex.o
HAL_PWREx_GetVoltageRange                         build/stm32l4xx_hal_pwr_ex.o
                                                  build/stm32l4xx_hal_rcc.o
HAL_PWREx_PVD_PVM_IRQHandler                      build/stm32l4xx_hal_pwr_ex.o
HAL_PWREx_PVM1Callback                            build/stm32l4xx_hal_pwr_ex.o
HAL_PWREx_PVM3Callback                            build/stm32l4xx_hal_pwr_ex.o
HAL_PWREx_PVM4Callback                            build/stm32l4xx_hal_pwr_ex.o
HAL_PWREx_SetSRAM2ContentRetention                build/stm32l4xx_hal_pwr_ex.o
HAL_PWR_ConfigPVD                                 build/stm32l4xx_hal_pwr.o
HAL_PWR_DeInit                                    build/stm32l4xx_hal_pwr.o
HAL_PWR_DisableBkUpAccess                         build/stm32l4xx_hal_pwr.o
                                                  build/stm32l4xx_hal_rcc_ex.o
HAL_PWR_DisablePVD                                build/stm32l4xx_hal_pwr.o
HAL_PWR_DisableSEVOnPend                          build/stm32l4xx_hal_pwr.o
HAL_PWR_DisableSleepOnExit                        build/stm32l4xx_hal_pwr.o
HAL_PWR_DisableWakeUpPin                          build/stm32l4xx_hal_pwr.o
HAL_PWR_EnableBkUpAccess                          build/stm32l4xx_hal_pwr.o
                                                  build/stm32l4xx_hal_rcc_ex.o
HAL_PWR_EnablePVD                                 build/stm32l4xx_hal_pwr.o
HAL_PWR_EnableSEVOnPend                           build/stm32l4xx_hal_pwr.o
HAL_PWR_EnableSleepOnExit                         build/stm32l4xx_hal_pwr.o
HAL_PWR_EnableWakeUpPin                           build/stm32l4xx_hal_pwr.o
HAL_PWR_EnterSLEEPMode                            build/stm32l4xx_hal_pwr.o
HAL_PWR_EnterSTANDBYMode                          build/stm32l4xx_hal_pwr.o
HAL_PWR_EnterSTOPMode                             build/stm32l4xx_hal_pwr.o
HAL_PWR_PVDCallback                               build/stm32l4xx_hal_pwr.o
                                                  build/stm32l4xx_hal_pwr_ex.o
HAL_RCCEx_CRSConfig                               build/stm32l4xx_hal_rcc_ex.o
HAL_RCCEx_CRSGetSynchronizationInfo               build/stm32l4xx_hal_rcc_ex.o
HAL_RCCEx_CRSSoftwareSynchronizationGenerate      build/stm32l4xx_hal_rcc_ex.o
HAL_RCCEx_CRSWaitSynchronization                  build/stm32l4xx_hal_rcc_ex.o
HAL_RCCEx_CRS_ErrorCallback                       build/stm32l4xx_hal_rcc_ex.o
HAL_RCCEx_CRS_ExpectedSyncCallback                build/stm32l4xx_hal_rcc_ex.o
HAL_RCCEx_CRS_IRQHandler                          build/stm32l4xx_hal_rcc_ex.o
HAL_RCCEx_CRS_SyncOkCallback                      build/stm32l4xx_hal_rcc_ex.o
HAL_RCCEx_CRS_SyncWarnCallback                    build/stm32l4xx_hal_rcc_ex.o
HAL_RCCEx_DisableLSCO                             build/stm32l4xx_hal_rcc_ex.o
HAL_RCCEx_DisableLSECSS                           build/stm32l4xx_hal_rcc_ex.o
HAL_RCCEx_DisableMSIPLLMode                       build/stm32l4xx_hal_rcc_ex.o
HAL_RCCEx_DisablePLLSAI1                          build/stm32l4xx_hal_rcc_ex.o
HAL_RCCEx_EnableLSCO                              build/stm32l4xx_hal_rcc_ex.o
HAL_RCCEx_EnableLSECSS                            build/stm32l4xx_hal_rcc_ex.o
HAL_RCCEx_EnableLSECSS_IT                         build/stm32l4xx_hal_rcc_ex.o
HAL_RCCEx_EnableMSIPLLMode                        build/stm32l4xx_hal_rcc_ex.o
HAL_RCCEx_EnablePLLSAI1                           build/stm32l4xx_hal_rcc_ex.o
HAL_RCCEx_GetPeriphCLKConfig                      build/stm32l4xx_hal_rcc_ex.o
HAL_RCCEx_GetPeriphCLKFreq                        build/stm32l4xx_hal_rcc_ex.o
HAL_RCCEx_LSECSS_Callback                         build/stm32l4xx_hal_rcc_ex.o
HAL_RCCEx_LSECSS_IRQHandler                       build/stm32l4xx_hal_rcc_ex.o
HAL_RCCEx_PeriphCLKConfig                         build/stm32l4xx_hal_rcc_ex.o
                                                  build/main.o
HAL_RCCEx_StandbyMSIRangeConfig                   build/stm32l4xx_hal_rcc_ex.o
HAL_RCCEx_WakeUpStopCLKConfig                     build/stm32l4xx_hal_rcc_ex.o
HAL_RCC_CSSCallback                               build/stm32l4xx_hal_rcc.o
HAL_RCC_ClockConfig                               build/stm32l4xx_hal_rcc.o
                                                  build/main.o
HAL_RCC_DeInit                                    build/stm32l4xx_hal_rcc.o
HAL_RCC_EnableCSS                                 build/stm32l4xx_hal_rcc.o
HAL_RCC_GetClockConfig                            build/stm32l4xx_hal_rcc.o
HAL_RCC_GetHCLKFreq                               build/stm32l4xx_hal_rcc.o
HAL_RCC_GetOscConfig                              build/stm32l4xx_hal_rcc.o
HAL_RCC_GetPCLK1Freq                              build/stm32l4xx_hal_rcc.o
                                                  build/stm32l4xx_hal_uart.o
                                                  build/stm32l4xx_hal_rcc_ex.o
HAL_RCC_GetPCLK2Freq                              build/stm32l4xx_hal_rcc.o
                                                  build/stm32l4xx_hal_uart.o
                                                  build/stm32l4xx_hal_rcc_ex.o
HAL_RCC_GetSysClockFreq                           build/stm32l4xx_hal_rcc.o
                                                  build/addressable_led_driver.o
                                                  build/stm32l4xx_hal_uart.o
                                                  build/stm32l4xx_hal_rcc_ex.o
HAL_RCC_MCOConfig                                 build/stm32l4xx_hal_rcc.o
HAL_RCC_NMI_IRQHandler                            build/stm32l4xx_hal_rcc.o
HAL_RCC_OscConfig                                 build/stm32l4xx_hal_rcc.o
                                                  build/main.o
HAL_RS485Ex_Init                                  build/stm32l4xx_hal_uart_ex.o
HAL_ResumeTick                                    build/stm32l4xx_hal.o
HAL_SYSCFG_DisableIOAnalogSwitchBooster           build/stm32l4xx_hal.o
HAL_SYSCFG_DisableMemorySwappingBank              build/stm32l4xx_hal.o
HAL_SYSCFG_DisableVREFBUF                         build/stm32l4xx_hal.o
HAL_SYSCFG_EnableIOAnalogSwitchBooster            build/stm32l4xx_hal.o
HAL_SYSCFG_EnableMemorySwappingBank               build/stm32l4xx_hal.o
HAL_SYSCFG_EnableVREFBUF                          build/stm32l4xx_hal.o
HAL_SYSCFG_SRAM2Erase                             build/stm32l4xx_hal.o
HAL_SYSCFG_VREFBUF_HighImpedanceConfig            build/stm32l4xx_hal.o
HAL_SYSCFG_VREFBUF_TrimmingConfig                 build/stm32l4xx_hal.o
HAL_SYSCFG_VREFBUF_VoltageScalingConfig           build/stm32l4xx_hal.o
HAL_SYSTICK_CLKSourceConfig                       build/stm32l4xx_hal_cortex.o
HAL_SYSTICK_Callback                              build/stm32l4xx_hal_cortex.o
HAL_SYSTICK_Config                                build/stm32l4xx_hal_cortex.o
                                                  build/stm32l4xx_hal.o
HAL_SYSTICK_IRQHandler                            build/stm32l4xx_hal_cortex.o
HAL_SetTickFreq                                   build/stm32l4xx_hal.o
HAL_SuspendTick                                   build/stm32l4xx_hal.o
HAL_TIMEx_Break2Callback                          build/stm32l4xx_hal_tim_ex.o
                                                  build/stm32l4xx_hal_tim.o
HAL_TIMEx_BreakCallback                           build/stm32l4xx_hal_tim_ex.o
                                                  build/stm32l4xx_hal_tim.o
HAL_TIMEx_CommutCallback                          build/stm32l4xx_hal_tim_ex.o
                                                  build/stm32l4xx_hal_tim.o
HAL_TIMEx_CommutHalfCpltCallback                  build/stm32l4xx_hal_tim_ex.o
HAL_TIMEx_ConfigBreakDeadTime                     build/stm32l4xx_hal_tim_ex.o
HAL_TIMEx_ConfigBreakInput                        build/stm32l4xx_hal_tim_ex.o
HAL_TIMEx_ConfigCommutEvent                       build/stm32l4xx_hal_tim_ex.o
HAL_TIMEx_ConfigCommutEvent_DMA                   build/stm32l4xx_hal_tim_ex.o
HAL_TIMEx_ConfigCommutEvent_IT                    build/stm32l4xx_hal_tim_ex.o
HAL_TIMEx_GroupChannel5                           build/stm32l4xx_hal_tim_ex.o
HAL_TIMEx_HallSensor_DeInit                       build/stm32l4xx_hal_tim_ex.o
HAL_TIMEx_HallSensor_GetState                     build/stm32l4xx_hal_tim_ex.o
HAL_TIMEx_HallSensor_Init                         build/stm32l4xx_hal_tim_ex.o
HAL_TIMEx_HallSensor_MspDeInit                    build/stm32l4xx_hal_tim_ex.o
HAL_TIMEx_HallSensor_MspInit                      build/stm32l4xx_hal_tim_ex.o
HAL_TIMEx_HallSensor_Start                        build/stm32l4xx_hal_tim_ex.o
HAL_TIMEx_HallSensor_Start_DMA                    build/stm32l4xx_hal_tim_ex.o
HAL_TIMEx_HallSensor_Start_IT                     build/stm32l4xx_hal_tim_ex.o
HAL_TIMEx_HallSensor_Stop                         build/stm32l4xx_hal_tim_ex.o
HAL_TIMEx_HallSensor_Stop_DMA                     build/stm32l4xx_hal_tim_ex.o
HAL_TIMEx_HallSensor_Stop_IT                      build/stm32l4xx_hal_tim_ex.o
HAL_TIMEx_MasterConfigSynchronization             build/stm32l4xx_hal_tim_ex.o
                                                  build/tim.o
HAL_TIMEx_OCN_Start                               build/stm32l4xx_hal_tim_ex.o
HAL_TIMEx_OCN_Start_DMA                           build/stm32l4xx_hal_tim_ex.o
HAL_TIMEx_OCN_Start_IT                            build/stm32l4xx_hal_tim_ex.o
HAL_TIMEx_OCN_Stop                                build/stm32l4xx_hal_tim_ex.o
HAL_TIMEx_OCN_Stop_DMA                            build/stm32l4xx_hal_tim_ex.o
HAL_TIMEx_OCN_Stop_IT                             build/stm32l4xx_hal_tim_ex.o
HAL_TIMEx_OnePulseN_Start                         build/stm32l4xx_hal_tim_ex.o
HAL_TIMEx_OnePulseN_Start_IT                      build/stm32l4xx_hal_tim_ex.o
HAL_TIMEx_OnePulseN_Stop                          build/stm32l4xx_hal_tim_ex.o
HAL_TIMEx_OnePulseN_Stop_IT                       build/stm32l4xx_hal_tim_ex.o
HAL_TIMEx_PWMN_Start                              build/stm32l4xx_hal_tim_ex.o
HAL_TIMEx_PWMN_Start_DMA                          build/stm32l4xx_hal_tim_ex.o
HAL_TIMEx_PWMN_Start_IT                           build/stm32l4xx_hal_tim_ex.o
HAL_TIMEx_PWMN_Stop                               build/stm32l4xx_hal_tim_ex.o
HAL_TIMEx_PWMN_Stop_DMA                           build/stm32l4xx_hal_tim_ex.o
HAL_TIMEx_PWMN_Stop_IT                            build/stm32l4xx_hal_tim_ex.o
HAL_TIMEx_RemapConfig                             build/stm32l4xx_hal_tim_ex.o
HAL_TIM_Base_DeInit                               build/stm32l4xx_hal_tim.o
HAL_TIM_Base_GetState                             build/stm32l4xx_hal_tim.o
HAL_TIM_Base_Init                                 build/stm32l4xx_hal_tim.o
                                                  build/tim.o
HAL_TIM_Base_MspDeInit                            build/tim.o
HAL_TIM_Base_MspInit                              build/tim.o
HAL_TIM_Base_Start                                build/stm32l4xx_hal_tim.o
HAL_TIM_Base_Start_DMA                            build/stm32l4xx_hal_tim.o
HAL_TIM_Base_Start_IT                             build/stm32l4xx_hal_tim.o
HAL_TIM_Base_Stop                                 build/stm32l4xx_hal_tim.o
HAL_TIM_Base_Stop_DMA                             build/stm32l4xx_hal_tim.o
HAL_TIM_Base_Stop_IT                              build/stm32l4xx_hal_tim.o
HAL_TIM_ConfigClockSource                         build/stm32l4xx_hal_tim.o
                                                  build/tim.o
HAL_TIM_ConfigOCrefClear                          build/stm32l4xx_hal_tim.o
HAL_TIM_ConfigTI1Input                            build/stm32l4xx_hal_tim.o
HAL_TIM_DMABurst_ReadStart                        build/stm32l4xx_hal_tim.o
HAL_TIM_DMABurst_ReadStop                         build/stm32l4xx_hal_tim.o
HAL_TIM_DMABurst_WriteStart                       build/stm32l4xx_hal_tim.o
HAL_TIM_DMABurst_WriteStop                        build/stm32l4xx_hal_tim.o
HAL_TIM_Encoder_DeInit                            build/stm32l4xx_hal_tim.o
HAL_TIM_Encoder_GetState                          build/stm32l4xx_hal_tim.o
HAL_TIM_Encoder_Init                              build/stm32l4xx_hal_tim.o
HAL_TIM_Encoder_MspDeInit                         build/stm32l4xx_hal_tim.o
HAL_TIM_Encoder_MspInit                           build/stm32l4xx_hal_tim.o
HAL_TIM_Encoder_Start                             build/stm32l4xx_hal_tim.o
HAL_TIM_Encoder_Start_DMA                         build/stm32l4xx_hal_tim.o
HAL_TIM_Encoder_Start_IT                          build/stm32l4xx_hal_tim.o
HAL_TIM_Encoder_Stop                              build/stm32l4xx_hal_tim.o
HAL_TIM_Encoder_Stop_DMA                          build/stm32l4xx_hal_tim.o
HAL_TIM_Encoder_Stop_IT                           build/stm32l4xx_hal_tim.o
HAL_TIM_ErrorCallback                             build/stm32l4xx_hal_tim.o
HAL_TIM_GenerateEvent                             build/stm32l4xx_hal_tim.o
HAL_TIM_IC_CaptureCallback                        build/stm32l4xx_hal_tim.o
HAL_TIM_IC_CaptureHalfCpltCallback                build/stm32l4xx_hal_tim.o
HAL_TIM_IC_ConfigChannel                          build/stm32l4xx_hal_tim.o
HAL_TIM_IC_DeInit                                 build/stm32l4xx_hal_tim.o
HAL_TIM_IC_GetState                               build/stm32l4xx_hal_tim.o
HAL_TIM_IC_Init                                   build/stm32l4xx_hal_tim.o
HAL_TIM_IC_MspDeInit                              build/stm32l4xx_hal_tim.o
HAL_TIM_IC_MspInit                                build/stm32l4xx_hal_tim.o
HAL_TIM_IC_Start                                  build/stm32l4xx_hal_tim.o
HAL_TIM_IC_Start_DMA                              build/stm32l4xx_hal_tim.o
HAL_TIM_IC_Start_IT                               build/stm32l4xx_hal_tim.o
HAL_TIM_IC_Stop                                   build/stm32l4xx_hal_tim.o
HAL_TIM_IC_Stop_DMA                               build/stm32l4xx_hal_tim.o
HAL_TIM_IC_Stop_IT                                build/stm32l4xx_hal_tim.o
HAL_TIM_IRQHandler                                build/stm32l4xx_hal_tim.o
HAL_TIM_MspPostInit                               build/tim.o
HAL_TIM_OC_ConfigChannel                          build/stm32l4xx_hal_tim.o
HAL_TIM_OC_DeInit                                 build/stm32l4xx_hal_tim.o
HAL_TIM_OC_DelayElapsedCallback                   build/stm32l4xx_hal_tim.o
HAL_TIM_OC_GetState                               build/stm32l4xx_hal_tim.o
HAL_TIM_OC_Init                                   build/stm32l4xx_hal_tim.o
HAL_TIM_OC_MspDeInit                              build/stm32l4xx_hal_tim.o
HAL_TIM_OC_MspInit                                build/stm32l4xx_hal_tim.o
HAL_TIM_OC_Start                                  build/stm32l4xx_hal_tim.o
HAL_TIM_OC_Start_DMA                              build/stm32l4xx_hal_tim.o
HAL_TIM_OC_Start_IT                               build/stm32l4xx_hal_tim.o
HAL_TIM_OC_Stop                                   build/stm32l4xx_hal_tim.o
HAL_TIM_OC_Stop_DMA                               build/stm32l4xx_hal_tim.o
HAL_TIM_OC_Stop_IT                                build/stm32l4xx_hal_tim.o
HAL_TIM_OnePulse_ConfigChannel                    build/stm32l4xx_hal_tim.o
HAL_TIM_OnePulse_DeInit                           build/stm32l4xx_hal_tim.o
HAL_TIM_OnePulse_GetState                         build/stm32l4xx_hal_tim.o
HAL_TIM_OnePulse_Init                             build/stm32l4xx_hal_tim.o
HAL_TIM_OnePulse_MspDeInit                        build/stm32l4xx_hal_tim.o
HAL_TIM_OnePulse_MspInit                          build/stm32l4xx_hal_tim.o
HAL_TIM_OnePulse_Start                            build/stm32l4xx_hal_tim.o
HAL_TIM_OnePulse_Start_IT                         build/stm32l4xx_hal_tim.o
HAL_TIM_OnePulse_Stop                             build/stm32l4xx_hal_tim.o
HAL_TIM_OnePulse_Stop_IT                          build/stm32l4xx_hal_tim.o
HAL_TIM_PWM_ConfigChannel                         build/stm32l4xx_hal_tim.o
                                                  build/tim.o
HAL_TIM_PWM_DeInit                                build/stm32l4xx_hal_tim.o
HAL_TIM_PWM_GetState                              build/stm32l4xx_hal_tim.o
HAL_TIM_PWM_Init                                  build/stm32l4xx_hal_tim.o
                                                  build/tim.o
HAL_TIM_PWM_MspDeInit                             build/tim.o
HAL_TIM_PWM_MspInit                               build/tim.o
HAL_TIM_PWM_PulseFinishedCallback                 build/stm32l4xx_hal_tim.o
HAL_TIM_PWM_PulseFinishedHalfCpltCallback         build/stm32l4xx_hal_tim.o
HAL_TIM_PWM_Start                                 build/stm32l4xx_hal_tim.o
                                                  build/addressable_led_driver.o
HAL_TIM_PWM_Start_DMA                             build/stm32l4xx_hal_tim.o
                                                  build/addressable_led_driver.o
HAL_TIM_PWM_Start_IT                              build/stm32l4xx_hal_tim.o
HAL_TIM_PWM_Stop                                  build/stm32l4xx_hal_tim.o
                                                  build/addressable_led_driver.o
HAL_TIM_PWM_Stop_DMA                              build/stm32l4xx_hal_tim.o
HAL_TIM_PWM_Stop_IT                               build/stm32l4xx_hal_tim.o
HAL_TIM_PeriodElapsedCallback                     build/stm32l4xx_hal_tim.o
HAL_TIM_PeriodElapsedHalfCpltCallback             build/stm32l4xx_hal_tim.o
HAL_TIM_ReadCapturedValue                         build/stm32l4xx_hal_tim.o
HAL_TIM_SlaveConfigSynchro                        build/stm32l4xx_hal_tim.o
HAL_TIM_SlaveConfigSynchro_IT                     build/stm32l4xx_hal_tim.o
HAL_TIM_TriggerCallback                           build/stm32l4xx_hal_tim.o
HAL_TIM_TriggerHalfCpltCallback                   build/stm32l4xx_hal_tim.o
HAL_UARTEx_DisableClockStopMode                   build/stm32l4xx_hal_uart_ex.o
HAL_UARTEx_DisableStopMode                        build/stm32l4xx_hal_uart_ex.o
HAL_UARTEx_EnableClockStopMode                    build/stm32l4xx_hal_uart_ex.o
HAL_UARTEx_EnableStopMode                         build/stm32l4xx_hal_uart_ex.o
HAL_UARTEx_StopModeWakeUpSourceConfig             build/stm32l4xx_hal_uart_ex.o
HAL_UARTEx_WakeupCallback                         build/stm32l4xx_hal_uart_ex.o
                                                  build/stm32l4xx_hal_uart.o
HAL_UART_Abort                                    build/stm32l4xx_hal_uart.o
HAL_UART_AbortCpltCallback                        build/stm32l4xx_hal_uart.o
HAL_UART_AbortReceive                             build/stm32l4xx_hal_uart.o
HAL_UART_AbortReceiveCpltCallback                 build/stm32l4xx_hal_uart.o
HAL_UART_AbortReceive_IT                          build/stm32l4xx_hal_uart.o
HAL_UART_AbortTransmit                            build/stm32l4xx_hal_uart.o
HAL_UART_AbortTransmitCpltCallback                build/stm32l4xx_hal_uart.o
HAL_UART_AbortTransmit_IT                         build/stm32l4xx_hal_uart.o
HAL_UART_Abort_IT                                 build/stm32l4xx_hal_uart.o
HAL_UART_DMAPause                                 build/stm32l4xx_hal_uart.o
HAL_UART_DMAResume                                build/stm32l4xx_hal_uart.o
HAL_UART_DMAStop                                  build/stm32l4xx_hal_uart.o
HAL_UART_DeInit                                   build/stm32l4xx_hal_uart.o
HAL_UART_DisableReceiverTimeout                   build/stm32l4xx_hal_uart.o
HAL_UART_EnableReceiverTimeout                    build/stm32l4xx_hal_uart.o
HAL_UART_ErrorCallback                            build/stm32l4xx_hal_uart.o
HAL_UART_GetError                                 build/stm32l4xx_hal_uart.o
HAL_UART_GetState                                 build/stm32l4xx_hal_uart.o
HAL_UART_IRQHandler                               build/stm32l4xx_hal_uart.o
HAL_UART_Init                                     build/stm32l4xx_hal_uart.o
                                                  build/usart.o
HAL_UART_MspDeInit                                build/usart.o
HAL_UART_MspInit                                  build/usart.o
                                                  build/stm32l4xx_hal_uart_ex.o
HAL_UART_Receive                                  build/stm32l4xx_hal_uart.o
HAL_UART_Receive_DMA                              build/stm32l4xx_hal_uart.o
HAL_UART_Receive_IT                               build/stm32l4xx_hal_uart.o
HAL_UART_ReceiverTimeout_Config                   build/stm32l4xx_hal_uart.o
HAL_UART_RxCpltCallback                           build/stm32l4xx_hal_uart.o
HAL_UART_RxHalfCpltCallback                       build/stm32l4xx_hal_uart.o
HAL_UART_Transmit                                 build/stm32l4xx_hal_uart.o
HAL_UART_Transmit_DMA                             build/stm32l4xx_hal_uart.o
HAL_UART_Transmit_IT                              build/stm32l4xx_hal_uart.o
HAL_UART_TxCpltCallback                           build/stm32l4xx_hal_uart.o
HAL_UART_TxHalfCpltCallback                       build/stm32l4xx_hal_uart.o
HardFault_Handler                                 build/stm32l4xx_it.o
I2C1_ER_IRQHandler                                build/startup_stm32l452xx.o
I2C1_EV_IRQHandler                                build/startup_stm32l452xx.o
I2C2_ER_IRQHandler                                build/startup_stm32l452xx.o
I2C2_EV_IRQHandler                                build/startup_stm32l452xx.o
I2C3_ER_IRQHandler                                build/startup_stm32l452xx.o
I2C3_EV_IRQHandler                                build/startup_stm32l452xx.o
I2C4_ER_IRQHandler                                build/startup_stm32l452xx.o
I2C4_EV_IRQHandler                                build/startup_stm32l452xx.o
LPTIM1_IRQHandler                                 build/startup_stm32l452xx.o
LPTIM2_IRQHandler                                 build/startup_stm32l452xx.o
LPUART1_IRQHandler                                build/startup_stm32l452xx.o
MICROSECOND_PRESCALER                             build/addressable_led_driver.o
MILLISECOND_PRESCALER                             build/addressable_led_driver.o
MSIRangeTable                                     build/system_stm32l4xx.o
                                                  build/stm32l4xx_hal_rcc_ex.o
                                                  build/stm32l4xx_hal_rcc.o
MX_DMA_Init                                       build/dma.o
                                                  build/main.o
MX_GPIO_Init                                      build/gpio.o
                                                  build/main.o
MX_TIM2_Init                                      build/tim.o
                                                  build/main.o
MX_TIM3_Init                                      build/tim.o
                                                  build/main.o
MX_USART2_UART_Init                               build/usart.o
                                                  build/main.o
MemManage_Handler                                 build/stm32l4xx_it.o
NMI_Handler                                       build/stm32l4xx_it.o
PVD_PVM_IRQHandler                                build/startup_stm32l452xx.o
PendSV_Handler                                    build/stm32l4xx_it.o
QUADSPI_IRQHandler                                build/startup_stm32l452xx.o
RCC_IRQHandler                                    build/startup_stm32l452xx.o
RNG_IRQHandler                                    build/startup_stm32l452xx.o
RTC_Alarm_IRQHandler                              build/startup_stm32l452xx.o
RTC_WKUP_IRQHandler                               build/startup_stm32l452xx.o
Reset_Handler                                     build/startup_stm32l452xx.o
SAI1_IRQHandler                                   build/startup_stm32l452xx.o
SDMMC1_IRQHandler                                 build/startup_stm32l452xx.o
SPI1_IRQHandler                                   build/startup_stm32l452xx.o
SPI2_IRQHandler                                   build/startup_stm32l452xx.o
SPI3_IRQHandler                                   build/startup_stm32l452xx.o
SVC_Handler                                       build/stm32l4xx_it.o
SysTick_Handler                                   build/stm32l4xx_it.o
SystemClock_Config                                build/main.o
SystemCoreClock                                   build/system_stm32l4xx.o
                                                  build/stm32l4xx_hal_pwr_ex.o
                                                  build/stm32l4xx_hal_rcc.o
                                                  build/stm32l4xx_hal.o
SystemCoreClockUpdate                             build/system_stm32l4xx.o
SystemInit                                        build/system_stm32l4xx.o
                                                  build/startup_stm32l452xx.o
TAMP_STAMP_IRQHandler                             build/startup_stm32l452xx.o
TIM1_BRK_TIM15_IRQHandler                         build/startup_stm32l452xx.o
TIM1_CC_IRQHandler                                build/startup_stm32l452xx.o
TIM1_TRG_COM_IRQHandler                           build/startup_stm32l452xx.o