Archive member included to satisfy reference by file (symbol)

/Users/isikcanyilmaz/KODMOD/b607/test/mcu/tools/gcc9.2.1/mac/bin/../lib/gcc/arm-none-eabi/9.2.1/../../../../arm-none-eabi/lib/thumb/v7e-m+fp/hard/libc_nano.a(lib_a-exit.o)
                              /Users/isikcanyilmaz/KODMOD/b607/test/mcu/tools/gcc9.2.1/mac/bin/../lib/gcc/arm-none-eabi/9.2.1/../../../../arm-none-eabi/lib/thumb/v7e-m+fp/hard/crt0.o (exit)
/Users/isikcanyilmaz/KODMOD/b607/test/mcu/tools/gcc9.2.1/mac/bin/../lib/gcc/arm-none-eabi/9.2.1/../../../../arm-none-eabi/lib/thumb/v7e-m+fp/hard/libc_nano.a(lib_a-impure.o)
                              /Users/isikcanyilmaz/KODMOD/b607/test/mcu/tools/gcc9.2.1/mac/bin/../lib/gcc/arm-none-eabi/9.2.1/../../../../arm-none-eabi/lib/thumb/v7e-m+fp/hard/libc_nano.a(lib_a-exit.o) (_global_impure_ptr)
/Users/isikcanyilmaz/KODMOD/b607/test/mcu/tools/gcc9.2.1/mac/bin/../lib/gcc/arm-none-eabi/9.2.1/../../../../arm-none-eabi/lib/thumb/v7e-m+fp/hard/libc_nano.a(lib_a-init.o)
                              /Users/isikcanyilmaz/KODMOD/b607/test/mcu/tools/gcc9.2.1/mac/bin/../lib/gcc/arm-none-eabi/9.2.1/../../../../arm-none-eabi/lib/thumb/v7e-m+fp/hard/crt0.o (__libc_init_array)
/Users/isikcanyilmaz/KODMOD/b607/test/mcu/tools/gcc9.2.1/mac/bin/../lib/gcc/arm-none-eabi/9.2.1/../../../../arm-none-eabi/lib/thumb/v7e-m+fp/hard/libc_nano.a(lib_a-memset.o)
                              /Users/isikcanyilmaz/KODMOD/b607/test/mcu/tools/gcc9.2.1/mac/bin/../lib/gcc/arm-none-eabi/9.2.1/../../../../arm-none-eabi/lib/thumb/v7e-m+fp/hard/crt0.o (memset)
/Users/isikcanyilmaz/KODMOD/b607/test/mcu/tools/gcc9.2.1/mac/bin/../lib/gcc/arm-none-eabi/9.2.1/../../../../arm-none-eabi/lib/thumb/v7e-m+fp/hard/libc_nano.a(lib_a-rand.o)
                              build/random_fade_animation.o (rand)
/Users/isikcanyilmaz/KODMOD/b607/test/mcu/tools/gcc9.2.1/mac/bin/../lib/gcc/arm-none-eabi/9.2.1/../../../../arm-none-eabi/lib/thumb/v7e-m+fp/hard/libc_nano.a(lib_a-malloc.o)
                              /Users/isikcanyilmaz/KODMOD/b607/test/mcu/tools/gcc9.2.1/mac/bin/../lib/gcc/arm-none-eabi/9.2.1/../../../../arm-none-eabi/lib/thumb/v7e-m+fp/hard/libc_nano.a(lib_a-rand.o) (malloc)
/Users/isikcanyilmaz/KODMOD/b607/test/mcu/tools/gcc9.2.1/mac/bin/../lib/gcc/arm-none-eabi/9.2.1/../../../../arm-none-eabi/lib/thumb/v7e-m+fp/hard/libc_nano.a(lib_a-nano-freer.o)
                              /Users/isikcanyilmaz/KODMOD/b607/test/mcu/tools/gcc9.2.1/mac/bin/../lib/gcc/arm-none-eabi/9.2.1/../../../../arm-none-eabi/lib/thumb/v7e-m+fp/hard/libc_nano.a(lib_a-malloc.o) (_free_r)
/Users/isikcanyilmaz/KODMOD/b607/test/mcu/tools/gcc9.2.1/mac/bin/../lib/gcc/arm-none-eabi/9.2.1/../../../../arm-none-eabi/lib/thumb/v7e-m+fp/hard/libc_nano.a(lib_a-nano-mallocr.o)
                              /Users/isikcanyilmaz/KODMOD/b607/test/mcu/tools/gcc9.2.1/mac/bin/../lib/gcc/arm-none-eabi/9.2.1/../../../../arm-none-eabi/lib/thumb/v7e-m+fp/hard/libc_nano.a(lib_a-malloc.o) (_malloc_r)
/Users/isikcanyilmaz/KODMOD/b607/test/mcu/tools/gcc9.2.1/mac/bin/../lib/gcc/arm-none-eabi/9.2.1/../../../../arm-none-eabi/lib/thumb/v7e-m+fp/hard/libc_nano.a(lib_a-sbrkr.o)
                              /Users/isikcanyilmaz/KODMOD/b607/test/mcu/tools/gcc9.2.1/mac/bin/../lib/gcc/arm-none-eabi/9.2.1/../../../../arm-none-eabi/lib/thumb/v7e-m+fp/hard/libc_nano.a(lib_a-nano-mallocr.o) (_sbrk_r)
/Users/isikcanyilmaz/KODMOD/b607/test/mcu/tools/gcc9.2.1/mac/bin/../lib/gcc/arm-none-eabi/9.2.1/../../../../arm-none-eabi/lib/thumb/v7e-m+fp/hard/libc_nano.a(lib_a-mlock.o)
                              /Users/isikcanyilmaz/KODMOD/b607/test/mcu/tools/gcc9.2.1/mac/bin/../lib/gcc/arm-none-eabi/9.2.1/../../../../arm-none-eabi/lib/thumb/v7e-m+fp/hard/libc_nano.a(lib_a-nano-freer.o) (__malloc_lock)
/Users/isikcanyilmaz/KODMOD/b607/test/mcu/tools/gcc9.2.1/mac/bin/../lib/gcc/arm-none-eabi/9.2.1/../../../../arm-none-eabi/lib/thumb/v7e-m+fp/hard/libc_nano.a(lib_a-reent.o)
                              /Users/isikcanyilmaz/KODMOD/b607/test/mcu/tools/gcc9.2.1/mac/bin/../lib/gcc/arm-none-eabi/9.2.1/../../../../arm-none-eabi/lib/thumb/v7e-m+fp/hard/libc_nano.a(lib_a-sbrkr.o) (errno)
/Users/isikcanyilmaz/KODMOD/b607/test/mcu/tools/gcc9.2.1/mac/bin/../lib/gcc/arm-none-eabi/9.2.1/../../../../arm-none-eabi/lib/thumb/v7e-m+fp/hard/libc_nano.a(lib_a-lock.o)
                              /Users/isikcanyilmaz/KODMOD/b607/test/mcu/tools/gcc9.2.1/mac/bin/../lib/gcc/arm-none-eabi/9.2.1/../../../../arm-none-eabi/lib/thumb/v7e-m+fp/hard/libc_nano.a(lib_a-mlock.o) (__retarget_lock_acquire_recursive)
/Users/isikcanyilmaz/KODMOD/b607/test/mcu/tools/gcc9.2.1/mac/bin/../lib/gcc/arm-none-eabi/9.2.1/../../../../arm-none-eabi/lib/thumb/v7e-m+fp/hard/libm.a(lib_a-s_trunc.o)
                              build/color.o (trunc)
/Users/isikcanyilmaz/KODMOD/b607/test/mcu/tools/gcc9.2.1/mac/bin/../lib/gcc/arm-none-eabi/9.2.1/../../../../arm-none-eabi/lib/thumb/v7e-m+fp/hard/libm.a(lib_a-w_fmod.o)
[...]
Memory Configuration

Name             Origin             Length             Attributes
RAM              0x0000000020000000 0x0000000000028000 xrw
FLASH            0x0000000008000000 0x0000000000080000 xr
*default*        0x0000000000000000 0xffffffffffffffff

Linker script and memory map

LOAD /Users/isikcanyilmaz/KODMOD/b607/test/mcu/tools/gcc9.2.1/mac/bin/../lib/gcc/arm-none-eabi/9.2.1/thumb/v7e-m+fp/hard/crti.o
LOAD /Users/isikcanyilmaz/KODMOD/b607/test/mcu/tools/gcc9.2.1/mac/bin/../lib/gcc/arm-none-eabi/9.2.1/thumb/v7e-m+fp/hard/crtbegin.o
LOAD /Users/isikcanyilmaz/KODMOD/b607/test/mcu/tools/gcc9.2.1/mac/bin/../lib/gcc/arm-none-eabi/9.2.1/../../../../arm-none-eabi/lib/thumb/v7e-m+fp/hard/crt0.o
LOAD build/main.o
LOAD build/gpio.o
LOAD build/dma.o
LOAD build/tim.o
LOAD build/usart.o
LOAD build/stm32l4xx_it.o
LOAD build/stm32l4xx_hal_msp.o
LOAD build/stm32l4xx_hal_tim.o
LOAD build/stm32l4xx_hal_tim_ex.o
LOAD build/stm32l4xx_hal.o
LOAD build/stm32l4xx_hal_i2c.o
LOAD build/stm32l4xx_hal_i2c_ex.o
LOAD build/stm32l4xx_hal_rcc.o
LOAD build/stm32l4xx_hal_rcc_ex.o
LOAD build/stm32l4xx_hal_flash.o
LOAD build/stm32l4xx_hal_flash_ex.o
LOAD build/stm32l4xx_hal_flash_ramfunc.o
LOAD build/stm32l4xx_hal_gpio.o
LOAD build/stm32l4xx_hal_dma.o
LOAD build/stm32l4xx_hal_dma_ex.o
LOAD build/stm32l4xx_hal_pwr.o
LOAD build/stm32l4xx_hal_pwr_ex.o
LOAD build/stm32l4xx_hal_cortex.o
LOAD build/stm32l4xx_hal_exti.o
LOAD build/stm32l4xx_hal_uart.o
LOAD build/stm32l4xx_hal_uart_ex.o
LOAD build/stm32l4xx_hal_adc.o
LOAD build/stm32l4xx_hal_adc_ex.o
LOAD build/stm32l4xx_hal_pcd.o
LOAD build/stm32l4xx_hal_pcd_ex.o
LOAD build/stm32l4xx_ll_usb.o
LOAD build/system_stm32l4xx.o
LOAD build/addressable_led_driver.o
LOAD build/addressable_led_manager.o
LOAD build/led.o
LOAD build/random_fade_animation.o
LOAD build/random_triangles_animation.o
LOAD build/sw_timers.o
LOAD build/utils.o
LOAD build/color.o
LOAD build/dbg_uart.o
LOAD build/adc.o
LOAD build/i2c.o
LOAD build/usb.o
LOAD build/button_driver.o
LOAD build/geometry.o
LOAD build/queue.o
LOAD build/events.o
LOAD build/startup_stm32l452xx.o
LOAD /Users/isikcanyilmaz/KODMOD/b607/test/mcu/tools/gcc9.2.1/mac/bin/../lib/gcc/arm-none-eabi/9.2.1/../../../../arm-none-eabi/lib/thumb/v7e-m+fp/hard/libc_nano.a
LOAD /Users/isikcanyilmaz/KODMOD/b607/test/mcu/tools/gcc9.2.1/mac/bin/../lib/gcc/arm-none-eabi/9.2.1/../../../../arm-none-eabi/lib/thumb/v7e-m+fp/hard/libm.a
LOAD /Users/isikcanyilmaz/KODMOD/b607/test/mcu/tools/gcc9.2.1/mac/bin/../lib/gcc/arm-none-eabi/9.2.1/../../../../arm-none-eabi/lib/thumb/v7e-m+fp/hard/libnosys.a
START GROUP
LOAD /Users/isikcanyilmaz/KODMOD/b607/test/mcu/tools/gcc9.2.1/mac/bin/../lib/gcc/arm-none-eabi/9.2.1/thumb/v7e-m+fp/hard/libgcc.a
LOAD /Users/isikcanyilmaz/KODMOD/b607/test/mcu/tools/gcc9.2.1/mac/bin/../lib/gcc/arm-none-eabi/9.2.1/../../../../arm-none-eabi/lib/thumb/v7e-m+fp/hard/libc_nano.a
END GROUP
START GROUP
LOAD /Users/isikcanyilmaz/KODMOD/b607/test/mcu/tools/gcc9.2.1/mac/bin/../lib/gcc/arm-none-eabi/9.2.1/thumb/v7e-m+fp/hard/libgcc.a
LOAD /Users/isikcanyilmaz/KODMOD/b607/test/mcu/tools/gcc9.2.1/mac/bin/../lib/gcc/arm-none-eabi/9.2.1/../../../../arm-none-eabi/lib/thumb/v7e-m+fp/hard/libc_nano.a
END GROUP
LOAD /Users/isikcanyilmaz/KODMOD/b607/test/mcu/tools/gcc9.2.1/mac/bin/../lib/gcc/arm-none-eabi/9.2.1/thumb/v7e-m+fp/hard/crtend.o
LOAD /Users/isikcanyilmaz/KODMOD/b607/test/mcu/tools/gcc9.2.1/mac/bin/../lib/gcc/arm-none-eabi/9.2.1/thumb/v7e-m+fp/hard/crtn.o
                0x0000000020028000                _estack = 0x20028000
                0x0000000000000200                _Min_Heap_Size = 0x200
                0x0000000000000400                _Min_Stack_Size = 0x400

.isr_vector     0x0000000008000000      0x198
                0x0000000008000000                . = ALIGN (0x8)
 *(.isr_vector)
 .isr_vector    0x0000000008000000      0x194 build/startup_stm32l452xx.o
                0x0000000008000000                g_pfnVectors
                0x0000000008000198                . = ALIGN (0x8)
 *fill*         0x0000000008000194        0x4 

.text           0x0000000008000198     0x98b8
                0x0000000008000198                . = ALIGN (0x8)
 *(.text)
 .text          0x0000000008000198       0x40 /Users/isikcanyilmaz/KODMOD/b607/test/mcu/tools/gcc9.2.1/mac/bin/../lib/gcc/arm-none-eabi/9.2.1/thumb/v7e-m+fp/hard/crtbegin.o
 .text          0x00000000080001d8      0x378 /Users/isikcanyilmaz/KODMOD/b607/test/mcu/tools/gcc9.2.1/mac/bin/../lib/gcc/arm-none-eabi/9.2.1/thumb/v7e-m+fp/hard/libgcc.a(_arm_addsubdf3.o)
                0x00000000080001d8                __aeabi_drsub
                0x00000000080001e0                __subdf3
                0x00000000080001e0                __aeabi_dsub
                0x00000000080001e4                __aeabi_dadd
                0x00000000080001e4                __adddf3
                0x000000000800045c                __aeabi_ui2d
                0x000000000800045c                __floatunsidf
                0x000000000800047c                __floatsidf
                0x000000000800047c                __aeabi_i2d
                0x00000000080004a0                __extendsfdf2
                0x00000000080004a0                __aeabi_f2d
                0x00000000080004e4                __aeabi_ul2d
                0x00000000080004e4                __floatundidf
                0x00000000080004f4                __aeabi_l2d
                0x00000000080004f4                __floatdidf
 .text          0x0000000008000550      0x424 /Users/isikcanyilmaz/KODMOD/b607/test/mcu/tools/gcc9.2.1/mac/bin/../lib/gcc/arm-none-eabi/9.2.1/thumb/v7e-m+fp/hard/libgcc.a(_arm_muldivdf3.o)
                0x0000000008000550                __aeabi_dmul
                0x0000000008000550                __muldf3
                0x00000000080007a4                __aeabi_ddiv
                0x00000000080007a4                __divdf3
 .text          0x0000000008000974      0x110 /Users/isikcanyilmaz/KODMOD/b607/test/mcu/tools/gcc9.2.1/mac/bin/../lib/gcc/arm-none-eabi/9.2.1/thumb/v7e-m+fp/hard/libgcc.a(_arm_cmpdf2.o)
                0x0000000008000974                __gedf2
                0x0000000008000974                __gtdf2
                0x000000000800097c                __ledf2
                0x000000000800097c                __ltdf2
                0x0000000008000984                __cmpdf2
                0x0000000008000984                __eqdf2
                0x0000000008000984                __nedf2
                0x0000000008000a00                __aeabi_cdrcmple
                0x0000000008000a10                __aeabi_cdcmple
                0x0000000008000a10                __aeabi_cdcmpeq
                0x0000000008000a20                __aeabi_dcmpeq
                0x0000000008000a34                __aeabi_dcmplt
                0x0000000008000a48                __aeabi_dcmple
                0x0000000008000a5c                __aeabi_dcmpge
                0x0000000008000a70                __aeabi_dcmpgt
 .text          0x0000000008000a84       0x2c /Users/isikcanyilmaz/KODMOD/b607/test/mcu/tools/gcc9.2.1/mac/bin/../lib/gcc/arm-none-eabi/9.2.1/thumb/v7e-m+fp/hard/libgcc.a(_arm_unorddf2.o)
                0x0000000008000a84                __aeabi_dcmpun
                0x0000000008000a84                __unorddf2
 .text          0x0000000008000ab0       0x50 /Users/isikcanyilmaz/KODMOD/b607/test/mcu/tools/gcc9.2.1/mac/bin/../lib/gcc/arm-none-eabi/9.2.1/thumb/v7e-m+fp/hard/libgcc.a(_arm_fixdfsi.o)
                0x0000000008000ab0                __fixdfsi
                0x0000000008000ab0                __aeabi_d2iz
 .text          0x0000000008000b00       0x40 /Users/isikcanyilmaz/KODMOD/b607/test/mcu/tools/gcc9.2.1/mac/bin/../lib/gcc/arm-none-eabi/9.2.1/thumb/v7e-m+fp/hard/libgcc.a(_arm_fixunsdfsi.o)
                0x0000000008000b00                __fixunsdfsi
                0x0000000008000b00                __aeabi_d2uiz
 .text          0x0000000008000b40       0x30 /Users/isikcanyilmaz/KODMOD/b607/test/mcu/tools/gcc9.2.1/mac/bin/../lib/gcc/arm-none-eabi/9.2.1/thumb/v7e-m+fp/hard/libgcc.a(_aeabi_uldivmod.o)
                0x0000000008000b40                __aeabi_uldivmod
 .text          0x0000000008000b70      0x2c4 /Users/isikcanyilmaz/KODMOD/b607/test/mcu/tools/gcc9.2.1/mac/bin/../lib/gcc/arm-none-eabi/9.2.1/thumb/v7e-m+fp/hard/libgcc.a(_udivmoddi4.o)
                0x0000000008000b70                __udivmoddi4
 .text          0x0000000008000e34        0x4 /Users/isikcanyilmaz/KODMOD/b607/test/mcu/tools/gcc9.2.1/mac/bin/../lib/gcc/arm-none-eabi/9.2.1/thumb/v7e-m+fp/hard/libgcc.a(_dvmd_tls.o)
                0x0000000008000e34                __aeabi_ldiv0
                0x0000000008000e34                __aeabi_idiv0
 *(.text*)
 .text.main     0x0000000008000e38       0x4a build/main.o
                0x0000000008000e38                main
 *fill*         0x0000000008000e82        0x2 
 .text.SystemClock_Config
                0x0000000008000e84       0xc8 build/main.o
                0x0000000008000e84                SystemClock_Config
 .text.Error_Handler
                0x0000000008000f4c        0xe build/main.o
                0x0000000008000f4c                Error_Handler
 *fill*         0x0000000008000f5a        0x2 
 .text.MX_GPIO_Init
                0x0000000008000f5c      0x120 build/gpio.o
                0x0000000008000f5c                MX_GPIO_Init
 .text.MX_DMA_Init
                0x000000000800107c       0x5c build/dma.o
                0x000000000800107c                MX_DMA_Init
 .text.MX_TIM2_Init
                0x00000000080010d8       0xdc build/tim.o
                0x00000000080010d8                MX_TIM2_Init
 .text.MX_TIM3_Init
                0x00000000080011b4      0x104 build/tim.o
                0x00000000080011b4                MX_TIM3_Init
 .text.HAL_TIM_PWM_MspInit
                0x00000000080012b8       0x3c build/tim.o
                0x00000000080012b8                HAL_TIM_PWM_MspInit
 .text.HAL_TIM_Base_MspInit
                0x00000000080012f4       0xa4 build/tim.o
                0x00000000080012f4                HAL_TIM_Base_MspInit
 .text.HAL_TIM_MspPostInit
                0x0000000008001398      0x12c build/tim.o
                0x0000000008001398                HAL_TIM_MspPostInit
 .text.MX_UART4_Init
                0x00000000080014c4       0x60 build/usart.o
                0x00000000080014c4                MX_UART4_Init
 .text.MX_USART2_UART_Init
                0x0000000008001524       0x60 build/usart.o
                0x0000000008001524                MX_USART2_UART_Init
 .text.HAL_UART_MspInit
                0x0000000008001584      0x20c build/usart.o
                0x0000000008001584                HAL_UART_MspInit
 .text.NMI_Handler
                0x0000000008001790        0xe build/stm32l4xx_it.o
                0x0000000008001790                NMI_Handler
 .text.HardFault_Handler
                0x000000000800179e        0x6 build/stm32l4xx_it.o
                0x000000000800179e                HardFault_Handler
 .text.MemManage_Handler
                0x00000000080017a4        0x6 build/stm32l4xx_it.o
                0x00000000080017a4                MemManage_Handler
 .text.BusFault_Handler
                0x00000000080017aa        0x6 build/stm32l4xx_it.o
                0x00000000080017aa                BusFault_Handler
 .text.UsageFault_Handler
                0x00000000080017b0        0x6 build/stm32l4xx_it.o
                0x00000000080017b0                UsageFault_Handler
 .text.SVC_Handler
                0x00000000080017b6        0xe build/stm32l4xx_it.o
                0x00000000080017b6                SVC_Handler
 .text.DebugMon_Handler
                0x00000000080017c4        0xe build/stm32l4xx_it.o
                0x00000000080017c4                DebugMon_Handler
 .text.PendSV_Handler
                0x00000000080017d2        0xe build/stm32l4xx_it.o
                0x00000000080017d2                PendSV_Handler
 .text.SysTick_Handler
                0x00000000080017e0       0x10 build/stm32l4xx_it.o
                0x00000000080017e0                SysTick_Handler
 .text.DMA1_Channel3_IRQHandler
                0x00000000080017f0       0x14 build/stm32l4xx_it.o
                0x00000000080017f0                DMA1_Channel3_IRQHandler
 .text.DMA1_Channel6_IRQHandler
                0x0000000008001804       0x14 build/stm32l4xx_it.o
                0x0000000008001804                DMA1_Channel6_IRQHandler
 .text.DMA1_Channel7_IRQHandler
                0x0000000008001818       0x14 build/stm32l4xx_it.o
                0x0000000008001818                DMA1_Channel7_IRQHandler
 .text.USART2_IRQHandler
                0x000000000800182c       0x18 build/stm32l4xx_it.o
                0x000000000800182c                USART2_IRQHandler
 .text.EXTI15_10_IRQHandler
                0x0000000008001844       0x14 build/stm32l4xx_it.o
                0x0000000008001844                EXTI15_10_IRQHandler
 .text.HAL_MspInit
                0x0000000008001858       0x48 build/stm32l4xx_hal_msp.o
                0x0000000008001858                HAL_MspInit
 .text.HAL_TIM_Base_Init
                0x00000000080018a0       0xae build/stm32l4xx_hal_tim.o
                0x00000000080018a0                HAL_TIM_Base_Init
 .text.HAL_TIM_PWM_Init
                0x000000000800194e       0xae build/stm32l4xx_hal_tim.o
                0x000000000800194e                HAL_TIM_PWM_Init
 .text.HAL_TIM_PWM_Stop
                0x00000000080019fc      0x110 build/stm32l4xx_hal_tim.o
                0x00000000080019fc                HAL_TIM_PWM_Stop
 .text.HAL_TIM_PWM_Start_DMA
                0x0000000008001b0c      0x3fc build/stm32l4xx_hal_tim.o
                0x0000000008001b0c                HAL_TIM_PWM_Start_DMA
 .text.HAL_TIM_PWM_ConfigChannel
                0x0000000008001f08      0x228 build/stm32l4xx_hal_tim.o
                0x0000000008001f08                HAL_TIM_PWM_ConfigChannel
 .text.HAL_TIM_ConfigClockSource
                0x0000000008002130      0x192 build/stm32l4xx_hal_tim.o
                0x0000000008002130                HAL_TIM_ConfigClockSource
 .text.HAL_TIM_PWM_PulseFinishedCallback
                0x00000000080022c2       0x14 build/stm32l4xx_hal_tim.o
                0x00000000080022c2                HAL_TIM_PWM_PulseFinishedCallback
 .text.HAL_TIM_PWM_PulseFinishedHalfCpltCallback
                0x00000000080022d6       0x14 build/stm32l4xx_hal_tim.o
                0x00000000080022d6                HAL_TIM_PWM_PulseFinishedHalfCpltCallback
 .text.HAL_TIM_ErrorCallback
                0x00000000080022ea       0x14 build/stm32l4xx_hal_tim.o
                0x00000000080022ea                HAL_TIM_ErrorCallback
 .text.TIM_DMAError
                0x00000000080022fe       0x92 build/stm32l4xx_hal_tim.o
                0x00000000080022fe                TIM_DMAError
 .text.TIM_DMADelayPulseCplt
                0x0000000008002390       0xa8 build/stm32l4xx_hal_tim.o
 .text.TIM_DMADelayPulseHalfCplt
                0x0000000008002438       0x68 build/stm32l4xx_hal_tim.o
                0x0000000008002438                TIM_DMADelayPulseHalfCplt
 .text.TIM_Base_SetConfig
                0x00000000080024a0       0xdc build/stm32l4xx_hal_tim.o
                0x00000000080024a0                TIM_Base_SetConfig
 .text.TIM_OC1_SetConfig
                0x000000000800257c       0xf8 build/stm32l4xx_hal_tim.o
 .text.TIM_OC2_SetConfig
                0x0000000008002674       0xf4 build/stm32l4xx_hal_tim.o
                0x0000000008002674                TIM_OC2_SetConfig
 .text.TIM_OC3_SetConfig
                0x0000000008002768       0xf0 build/stm32l4xx_hal_tim.o
 .text.TIM_OC4_SetConfig
                0x0000000008002858       0xbc build/stm32l4xx_hal_tim.o
 .text.TIM_OC5_SetConfig
                0x0000000008002914       0xb0 build/stm32l4xx_hal_tim.o
 .text.TIM_OC6_SetConfig
                0x00000000080029c4       0xb4 build/stm32l4xx_hal_tim.o
 .text.TIM_TI1_ConfigInputStage
                0x0000000008002a78       0x5e build/stm32l4xx_hal_tim.o
 .text.TIM_TI2_ConfigInputStage
                0x0000000008002ad6       0x60 build/stm32l4xx_hal_tim.o
 .text.TIM_ITRx_SetConfig
                0x0000000008002b36       0x36 build/stm32l4xx_hal_tim.o
 .text.TIM_ETR_SetConfig
                0x0000000008002b6c       0x40 build/stm32l4xx_hal_tim.o
                0x0000000008002b6c                TIM_ETR_SetConfig
 .text.TIM_CCxChannelCmd
                0x0000000008002bac       0x4a build/stm32l4xx_hal_tim.o
                0x0000000008002bac                TIM_CCxChannelCmd
 *fill*         0x0000000008002bf6        0x2 
 .text.HAL_TIMEx_MasterConfigSynchronization
                0x0000000008002bf8       0xdc build/stm32l4xx_hal_tim_ex.o
                0x0000000008002bf8                HAL_TIMEx_MasterConfigSynchronization
 .text.HAL_Init
                0x0000000008002cd4       0x40 build/stm32l4xx_hal.o
                0x0000000008002cd4                HAL_Init
 .text.HAL_InitTick
                0x0000000008002d14       0x78 build/stm32l4xx_hal.o
                0x0000000008002d14                HAL_InitTick
 .text.HAL_IncTick
                0x0000000008002d8c       0x28 build/stm32l4xx_hal.o
                0x0000000008002d8c                HAL_IncTick
 .text.HAL_GetTick
                0x0000000008002db4       0x18 build/stm32l4xx_hal.o
                0x0000000008002db4                HAL_GetTick
 .text.HAL_Delay
                0x0000000008002dcc       0x48 build/stm32l4xx_hal.o
                0x0000000008002dcc                HAL_Delay
 .text.HAL_I2C_Init
                0x0000000008002e14      0x11e build/stm32l4xx_hal_i2c.o
                0x0000000008002e14                HAL_I2C_Init
 .text.HAL_I2CEx_ConfigAnalogFilter
                0x0000000008002f32       0x96 build/stm32l4xx_hal_i2c_ex.o
                0x0000000008002f32                HAL_I2CEx_ConfigAnalogFilter
 .text.HAL_I2CEx_ConfigDigitalFilter
                0x0000000008002fc8       0x98 build/stm32l4xx_hal_i2c_ex.o
                0x0000000008002fc8                HAL_I2CEx_ConfigDigitalFilter
 .text.HAL_RCC_OscConfig
                0x0000000008003060      0x824 build/stm32l4xx_hal_rcc.o
                0x0000000008003060                HAL_RCC_OscConfig
 .text.HAL_RCC_ClockConfig
                0x0000000008003884      0x200 build/stm32l4xx_hal_rcc.o
                0x0000000008003884                HAL_RCC_ClockConfig
 .text.HAL_RCC_GetSysClockFreq
                0x0000000008003a84      0x118 build/stm32l4xx_hal_rcc.o
                0x0000000008003a84                HAL_RCC_GetSysClockFreq
 .text.HAL_RCC_GetHCLKFreq
                0x0000000008003b9c       0x18 build/stm32l4xx_hal_rcc.o
                0x0000000008003b9c                HAL_RCC_GetHCLKFreq
 .text.HAL_RCC_GetPCLK1Freq
                0x0000000008003bb4       0x2c build/stm32l4xx_hal_rcc.o
                0x0000000008003bb4                HAL_RCC_GetPCLK1Freq
 .text.HAL_RCC_GetPCLK2Freq
                0x0000000008003be0       0x2c build/stm32l4xx_hal_rcc.o
                0x0000000008003be0                HAL_RCC_GetPCLK2Freq
 .text.RCC_SetFlashLatencyFromMSIRange
                0x0000000008003c0c       0xc0 build/stm32l4xx_hal_rcc.o
 .text.HAL_RCCEx_PeriphCLKConfig
                0x0000000008003ccc      0x4d8 build/stm32l4xx_hal_rcc_ex.o
                0x0000000008003ccc                HAL_RCCEx_PeriphCLKConfig
 .text.HAL_RCCEx_EnableMSIPLLMode
                0x00000000080041a4       0x20 build/stm32l4xx_hal_rcc_ex.o
                0x00000000080041a4                HAL_RCCEx_EnableMSIPLLMode
 .text.RCCEx_PLLSAI1_Config
                0x00000000080041c4      0x1e4 build/stm32l4xx_hal_rcc_ex.o
 .text.HAL_GPIO_Init
                0x00000000080043a8      0x2f4 build/stm32l4xx_hal_gpio.o
                0x00000000080043a8                HAL_GPIO_Init
 .text.HAL_GPIO_ReadPin
                0x000000000800469c       0x30 build/stm32l4xx_hal_gpio.o
                0x000000000800469c                HAL_GPIO_ReadPin
 .text.HAL_GPIO_WritePin
                0x00000000080046cc       0x30 build/stm32l4xx_hal_gpio.o
                0x00000000080046cc                HAL_GPIO_WritePin
 .text.HAL_GPIO_TogglePin
                0x00000000080046fc       0x34 build/stm32l4xx_hal_gpio.o
                0x00000000080046fc                HAL_GPIO_TogglePin
 .text.HAL_GPIO_EXTI_IRQHandler
                0x0000000008004730       0x30 build/stm32l4xx_hal_gpio.o
                0x0000000008004730                HAL_GPIO_EXTI_IRQHandler
 .text.HAL_GPIO_EXTI_Callback
                0x0000000008004760       0x16 build/stm32l4xx_hal_gpio.o
                0x0000000008004760                HAL_GPIO_EXTI_Callback
 *fill*         0x0000000008004776        0x2 
 .text.HAL_DMA_Init
                0x0000000008004778      0x170 build/stm32l4xx_hal_dma.o
                0x0000000008004778                HAL_DMA_Init
 .text.HAL_DMA_Start_IT
                0x00000000080048e8       0xc0 build/stm32l4xx_hal_dma.o
                0x00000000080048e8                HAL_DMA_Start_IT
 .text.HAL_DMA_Abort
                0x00000000080049a8       0x7c build/stm32l4xx_hal_dma.o
                0x00000000080049a8                HAL_DMA_Abort
 .text.HAL_DMA_Abort_IT
                0x0000000008004a24       0x82 build/stm32l4xx_hal_dma.o
                0x0000000008004a24                HAL_DMA_Abort_IT
 .text.HAL_DMA_IRQHandler
                0x0000000008004aa6      0x15e build/stm32l4xx_hal_dma.o
                0x0000000008004aa6                HAL_DMA_IRQHandler
 .text.DMA_SetConfig
                0x0000000008004c04       0x60 build/stm32l4xx_hal_dma.o
 .text.HAL_PWR_EnableBkUpAccess
                0x0000000008004c64       0x20 build/stm32l4xx_hal_pwr.o
                0x0000000008004c64                HAL_PWR_EnableBkUpAccess
 .text.HAL_PWREx_GetVoltageRange
                0x0000000008004c84       0x1c build/stm32l4xx_hal_pwr_ex.o
                0x0000000008004c84                HAL_PWREx_GetVoltageRange
 .text.HAL_PWREx_ControlVoltageScaling
                0x0000000008004ca0       0xac build/stm32l4xx_hal_pwr_ex.o
                0x0000000008004ca0                HAL_PWREx_ControlVoltageScaling
 .text.__NVIC_SetPriorityGrouping
                0x0000000008004d4c       0x48 build/stm32l4xx_hal_cortex.o
 .text.__NVIC_GetPriorityGrouping
                0x0000000008004d94       0x1c build/stm32l4xx_hal_cortex.o
 .text.__NVIC_EnableIRQ
                0x0000000008004db0       0x3c build/stm32l4xx_hal_cortex.o
 .text.__NVIC_SetPriority
                0x0000000008004dec       0x54 build/stm32l4xx_hal_cortex.o
 .text.NVIC_EncodePriority
                0x0000000008004e40       0x66 build/stm32l4xx_hal_cortex.o
 *fill*         0x0000000008004ea6        0x2 
 .text.SysTick_Config
                0x0000000008004ea8       0x44 build/stm32l4xx_hal_cortex.o
 .text.HAL_NVIC_SetPriorityGrouping
                0x0000000008004eec       0x16 build/stm32l4xx_hal_cortex.o
                0x0000000008004eec                HAL_NVIC_SetPriorityGrouping
 .text.HAL_NVIC_SetPriority
                0x0000000008004f02       0x38 build/stm32l4xx_hal_cortex.o
                0x0000000008004f02                HAL_NVIC_SetPriority
 .text.HAL_NVIC_EnableIRQ
                0x0000000008004f3a       0x1c build/stm32l4xx_hal_cortex.o
                0x0000000008004f3a                HAL_NVIC_EnableIRQ
 .text.HAL_SYSTICK_Config
                0x0000000008004f56       0x18 build/stm32l4xx_hal_cortex.o
                0x0000000008004f56                HAL_SYSTICK_Config
 .text.HAL_UART_Init
                0x0000000008004f6e       0x9c build/stm32l4xx_hal_uart.o
                0x0000000008004f6e                HAL_UART_Init
 .text.HAL_UART_Transmit
                0x000000000800500a      0x128 build/stm32l4xx_hal_uart.o
                0x000000000800500a                HAL_UART_Transmit
 *fill*         0x0000000008005132        0x2 
 .text.HAL_UART_Receive_IT
                0x0000000008005134       0xac build/stm32l4xx_hal_uart.o
                0x0000000008005134                HAL_UART_Receive_IT
 .text.HAL_UART_IRQHandler
                0x00000000080051e0      0x5c4 build/stm32l4xx_hal_uart.o
                0x00000000080051e0                HAL_UART_IRQHandler
 .text.HAL_UART_TxCpltCallback
                0x00000000080057a4       0x14 build/stm32l4xx_hal_uart.o
                0x00000000080057a4                HAL_UART_TxCpltCallback
 .text.HAL_UART_RxCpltCallback
                0x00000000080057b8       0x14 build/stm32l4xx_hal_uart.o
                0x00000000080057b8                HAL_UART_RxCpltCallback
 .text.HAL_UART_ErrorCallback
                0x00000000080057cc       0x14 build/stm32l4xx_hal_uart.o
                0x00000000080057cc                HAL_UART_ErrorCallback
 .text.HAL_UARTEx_RxEventCallback
                0x00000000080057e0       0x18 build/stm32l4xx_hal_uart.o
                0x00000000080057e0                HAL_UARTEx_RxEventCallback
 .text.UART_SetConfig
                0x00000000080057f8      0x4b8 build/stm32l4xx_hal_uart.o
                0x00000000080057f8                UART_SetConfig
 .text.UART_AdvFeatureConfig
                0x0000000008005cb0      0x144 build/stm32l4xx_hal_uart.o
                0x0000000008005cb0                UART_AdvFeatureConfig
 .text.UART_CheckIdleState
                0x0000000008005df4       0x92 build/stm32l4xx_hal_uart.o
                0x0000000008005df4                UART_CheckIdleState
 .text.UART_WaitOnFlagUntilTimeout
                0x0000000008005e86      0x188 build/stm32l4xx_hal_uart.o
                0x0000000008005e86                UART_WaitOnFlagUntilTimeout
 *fill*         0x000000000800600e        0x2 
 .text.UART_Start_Receive_IT
                0x0000000008006010      0x194 build/stm32l4xx_hal_uart.o
                0x0000000008006010                UART_Start_Receive_IT
 .text.UART_EndRxTransfer
                0x00000000080061a4       0xc6 build/stm32l4xx_hal_uart.o
 .text.UART_DMAAbortOnError
                0x000000000800626a       0x2c build/stm32l4xx_hal_uart.o
 .text.UART_EndTransmit_IT
                0x0000000008006296       0x54 build/stm32l4xx_hal_uart.o
 .text.UART_RxISR_8BIT
                0x00000000080062ea      0x160 build/stm32l4xx_hal_uart.o
 .text.UART_RxISR_16BIT
                0x000000000800644a      0x160 build/stm32l4xx_hal_uart.o
 .text.HAL_UARTEx_WakeupCallback
                0x00000000080065aa       0x14 build/stm32l4xx_hal_uart_ex.o
                0x00000000080065aa                HAL_UARTEx_WakeupCallback
 .text.LL_ADC_SetCommonClock
                0x00000000080065be       0x26 build/stm32l4xx_hal_adc.o
 .text.LL_ADC_SetCommonPathInternalCh
                0x00000000080065e4       0x26 build/stm32l4xx_hal_adc.o
 .text.LL_ADC_GetCommonPathInternalCh
                0x000000000800660a       0x1c build/stm32l4xx_hal_adc.o
 *fill*         0x0000000008006626        0x2 
 .text.LL_ADC_SetOffset
                0x0000000008006628       0x48 build/stm32l4xx_hal_adc.o
 .text.LL_ADC_GetOffsetChannel
                0x0000000008006670       0x2c build/stm32l4xx_hal_adc.o
 .text.LL_ADC_SetOffsetState
                0x000000000800669c       0x36 build/stm32l4xx_hal_adc.o
 .text.LL_ADC_SetSamplingTimeCommonConfig
                0x00000000080066d2       0x26 build/stm32l4xx_hal_adc.o
 .text.LL_ADC_REG_SetSequencerRanks
                0x00000000080066f8       0x58 build/stm32l4xx_hal_adc.o
 .text.LL_ADC_SetChannelSamplingTime
                0x0000000008006750       0x56 build/stm32l4xx_hal_adc.o
 *fill*         0x00000000080067a6        0x2 
 .text.LL_ADC_SetChannelSingleDiff
                0x00000000080067a8       0x48 build/stm32l4xx_hal_adc.o
 .text.LL_ADC_DisableDeepPowerDown
                0x00000000080067f0       0x24 build/stm32l4xx_hal_adc.o
 .text.LL_ADC_IsDeepPowerDownEnabled
                0x0000000008006814       0x28 build/stm32l4xx_hal_adc.o
 .text.LL_ADC_EnableInternalRegulator
                0x000000000800683c       0x28 build/stm32l4xx_hal_adc.o
 .text.LL_ADC_IsInternalRegulatorEnabled
                0x0000000008006864       0x28 build/stm32l4xx_hal_adc.o
 .text.LL_ADC_IsEnabled
                0x000000000800688c       0x26 build/stm32l4xx_hal_adc.o
 .text.LL_ADC_REG_IsConversionOngoing
                0x00000000080068b2       0x26 build/stm32l4xx_hal_adc.o
 .text.LL_ADC_INJ_IsConversionOngoing
                0x00000000080068d8       0x26 build/stm32l4xx_hal_adc.o
 *fill*         0x00000000080068fe        0x2 
 .text.HAL_ADC_Init
                0x0000000008006900      0x298 build/stm32l4xx_hal_adc.o
                0x0000000008006900                HAL_ADC_Init
 .text.HAL_ADC_ConfigChannel
                0x0000000008006b98      0x7f8 build/stm32l4xx_hal_adc.o
                0x0000000008006b98                HAL_ADC_ConfigChannel
 .text.HAL_PCD_Init
                0x0000000008007390      0x22e build/stm32l4xx_hal_pcd.o
                0x0000000008007390                HAL_PCD_Init
 .text.HAL_PCDEx_ActivateLPM
                0x00000000080075be       0x54 build/stm32l4xx_hal_pcd_ex.o
                0x00000000080075be                HAL_PCDEx_ActivateLPM
 .text.USB_CoreInit
                0x0000000008007612       0x22 build/stm32l4xx_ll_usb.o
                0x0000000008007612                USB_CoreInit
 .text.USB_DisableGlobalInt
                0x0000000008007634       0x36 build/stm32l4xx_ll_usb.o
                0x0000000008007634                USB_DisableGlobalInt
 .text.USB_SetCurrentMode
                0x000000000800766a       0x1a build/stm32l4xx_ll_usb.o
                0x000000000800766a                USB_SetCurrentMode
 .text.USB_DevInit
                0x0000000008007684       0x42 build/stm32l4xx_ll_usb.o
                0x0000000008007684                USB_DevInit
 .text.USB_DevDisconnect
                0x00000000080076c6       0x2a build/stm32l4xx_ll_usb.o
                0x00000000080076c6                USB_DevDisconnect
 .text.SystemInit
                0x00000000080076f0       0x6c build/system_stm32l4xx.o
                0x00000000080076f0                SystemInit
 .text.ByteToCodes
                0x000000000800775c       0x50 build/addressable_led_driver.o
 .text.PixelToPacket
                0x00000000080077ac       0x40 build/addressable_led_driver.o
 .text.AddrLED_Init
                0x00000000080077ec       0x68 build/addressable_led_driver.o
                0x00000000080077ec                AddrLED_Init
 .text.AddrLED_DisplayStrip
                0x0000000008007854       0x84 build/addressable_led_driver.o
                0x0000000008007854                AddrLED_DisplayStrip
 .text.AddrLED_StopPWM
                0x00000000080078d8       0x14 build/addressable_led_driver.o
                0x00000000080078d8                AddrLED_StopPWM
 .text.InitPanel
                0x00000000080078ec       0x7a build/addressable_led_manager.o
 *fill*         0x0000000008007966        0x2 
 .text.AddrLEDManager_RefreshCallback
                0x0000000008007968       0x40 build/addressable_led_manager.o
 .text.AddrLEDManager_Init
                0x00000000080079a8       0xfc build/addressable_led_manager.o
                0x00000000080079a8                AddrLEDManager_Init
 .text.GetPixelByLocalCoordinate
                0x0000000008007aa4       0x70 build/addressable_led_manager.o
                0x0000000008007aa4                GetPixelByLocalCoordinate
 .text.AddrLEDManager_PlayNextAnimation
                0x0000000008007b14       0x4c build/addressable_led_manager.o
                0x0000000008007b14                AddrLEDManager_PlayNextAnimation
 .text.AddrLEDManager_SanityTest
                0x0000000008007b60       0xac build/addressable_led_manager.o
                0x0000000008007b60                AddrLEDManager_SanityTest
 .text.Animation_RandomFade_Init
                0x0000000008007c0c      0x110 build/random_fade_animation.o
                0x0000000008007c0c                Animation_RandomFade_Init
 .text.Animation_RandomFade_GetState
                0x0000000008007d1c       0x18 build/random_fade_animation.o
                0x0000000008007d1c                Animation_RandomFade_GetState
 .text.Animation_RandomFade_SendMessage
                0x0000000008007d34       0x70 build/random_fade_animation.o
                0x0000000008007d34                Animation_RandomFade_SendMessage
 .text.Animation_RandomFade_Update
                0x0000000008007da4       0x40 build/random_fade_animation.o
                0x0000000008007da4                Animation_RandomFade_Update
 .text.rampUp   0x0000000008007de4       0x18 build/random_fade_animation.o
 .text.rampDown
                0x0000000008007dfc       0xc4 build/random_fade_animation.o
 .text.randomFade2
                0x0000000008007ec0      0x1b4 build/random_fade_animation.o
 .text.Animation_RandomTriangles_Init
                0x0000000008008074       0x6c build/random_triangles_animation.o
                0x0000000008008074                Animation_RandomTriangles_Init
 .text.Animation_RandomTriangles_SendMessage
                0x00000000080080e0       0x8c build/random_triangles_animation.o
                0x00000000080080e0                Animation_RandomTriangles_SendMessage
 .text.Animation_RandomTriangles_GetState
                0x000000000800816c       0x18 build/random_triangles_animation.o
                0x000000000800816c                Animation_RandomTriangles_GetState
 .text.Animation_RandomTriangles_Update
                0x0000000008008184       0x40 build/random_triangles_animation.o
                0x0000000008008184                Animation_RandomTriangles_Update
 .text.rampUp   0x00000000080081c4      0x120 build/random_triangles_animation.o
 .text.rampDown
                0x00000000080082e4      0x114 build/random_triangles_animation.o
 .text.randomTriangles1
                0x00000000080083f8      0x50c build/random_triangles_animation.o
 .text.SwTimer_Unlist
                0x0000000008008904       0xac build/sw_timers.o
 .text.SwTimer_ProcessTimers
                0x00000000080089b0       0x78 build/sw_timers.o
 .text.SwTimer_Start
                0x0000000008008a28       0x7c build/sw_timers.o
                0x0000000008008a28                SwTimer_Start
 .text.SwTimer_ISR
                0x0000000008008aa4       0x1c build/sw_timers.o
                0x0000000008008aa4                SwTimer_ISR
 .text.getRandomColor
                0x0000000008008ac0       0x94 build/utils.o
                0x0000000008008ac0                getRandomColor
 *fill*         0x0000000008008b54        0x4 
 .text.HsvToRgb
                0x0000000008008b58      0x234 build/color.o
                0x0000000008008b58                HsvToRgb
 .text.DbgUart_Init
                0x0000000008008d8c       0x2c build/dbg_uart.o
                0x0000000008008d8c                DbgUart_Init
 .text.DbgUart_Isr
                0x0000000008008db8        0xe build/dbg_uart.o
                0x0000000008008db8                DbgUart_Isr
 *fill*         0x0000000008008dc6        0x2 
 .text.MX_ADC1_Init
                0x0000000008008dc8       0xc8 build/adc.o
                0x0000000008008dc8                MX_ADC1_Init
 .text.HAL_ADC_MspInit
                0x0000000008008e90      0x104 build/adc.o
                0x0000000008008e90                HAL_ADC_MspInit
 .text.MX_I2C1_Init
                0x0000000008008f94       0x80 build/i2c.o
                0x0000000008008f94                MX_I2C1_Init
 .text.MX_I2C2_Init
                0x0000000008009014       0x80 build/i2c.o
                0x0000000008009014                MX_I2C2_Init
 .text.HAL_I2C_MspInit
                0x0000000008009094      0x148 build/i2c.o
                0x0000000008009094                HAL_I2C_MspInit
 .text.MX_USB_PCD_Init
                0x00000000080091dc       0x50 build/usb.o
                0x00000000080091dc                MX_USB_PCD_Init
 .text.HAL_PCD_MspInit
                0x000000000800922c       0xbc build/usb.o
                0x000000000800922c                HAL_PCD_MspInit
 .text.DebounceTimeout
                0x00000000080092e8       0x78 build/button_driver.o
 .text.SequenceTimeout
                0x0000000008009360       0x10 build/button_driver.o
 .text.ButtonDriver_Init
                0x0000000008009370       0x48 build/button_driver.o
                0x0000000008009370                ButtonDriver_Init
 .text.ButtonDriver_ISR
                0x00000000080093b8       0x64 build/button_driver.o
                0x00000000080093b8                ButtonDriver_ISR
 .text.Geometry_Init
                0x000000000800941c        0xe build/geometry.o
                0x000000000800941c                Geometry_Init
 *fill*         0x000000000800942a        0x2 
 .text.Reset_Handler
                0x000000000800942c       0x50 build/startup_stm32l452xx.o
                0x000000000800942c                Reset_Handler
 .text.Default_Handler
                0x000000000800947c        0x2 build/startup_stm32l452xx.o
                0x000000000800947c                TIM1_BRK_TIM15_IRQHandler
                0x000000000800947c                EXTI2_IRQHandler
                0x000000000800947c                TIM1_CC_IRQHandler
                0x000000000800947c                TSC_IRQHandler
                0x000000000800947c                TAMP_STAMP_IRQHandler
                0x000000000800947c                EXTI3_IRQHandler
                0x000000000800947c                LPTIM2_IRQHandler
                0x000000000800947c                DFSDM1_FLT1_IRQHandler
                0x000000000800947c                I2C3_ER_IRQHandler
                0x000000000800947c                EXTI0_IRQHandler
                0x000000000800947c                I2C2_EV_IRQHandler
                0x000000000800947c                CAN1_RX0_IRQHandler
                0x000000000800947c                FPU_IRQHandler
                0x000000000800947c                TIM1_UP_TIM16_IRQHandler
                0x000000000800947c                SPI1_IRQHandler
                0x000000000800947c                TIM6_DAC_IRQHandler
                0x000000000800947c                DMA2_Channel2_IRQHandler
                0x000000000800947c                DMA1_Channel4_IRQHandler
                0x000000000800947c                ADC1_IRQHandler
                0x000000000800947c                USART3_IRQHandler
                0x000000000800947c                CAN1_RX1_IRQHandler
                0x000000000800947c                DMA2_Channel1_IRQHandler
                0x000000000800947c                QUADSPI_IRQHandler
                0x000000000800947c                I2C1_EV_IRQHandler
                0x000000000800947c                UART4_IRQHandler
                0x000000000800947c                DMA2_Channel4_IRQHandler
                0x000000000800947c                TIM3_IRQHandler
                0x000000000800947c                RCC_IRQHandler
                0x000000000800947c                TIM1_TRG_COM_IRQHandler
                0x000000000800947c                DMA1_Channel1_IRQHandler
                0x000000000800947c                Default_Handler
                0x000000000800947c                DMA2_Channel7_IRQHandler
                0x000000000800947c                SDMMC1_IRQHandler
                0x000000000800947c                I2C3_EV_IRQHandler
                0x000000000800947c                USB_IRQHandler
                0x000000000800947c                EXTI9_5_IRQHandler
                0x000000000800947c                RTC_WKUP_IRQHandler
                0x000000000800947c                PVD_PVM_IRQHandler
                0x000000000800947c                SPI2_IRQHandler
                0x000000000800947c                CAN1_TX_IRQHandler
                0x000000000800947c                DMA2_Channel5_IRQHandler
                0x000000000800947c                CRS_IRQHandler
                0x000000000800947c                DMA1_Channel5_IRQHandler
                0x000000000800947c                EXTI4_IRQHandler
                0x000000000800947c                RNG_IRQHandler
                0x000000000800947c                COMP_IRQHandler
                0x000000000800947c                WWDG_IRQHandler
                0x000000000800947c                I2C4_EV_IRQHandler
                0x000000000800947c                LPUART1_IRQHandler
                0x000000000800947c                DMA2_Channel6_IRQHandler
                0x000000000800947c                TIM2_IRQHandler
                0x000000000800947c                EXTI1_IRQHandler
                0x000000000800947c                DFSDM1_FLT0_IRQHandler
                0x000000000800947c                I2C2_ER_IRQHandler
                0x000000000800947c                DMA1_Channel2_IRQHandler
                0x000000000800947c                CAN1_SCE_IRQHandler
                0x000000000800947c                FLASH_IRQHandler
                0x000000000800947c                USART1_IRQHandler
                0x000000000800947c                SPI3_IRQHandler
                0x000000000800947c                I2C1_ER_IRQHandler
                0x000000000800947c                LPTIM1_IRQHandler
                0x000000000800947c                I2C4_ER_IRQHandler
                0x000000000800947c                SAI1_IRQHandler
                0x000000000800947c                DMA2_Channel3_IRQHandler
                0x000000000800947c                RTC_Alarm_IRQHandler
 *fill*         0x000000000800947e        0x2 
 .text.__libc_init_array
                0x0000000008009480       0x48 /Users/isikcanyilmaz/KODMOD/b607/test/mcu/tools/gcc9.2.1/mac/bin/../lib/gcc/arm-none-eabi/9.2.1/../../../../arm-none-eabi/lib/thumb/v7e-m+fp/hard/libc_nano.a(lib_a-init.o)
                0x0000000008009480                __libc_init_array
 .text.memset   0x00000000080094c8       0x10 /Users/isikcanyilmaz/KODMOD/b607/test/mcu/tools/gcc9.2.1/mac/bin/../lib/gcc/arm-none-eabi/9.2.1/../../../../arm-none-eabi/lib/thumb/v7e-m+fp/hard/libc_nano.a(lib_a-memset.o)
                0x00000000080094c8                memset
 .text.rand     0x00000000080094d8       0x68 /Users/isikcanyilmaz/KODMOD/b607/test/mcu/tools/gcc9.2.1/mac/bin/../lib/gcc/arm-none-eabi/9.2.1/../../../../arm-none-eabi/lib/thumb/v7e-m+fp/hard/libc_nano.a(lib_a-rand.o)
                0x00000000080094d8                rand
 .text.malloc   0x0000000008009540       0x10 /Users/isikcanyilmaz/KODMOD/b607/test/mcu/tools/gcc9.2.1/mac/bin/../lib/gcc/arm-none-eabi/9.2.1/../../../../arm-none-eabi/lib/thumb/v7e-m+fp/hard/libc_nano.a(lib_a-malloc.o)
                0x0000000008009540                malloc
 .text._malloc_r
                0x0000000008009550       0xb4 /Users/isikcanyilmaz/KODMOD/b607/test/mcu/tools/gcc9.2.1/mac/bin/../lib/gcc/arm-none-eabi/9.2.1/../../../../arm-none-eabi/lib/thumb/v7e-m+fp/hard/libc_nano.a(lib_a-nano-mallocr.o)
                0x0000000008009550                _malloc_r
 .text._sbrk_r  0x0000000008009604       0x20 /Users/isikcanyilmaz/KODMOD/b607/test/mcu/tools/gcc9.2.1/mac/bin/../lib/gcc/arm-none-eabi/9.2.1/../../../../arm-none-eabi/lib/thumb/v7e-m+fp/hard/libc_nano.a(lib_a-sbrkr.o)
                0x0000000008009604                _sbrk_r
 .text.__malloc_lock
                0x0000000008009624        0xc /Users/isikcanyilmaz/KODMOD/b607/test/mcu/tools/gcc9.2.1/mac/bin/../lib/gcc/arm-none-eabi/9.2.1/../../../../arm-none-eabi/lib/thumb/v7e-m+fp/hard/libc_nano.a(lib_a-mlock.o)
                0x0000000008009624                __malloc_lock
 .text.__malloc_unlock
                0x0000000008009630        0xc /Users/isikcanyilmaz/KODMOD/b607/test/mcu/tools/gcc9.2.1/mac/bin/../lib/gcc/arm-none-eabi/9.2.1/../../../../arm-none-eabi/lib/thumb/v7e-m+fp/hard/libc_nano.a(lib_a-mlock.o)
                0x0000000008009630                __malloc_unlock
 .text.__retarget_lock_acquire_recursive
                0x000000000800963c        0x2 /Users/isikcanyilmaz/KODMOD/b607/test/mcu/tools/gcc9.2.1/mac/bin/../lib/gcc/arm-none-eabi/9.2.1/../../../../arm-none-eabi/lib/thumb/v7e-m+fp/hard/libc_nano.a(lib_a-lock.o)
                0x000000000800963c                __retarget_lock_acquire_recursive
 .text.__retarget_lock_release_recursive
                0x000000000800963e        0x2 /Users/isikcanyilmaz/KODMOD/b607/test/mcu/tools/gcc9.2.1/mac/bin/../lib/gcc/arm-none-eabi/9.2.1/../../../../arm-none-eabi/lib/thumb/v7e-m+fp/hard/libc_nano.a(lib_a-lock.o)
                0x000000000800963e                __retarget_lock_release_recursive
 .text.trunc    0x0000000008009640       0x7c /Users/isikcanyilmaz/KODMOD/b607/test/mcu/tools/gcc9.2.1/mac/bin/../lib/gcc/arm-none-eabi/9.2.1/../../../../arm-none-eabi/lib/thumb/v7e-m+fp/hard/libm.a(lib_a-s_trunc.o)
                0x0000000008009640                trunc
 .text.fmod     0x00000000080096bc       0xd0 /Users/isikcanyilmaz/KODMOD/b607/test/mcu/tools/gcc9.2.1/mac/bin/../lib/gcc/arm-none-eabi/9.2.1/../../../../arm-none-eabi/lib/thumb/v7e-m+fp/hard/libm.a(lib_a-w_fmod.o)
                0x00000000080096bc                fmod
 .text.__ieee754_fmod
                0x000000000800978c      0x280 /Users/isikcanyilmaz/KODMOD/b607/test/mcu/tools/gcc9.2.1/mac/bin/../lib/gcc/arm-none-eabi/9.2.1/../../../../arm-none-eabi/lib/thumb/v7e-m+fp/hard/libm.a(lib_a-e_fmod.o)
                0x000000000800978c                __ieee754_fmod
 .text.matherr  0x0000000008009a0c        0x4 /Users/isikcanyilmaz/KODMOD/b607/test/mcu/tools/gcc9.2.1/mac/bin/../lib/gcc/arm-none-eabi/9.2.1/../../../../arm-none-eabi/lib/thumb/v7e-m+fp/hard/libm.a(lib_a-s_matherr.o)
                0x0000000008009a0c                matherr
 .text._sbrk    0x0000000008009a10       0x1c /Users/isikcanyilmaz/KODMOD/b607/test/mcu/tools/gcc9.2.1/mac/bin/../lib/gcc/arm-none-eabi/9.2.1/../../../../arm-none-eabi/lib/thumb/v7e-m+fp/hard/libnosys.a(sbrk.o)
                0x0000000008009a10                _sbrk
 .text.__errno  0x0000000008009a2c        0xc /Users/isikcanyilmaz/KODMOD/b607/test/mcu/tools/gcc9.2.1/mac/bin/../lib/gcc/arm-none-eabi/9.2.1/../../../../arm-none-eabi/lib/thumb/v7e-m+fp/hard/libc_nano.a(lib_a-errno.o)
                0x0000000008009a2c                __errno
 *(.glue_7)
 .glue_7        0x0000000008009a38        0x0 linker stubs
 *(.glue_7t)
 .glue_7t       0x0000000008009a38        0x0 linker stubs
 *(.eh_frame)
 .eh_frame      0x0000000008009a38        0x0 /Users/isikcanyilmaz/KODMOD/b607/test/mcu/tools/gcc9.2.1/mac/bin/../lib/gcc/arm-none-eabi/9.2.1/thumb/v7e-m+fp/hard/crtbegin.o
 *(.init)
 .init          0x0000000008009a38        0x4 /Users/isikcanyilmaz/KODMOD/b607/test/mcu/tools/gcc9.2.1/mac/bin/../lib/gcc/arm-none-eabi/9.2.1/thumb/v7e-m+fp/hard/crti.o
                0x0000000008009a38                _init
 .init          0x0000000008009a3c        0x8 /Users/isikcanyilmaz/KODMOD/b607/test/mcu/tools/gcc9.2.1/mac/bin/../lib/gcc/arm-none-eabi/9.2.1/thumb/v7e-m+fp/hard/crtn.o
 *(.fini)
 .fini          0x0000000008009a44        0x4 /Users/isikcanyilmaz/KODMOD/b607/test/mcu/tools/gcc9.2.1/mac/bin/../lib/gcc/arm-none-eabi/9.2.1/thumb/v7e-m+fp/hard/crti.o
                0x0000000008009a44                _fini
 .fini          0x0000000008009a48        0x8 /Users/isikcanyilmaz/KODMOD/b607/test/mcu/tools/gcc9.2.1/mac/bin/../lib/gcc/arm-none-eabi/9.2.1/thumb/v7e-m+fp/hard/crtn.o
                0x0000000008009a50                . = ALIGN (0x8)
                0x0000000008009a50                _etext = .

.vfp11_veneer   0x0000000008009a50        0x0
 .vfp11_veneer  0x0000000008009a50        0x0 linker stubs

.v4_bx          0x0000000008009a50        0x0
 .v4_bx         0x0000000008009a50        0x0 linker stubs

.iplt           0x0000000008009a50        0x0
 .iplt          0x0000000008009a50        0x0 /Users/isikcanyilmaz/KODMOD/b607/test/mcu/tools/gcc9.2.1/mac/bin/../lib/gcc/arm-none-eabi/9.2.1/thumb/v7e-m+fp/hard/crtbegin.o

.rodata         0x0000000008009a50       0x68
                0x0000000008009a50                . = ALIGN (0x8)
 *(.rodata)
 .rodata        0x0000000008009a50        0x4 build/dbg_uart.o
 *(.rodata*)
 .rodata.AHBPrescTable
                0x0000000008009a54       0x10 build/system_stm32l4xx.o
                0x0000000008009a54                AHBPrescTable
 .rodata.APBPrescTable
                0x0000000008009a64        0x8 build/system_stm32l4xx.o
                0x0000000008009a64                APBPrescTable
 .rodata.MSIRangeTable
                0x0000000008009a6c       0x30 build/system_stm32l4xx.o
                0x0000000008009a6c                MSIRangeTable
 .rodata.fmod.str1.4
                0x0000000008009a9c        0x5 /Users/isikcanyilmaz/KODMOD/b607/test/mcu/tools/gcc9.2.1/mac/bin/../lib/gcc/arm-none-eabi/9.2.1/../../../../arm-none-eabi/lib/thumb/v7e-m+fp/hard/libm.a(lib_a-w_fmod.o)
 *fill*         0x0000000008009aa1        0x7 
 .rodata.Zero   0x0000000008009aa8       0x10 /Users/isikcanyilmaz/KODMOD/b607/test/mcu/tools/gcc9.2.1/mac/bin/../lib/gcc/arm-none-eabi/9.2.1/../../../../arm-none-eabi/lib/thumb/v7e-m+fp/hard/libm.a(lib_a-e_fmod.o)
                0x0000000008009ab8                . = ALIGN (0x8)

.ARM.extab      0x0000000008009ab8        0x0
                0x0000000008009ab8                . = ALIGN (0x8)
 *(.ARM.extab* .gnu.linkonce.armextab.*)
                0x0000000008009ab8                . = ALIGN (0x8)

.ARM            0x0000000008009ab8        0x8
                0x0000000008009ab8                . = ALIGN (0x8)
                0x0000000008009ab8                __exidx_start = .
 *(.ARM.exidx*)
 .ARM.exidx     0x0000000008009ab8        0x8 /Users/isikcanyilmaz/KODMOD/b607/test/mcu/tools/gcc9.2.1/mac/bin/../lib/gcc/arm-none-eabi/9.2.1/thumb/v7e-m+fp/hard/libgcc.a(_udivmoddi4.o)
                0x0000000008009ac0                __exidx_end = .
                0x0000000008009ac0                . = ALIGN (0x8)

.rel.dyn        0x0000000008009ac0        0x0
 .rel.iplt      0x0000000008009ac0        0x0 /Users/isikcanyilmaz/KODMOD/b607/test/mcu/tools/gcc9.2.1/mac/bin/../lib/gcc/arm-none-eabi/9.2.1/thumb/v7e-m+fp/hard/crtbegin.o

.preinit_array  0x0000000008009ac0        0x0
                0x0000000008009ac0                . = ALIGN (0x8)
                0x0000000008009ac0                PROVIDE (__preinit_array_start = .)
 *(.preinit_array*)
                0x0000000008009ac0                PROVIDE (__preinit_array_end = .)
                0x0000000008009ac0                . = ALIGN (0x8)

.init_array     0x0000000008009ac0        0x8
                0x0000000008009ac0                . = ALIGN (0x8)
                0x0000000008009ac0                PROVIDE (__init_array_start = .)
 *(SORT_BY_NAME(.init_array.*))
 *(.init_array*)
 .init_array    0x0000000008009ac0        0x4 /Users/isikcanyilmaz/KODMOD/b607/test/mcu/tools/gcc9.2.1/mac/bin/../lib/gcc/arm-none-eabi/9.2.1/thumb/v7e-m+fp/hard/crtbegin.o
                0x0000000008009ac4                PROVIDE (__init_array_end = .)
                0x0000000008009ac8                . = ALIGN (0x8)
 *fill*         0x0000000008009ac4        0x4 

.fini_array     0x0000000008009ac8        0x8
                0x0000000008009ac8                . = ALIGN (0x8)
                [!provide]                        PROVIDE (__fini_array_start = .)
 *(SORT_BY_NAME(.fini_array.*))
 *(.fini_array*)
 .fini_array    0x0000000008009ac8        0x4 /Users/isikcanyilmaz/KODMOD/b607/test/mcu/tools/gcc9.2.1/mac/bin/../lib/gcc/arm-none-eabi/9.2.1/thumb/v7e-m+fp/hard/crtbegin.o
                [!provide]                        PROVIDE (__fini_array_end = .)
                0x0000000008009ad0                . = ALIGN (0x8)
 *fill*         0x0000000008009acc        0x4 
                0x0000000008009ad0                _sidata = LOADADDR (.data)

.data           0x0000000020000000       0xc8 load address 0x0000000008009ad0
                0x0000000020000000                . = ALIGN (0x8)
                0x0000000020000000                _sdata = .
 *(.data)
 *(.data*)
 .data.uwTickPrio
                0x0000000020000000        0x4 build/stm32l4xx_hal.o
                0x0000000020000000                uwTickPrio
 .data.uwTickFreq
                0x0000000020000004        0x1 build/stm32l4xx_hal.o
                0x0000000020000004                uwTickFreq
 *fill*         0x0000000020000005        0x3 
 .data.SystemCoreClock
                0x0000000020000008        0x4 build/system_stm32l4xx.o
                0x0000000020000008                SystemCoreClock
 .data.animations
                0x000000002000000c       0x20 build/addressable_led_manager.o
                0x000000002000000c                animations
 .data.clockdivider.10624
                0x000000002000002c        0x1 build/random_triangles_animation.o
 *fill*         0x000000002000002d        0x3 
 .data.s.10645  0x0000000020000030        0x8 build/random_triangles_animation.o
 .data.v.10646  0x0000000020000038        0x8 build/random_triangles_animation.o
 .data.rowHueOffsetAdd.10642
                0x0000000020000040        0x1 build/random_triangles_animation.o
 *fill*         0x0000000020000041        0x7 
 .data.rowHueOffsetRate.10643
                0x0000000020000048        0x8 build/random_triangles_animation.o
 .data.hrate.10647
                0x0000000020000050        0x8 build/random_triangles_animation.o
 .data.sadd.10651
                0x0000000020000058        0x1 build/random_triangles_animation.o
 .data.vadd.10652
                0x0000000020000059        0x1 build/random_triangles_animation.o
 *fill*         0x000000002000005a        0x2 
 .data._impure_ptr
                0x000000002000005c        0x4 /Users/isikcanyilmaz/KODMOD/b607/test/mcu/tools/gcc9.2.1/mac/bin/../lib/gcc/arm-none-eabi/9.2.1/../../../../arm-none-eabi/lib/thumb/v7e-m+fp/hard/libc_nano.a(lib_a-impure.o)
                0x000000002000005c                _impure_ptr
 .data.impure_data
                0x0000000020000060       0x60 /Users/isikcanyilmaz/KODMOD/b607/test/mcu/tools/gcc9.2.1/mac/bin/../lib/gcc/arm-none-eabi/9.2.1/../../../../arm-none-eabi/lib/thumb/v7e-m+fp/hard/libc_nano.a(lib_a-impure.o)
 .data.__fdlib_version
                0x00000000200000c0        0x1 /Users/isikcanyilmaz/KODMOD/b607/test/mcu/tools/gcc9.2.1/mac/bin/../lib/gcc/arm-none-eabi/9.2.1/../../../../arm-none-eabi/lib/thumb/v7e-m+fp/hard/libm.a(lib_a-s_lib_ver.o)
                0x00000000200000c0                __fdlib_version
                0x00000000200000c8                . = ALIGN (0x8)
 *fill*         0x00000000200000c1        0x7 
                0x00000000200000c8                _edata = .

.igot.plt       0x00000000200000c8        0x0 load address 0x0000000008009b98
 .igot.plt      0x00000000200000c8        0x0 /Users/isikcanyilmaz/KODMOD/b607/test/mcu/tools/gcc9.2.1/mac/bin/../lib/gcc/arm-none-eabi/9.2.1/thumb/v7e-m+fp/hard/crtbegin.o
                0x00000000200000c8                . = ALIGN (0x4)

.bss            0x00000000200000c8     0x5108 load address 0x0000000008009b98
                0x00000000200000c8                _sbss = .
                0x00000000200000c8                __bss_start__ = _sbss
 *(.bss)
 .bss           0x00000000200000c8       0x1c /Users/isikcanyilmaz/KODMOD/b607/test/mcu/tools/gcc9.2.1/mac/bin/../lib/gcc/arm-none-eabi/9.2.1/thumb/v7e-m+fp/hard/crtbegin.o
 *(.bss*)
 .bss.animationSkipInProgress
                0x00000000200000e4        0x1 build/addressable_led_manager.o
                0x00000000200000e4                animationSkipInProgress
 .bss.animationIndex
                0x00000000200000e5        0x1 build/addressable_led_manager.o
                0x00000000200000e5                animationIndex
 *fill*         0x00000000200000e6        0x2 
 .bss.context   0x00000000200000e8       0x18 build/random_fade_animation.o
 .bss.count.10628
                0x0000000020000100        0x4 build/random_fade_animation.o
 .bss.currColor.10629
                0x0000000020000104        0x8 build/random_fade_animation.o
 .bss.context   0x000000002000010c       0x14 build/random_triangles_animation.o
 .bss.clockdivider.10613
                0x0000000020000120        0x1 build/random_triangles_animation.o
 *fill*         0x0000000020000121        0x7 
 .bss.rowHueOffset.10641
                0x0000000020000128        0x8 build/random_triangles_animation.o
 .bss.h.10644   0x0000000020000130        0x8 build/random_triangles_animation.o
 .bss.r.10635   0x0000000020000138        0x8 build/random_triangles_animation.o
 .bss.g.10636   0x0000000020000140        0x8 build/random_triangles_animation.o
 .bss.b.10637   0x0000000020000148        0x8 build/random_triangles_animation.o
 .bss.rscaled.10638
                0x0000000020000150        0x1 build/random_triangles_animation.o
 .bss.gscaled.10639
                0x0000000020000151        0x1 build/random_triangles_animation.o
 .bss.bscaled.10640
                0x0000000020000152        0x1 build/random_triangles_animation.o
 *fill*         0x0000000020000153        0x5 
 .bss.srate.10648
                0x0000000020000158        0x8 build/random_triangles_animation.o
 .bss.vrate.10649
                0x0000000020000160        0x8 build/random_triangles_animation.o
 .bss.counterMs
                0x0000000020000168        0x4 build/sw_timers.o
                0x0000000020000168                counterMs
 .bss.timerListHead
                0x000000002000016c        0x4 build/sw_timers.o
                0x000000002000016c                timerListHead
 .bss.timerListTail
                0x0000000020000170        0x4 build/sw_timers.o
                0x0000000020000170                timerListTail
 .bss.buttonDebounceTimer
                0x0000000020000174       0x18 build/button_driver.o
                0x0000000020000174                buttonDebounceTimer
 .bss.buttonSequenceTimer
                0x000000002000018c       0x18 build/button_driver.o
                0x000000002000018c                buttonSequenceTimer
 .bss.__malloc_free_list
                0x00000000200001a4        0x4 /Users/isikcanyilmaz/KODMOD/b607/test/mcu/tools/gcc9.2.1/mac/bin/../lib/gcc/arm-none-eabi/9.2.1/../../../../arm-none-eabi/lib/thumb/v7e-m+fp/hard/libc_nano.a(lib_a-nano-mallocr.o)
                0x00000000200001a4                __malloc_free_list
 .bss.__malloc_sbrk_start
                0x00000000200001a8        0x4 /Users/isikcanyilmaz/KODMOD/b607/test/mcu/tools/gcc9.2.1/mac/bin/../lib/gcc/arm-none-eabi/9.2.1/../../../../arm-none-eabi/lib/thumb/v7e-m+fp/hard/libc_nano.a(lib_a-nano-mallocr.o)
                0x00000000200001a8                __malloc_sbrk_start
 .bss.heap_end.5507
                0x00000000200001ac        0x4 /Users/isikcanyilmaz/KODMOD/b607/test/mcu/tools/gcc9.2.1/mac/bin/../lib/gcc/arm-none-eabi/9.2.1/../../../../arm-none-eabi/lib/thumb/v7e-m+fp/hard/libnosys.a(sbrk.o)
 *(COMMON)
 COMMON         0x00000000200001b0       0xe0 build/tim.o
                0x00000000200001b0                htim3
                0x00000000200001fc                hdma_tim3_ch4_up
                0x0000000020000244                htim2
 COMMON         0x0000000020000290      0x198 build/usart.o
                0x0000000020000290                hdma_usart2_rx
                0x00000000200002d8                hdma_usart2_tx
                0x0000000020000320                huart4
                0x00000000200003a4                huart2
 COMMON         0x0000000020000428        0x4 build/stm32l4xx_hal.o
                0x0000000020000428                uwTick
 COMMON         0x000000002000042c        0x8 build/addressable_led_driver.o
                0x000000002000042c                MICROSECOND_PRESCALER
                0x0000000020000430                MILLISECOND_PRESCALER
 COMMON         0x0000000020000434     0x4770 build/addressable_led_manager.o
                0x0000000020000434                randomTrianglesPixelData
                0x00000000200005c4                ledStrip1Pixels
                0x00000000200041c4                ledStrip1
                0x00000000200041d8                randomFadePixelData
                0x0000000020004368                panels
                0x0000000020004408                ledStrip1PacketBuffer
                0x0000000020004b8c                refreshTimer
 COMMON         0x0000000020004ba4      0x200 build/dbg_uart.o
                0x0000000020004ba4                dbgUartRxBuffer
                0x0000000020004ca4                dbgUartTxBuffer
 COMMON         0x0000000020004da4       0x68 build/adc.o
                0x0000000020004da4                hadc1
 COMMON         0x0000000020004e0c       0xa8 build/i2c.o
                0x0000000020004e0c                hi2c1
                0x0000000020004e60                hi2c2
 COMMON         0x0000000020004eb4      0x2fc build/usb.o
                0x0000000020004eb4                hpcd_USB_FS
 COMMON         0x00000000200051b0       0x10 build/button_driver.o
                0x00000000200051b0                userButton1
 COMMON         0x00000000200051c0        0x4 /Users/isikcanyilmaz/KODMOD/b607/test/mcu/tools/gcc9.2.1/mac/bin/../lib/gcc/arm-none-eabi/9.2.1/../../../../arm-none-eabi/lib/thumb/v7e-m+fp/hard/libc_nano.a(lib_a-reent.o)
                0x00000000200051c0                errno
 COMMON         0x00000000200051c4        0x9 /Users/isikcanyilmaz/KODMOD/b607/test/mcu/tools/gcc9.2.1/mac/bin/../lib/gcc/arm-none-eabi/9.2.1/../../../../arm-none-eabi/lib/thumb/v7e-m+fp/hard/libc_nano.a(lib_a-lock.o)
                0x00000000200051c4                __lock___atexit_recursive_mutex
                0x00000000200051c5                __lock___arc4random_mutex
                0x00000000200051c6                __lock___env_recursive_mutex
                0x00000000200051c7                __lock___sinit_recursive_mutex
                0x00000000200051c8                __lock___malloc_recursive_mutex
                0x00000000200051c9                __lock___at_quick_exit_mutex
                0x00000000200051ca                __lock___dd_hash_mutex
                0x00000000200051cb                __lock___tz_mutex
                0x00000000200051cc                __lock___sfp_recursive_mutex
                0x00000000200051d0                . = ALIGN (0x4)
 *fill*         0x00000000200051cd        0x3 
                0x00000000200051d0                _ebss = .
                0x00000000200051d0                __bss_end__ = _ebss

._user_heap_stack
                0x00000000200051d0      0x600 load address 0x0000000008009b98
                0x00000000200051d0                . = ALIGN (0x8)
                0x00000000200051d0                PROVIDE (end = .)
                [!provide]                        PROVIDE (_end = .)
                0x00000000200053d0                . = (. + _Min_Heap_Size)
 *fill*         0x00000000200051d0      0x200 
                0x00000000200057d0                . = (. + _Min_Stack_Size)
 *fill*         0x00000000200053d0      0x400 
                0x00000000200057d0                . = ALIGN (0x8)

/DISCARD/
 libc.a(*)
 libm.a(*)
 libgcc.a(*)

.ARM.attributes
                0x0000000000000000       0x30
 *(.ARM.attributes)
 .ARM.attributes
                0x0000000000000000       0x1e /Users/isikcanyilmaz/KODMOD/b607/test/mcu/tools/gcc9.2.1/mac/bin/../lib/gcc/arm-none-eabi/9.2.1/thumb/v7e-m+fp/hard/crti.o
 .ARM.attributes
                0x000000000000001e       0x34 /Users/isikcanyilmaz/KODMOD/b607/test/mcu/tools/gcc9.2.1/mac/bin/../lib/gcc/arm-none-eabi/9.2.1/thumb/v7e-m+fp/hard/crtbegin.o
 .ARM.attributes
                0x0000000000000052       0x34 build/main.o
 .ARM.attributes
                0x0000000000000086       0x34 build/gpio.o
 .ARM.attributes
                0x00000000000000ba       0x34 build/dma.o
 .ARM.attributes
                0x00000000000000ee       0x34 build/tim.o
 .ARM.attributes
                0x0000000000000122       0x34 build/usart.o
 .ARM.attributes
                0x0000000000000156       0x34 build/stm32l4xx_it.o
 .ARM.attributes
                0x000000000000018a       0x34 build/stm32l4xx_hal_msp.o
 .ARM.attributes
                0x00000000000001be       0x34 build/stm32l4xx_hal_tim.o
 .ARM.attributes
                0x00000000000001f2       0x34 build/stm32l4xx_hal_tim_ex.o
 .ARM.attributes
                0x0000000000000226       0x34 build/stm32l4xx_hal.o
 .ARM.attributes
                0x000000000000025a       0x34 build/stm32l4xx_hal_i2c.o
 .ARM.attributes
                0x000000000000028e       0x34 build/stm32l4xx_hal_i2c_ex.o
 .ARM.attributes
                0x00000000000002c2       0x34 build/stm32l4xx_hal_rcc.o
 .ARM.attributes
                0x00000000000002f6       0x34 build/stm32l4xx_hal_rcc_ex.o
 .ARM.attributes
                0x000000000000032a       0x34 build/stm32l4xx_hal_gpio.o
 .ARM.attributes
                0x000000000000035e       0x34 build/stm32l4xx_hal_dma.o
 .ARM.attributes
                0x0000000000000392       0x34 build/stm32l4xx_hal_pwr.o
 .ARM.attributes
                0x00000000000003c6       0x34 build/stm32l4xx_hal_pwr_ex.o
 .ARM.attributes
                0x00000000000003fa       0x34 build/stm32l4xx_hal_cortex.o
 .ARM.attributes
                0x000000000000042e       0x34 build/stm32l4xx_hal_uart.o
 .ARM.attributes
                0x0000000000000462       0x34 build/stm32l4xx_hal_uart_ex.o
 .ARM.attributes
                0x0000000000000496       0x34 build/stm32l4xx_hal_adc.o
 .ARM.attributes
                0x00000000000004ca       0x34 build/stm32l4xx_hal_pcd.o
 .ARM.attributes
                0x00000000000004fe       0x34 build/stm32l4xx_hal_pcd_ex.o
 .ARM.attributes
                0x0000000000000532       0x34 build/stm32l4xx_ll_usb.o
 .ARM.attributes
                0x0000000000000566       0x34 build/system_stm32l4xx.o
 .ARM.attributes
                0x000000000000059a       0x34 build/addressable_led_driver.o
 .ARM.attributes
                0x00000000000005ce       0x34 build/addressable_led_manager.o
 .ARM.attributes
                0x0000000000000602       0x34 build/random_fade_animation.o
 .ARM.attributes
                0x0000000000000636       0x34 build/random_triangles_animation.o
 .ARM.attributes
                0x000000000000066a       0x34 build/sw_timers.o
 .ARM.attributes
                0x000000000000069e       0x34 build/utils.o
 .ARM.attributes
                0x00000000000006d2       0x34 build/color.o
 .ARM.attributes
                0x0000000000000706       0x34 build/dbg_uart.o
 .ARM.attributes
                0x000000000000073a       0x34 build/adc.o
 .ARM.attributes
                0x000000000000076e       0x34 build/i2c.o
 .ARM.attributes
                0x00000000000007a2       0x34 build/usb.o
 .ARM.attributes
                0x00000000000007d6       0x34 build/button_driver.o
 .ARM.attributes
                0x000000000000080a       0x34 build/geometry.o
 .ARM.attributes
                0x000000000000083e       0x21 build/startup_stm32l452xx.o
 .ARM.attributes
                0x000000000000085f       0x32 /Users/isikcanyilmaz/KODMOD/b607/test/mcu/tools/gcc9.2.1/mac/bin/../lib/gcc/arm-none-eabi/9.2.1/../../../../arm-none-eabi/lib/thumb/v7e-m+fp/hard/libc_nano.a(lib_a-impure.o)
 .ARM.attributes
                0x0000000000000891       0x34 /Users/isikcanyilmaz/KODMOD/b607/test/mcu/tools/gcc9.2.1/mac/bin/../lib/gcc/arm-none-eabi/9.2.1/../../../../arm-none-eabi/lib/thumb/v7e-m+fp/hard/libc_nano.a(lib_a-init.o)
 .ARM.attributes
                0x00000000000008c5       0x34 /Users/isikcanyilmaz/KODMOD/b607/test/mcu/tools/gcc9.2.1/mac/bin/../lib/gcc/arm-none-eabi/9.2.1/../../../../arm-none-eabi/lib/thumb/v7e-m+fp/hard/libc_nano.a(lib_a-memset.o)
 .ARM.attributes
                0x00000000000008f9       0x34 /Users/isikcanyilmaz/KODMOD/b607/test/mcu/tools/gcc9.2.1/mac/bin/../lib/gcc/arm-none-eabi/9.2.1/../../../../arm-none-eabi/lib/thumb/v7e-m+fp/hard/libc_nano.a(lib_a-rand.o)
 .ARM.attributes
                0x000000000000092d       0x34 /Users/isikcanyilmaz/KODMOD/b607/test/mcu/tools/gcc9.2.1/mac/bin/../lib/gcc/arm-none-eabi/9.2.1/../../../../arm-none-eabi/lib/thumb/v7e-m+fp/hard/libc_nano.a(lib_a-malloc.o)
 .ARM.attributes
                0x0000000000000961       0x34 /Users/isikcanyilmaz/KODMOD/b607/test/mcu/tools/gcc9.2.1/mac/bin/../lib/gcc/arm-none-eabi/9.2.1/../../../../arm-none-eabi/lib/thumb/v7e-m+fp/hard/libc_nano.a(lib_a-nano-mallocr.o)
 .ARM.attributes
                0x0000000000000995       0x34 /Users/isikcanyilmaz/KODMOD/b607/test/mcu/tools/gcc9.2.1/mac/bin/../lib/gcc/arm-none-eabi/9.2.1/../../../../arm-none-eabi/lib/thumb/v7e-m+fp/hard/libc_nano.a(lib_a-sbrkr.o)
 .ARM.attributes
                0x00000000000009c9       0x34 /Users/isikcanyilmaz/KODMOD/b607/test/mcu/tools/gcc9.2.1/mac/bin/../lib/gcc/arm-none-eabi/9.2.1/../../../../arm-none-eabi/lib/thumb/v7e-m+fp/hard/libc_nano.a(lib_a-mlock.o)
 .ARM.attributes
                0x00000000000009fd       0x34 /Users/isikcanyilmaz/KODMOD/b607/test/mcu/tools/gcc9.2.1/mac/bin/../lib/gcc/arm-none-eabi/9.2.1/../../../../arm-none-eabi/lib/thumb/v7e-m+fp/hard/libc_nano.a(lib_a-reent.o)
 .ARM.attributes
                0x0000000000000a31       0x34 /Users/isikcanyilmaz/KODMOD/b607/test/mcu/tools/gcc9.2.1/mac/bin/../lib/gcc/arm-none-eabi/9.2.1/../../../../arm-none-eabi/lib/thumb/v7e-m+fp/hard/libc_nano.a(lib_a-lock.o)
 .ARM.attributes
                0x0000000000000a65       0x34 /Users/isikcanyilmaz/KODMOD/b607/test/mcu/tools/gcc9.2.1/mac/bin/../lib/gcc/arm-none-eabi/9.2.1/../../../../arm-none-eabi/lib/thumb/v7e-m+fp/hard/libm.a(lib_a-s_trunc.o)
 .ARM.attributes
                0x0000000000000a99       0x34 /Users/isikcanyilmaz/KODMOD/b607/test/mcu/tools/gcc9.2.1/mac/bin/../lib/gcc/arm-none-eabi/9.2.1/../../../../arm-none-eabi/lib/thumb/v7e-m+fp/hard/libm.a(lib_a-w_fmod.o)
 .ARM.attributes
                0x0000000000000acd       0x34 /Users/isikcanyilmaz/KODMOD/b607/test/mcu/tools/gcc9.2.1/mac/bin/../lib/gcc/arm-none-eabi/9.2.1/../../../../arm-none-eabi/lib/thumb/v7e-m+fp/hard/libm.a(lib_a-e_fmod.o)
 .ARM.attributes
                0x0000000000000b01       0x32 /Users/isikcanyilmaz/KODMOD/b607/test/mcu/tools/gcc9.2.1/mac/bin/../lib/gcc/arm-none-eabi/9.2.1/../../../../arm-none-eabi/lib/thumb/v7e-m+fp/hard/libm.a(lib_a-s_lib_ver.o)
 .ARM.attributes
                0x0000000000000b33       0x34 /Users/isikcanyilmaz/KODMOD/b607/test/mcu/tools/gcc9.2.1/mac/bin/../lib/gcc/arm-none-eabi/9.2.1/../../../../arm-none-eabi/lib/thumb/v7e-m+fp/hard/libm.a(lib_a-s_matherr.o)
 .ARM.attributes
                0x0000000000000b67       0x34 /Users/isikcanyilmaz/KODMOD/b607/test/mcu/tools/gcc9.2.1/mac/bin/../lib/gcc/arm-none-eabi/9.2.1/../../../../arm-none-eabi/lib/thumb/v7e-m+fp/hard/libnosys.a(sbrk.o)
 .ARM.attributes
                0x0000000000000b9b       0x1e /Users/isikcanyilmaz/KODMOD/b607/test/mcu/tools/gcc9.2.1/mac/bin/../lib/gcc/arm-none-eabi/9.2.1/thumb/v7e-m+fp/hard/libgcc.a(_arm_addsubdf3.o)
 .ARM.attributes
                0x0000000000000bb9       0x1e /Users/isikcanyilmaz/KODMOD/b607/test/mcu/tools/gcc9.2.1/mac/bin/../lib/gcc/arm-none-eabi/9.2.1/thumb/v7e-m+fp/hard/libgcc.a(_arm_muldivdf3.o)
 .ARM.attributes
                0x0000000000000bd7       0x1e /Users/isikcanyilmaz/KODMOD/b607/test/mcu/tools/gcc9.2.1/mac/bin/../lib/gcc/arm-none-eabi/9.2.1/thumb/v7e-m+fp/hard/libgcc.a(_arm_cmpdf2.o)
 .ARM.attributes
                0x0000000000000bf5       0x1e /Users/isikcanyilmaz/KODMOD/b607/test/mcu/tools/gcc9.2.1/mac/bin/../lib/gcc/arm-none-eabi/9.2.1/thumb/v7e-m+fp/hard/libgcc.a(_arm_unorddf2.o)
 .ARM.attributes
                0x0000000000000c13       0x1e /Users/isikcanyilmaz/KODMOD/b607/test/mcu/tools/gcc9.2.1/mac/bin/../lib/gcc/arm-none-eabi/9.2.1/thumb/v7e-m+fp/hard/libgcc.a(_arm_fixdfsi.o)
 .ARM.attributes
                0x0000000000000c31       0x1e /Users/isikcanyilmaz/KODMOD/b607/test/mcu/tools/gcc9.2.1/mac/bin/../lib/gcc/arm-none-eabi/9.2.1/thumb/v7e-m+fp/hard/libgcc.a(_arm_fixunsdfsi.o)
 .ARM.attributes
                0x0000000000000c4f       0x1e /Users/isikcanyilmaz/KODMOD/b607/test/mcu/tools/gcc9.2.1/mac/bin/../lib/gcc/arm-none-eabi/9.2.1/thumb/v7e-m+fp/hard/libgcc.a(_aeabi_uldivmod.o)
 .ARM.attributes
                0x0000000000000c6d       0x34 /Users/isikcanyilmaz/KODMOD/b607/test/mcu/tools/gcc9.2.1/mac/bin/../lib/gcc/arm-none-eabi/9.2.1/thumb/v7e-m+fp/hard/libgcc.a(_udivmoddi4.o)
 .ARM.attributes
                0x0000000000000ca1       0x1e /Users/isikcanyilmaz/KODMOD/b607/test/mcu/tools/gcc9.2.1/mac/bin/../lib/gcc/arm-none-eabi/9.2.1/thumb/v7e-m+fp/hard/libgcc.a(_dvmd_tls.o)
 .ARM.attributes
                0x0000000000000cbf       0x34 /Users/isikcanyilmaz/KODMOD/b607/test/mcu/tools/gcc9.2.1/mac/bin/../lib/gcc/arm-none-eabi/9.2.1/../../../../arm-none-eabi/lib/thumb/v7e-m+fp/hard/libc_nano.a(lib_a-errno.o)
 .ARM.attributes
                0x0000000000000cf3       0x1e /Users/isikcanyilmaz/KODMOD/b607/test/mcu/tools/gcc9.2.1/mac/bin/../lib/gcc/arm-none-eabi/9.2.1/thumb/v7e-m+fp/hard/crtn.o
OUTPUT(build/l4_light_thing.elf elf32-littlearm)

.debug_info     0x0000000000000000    0x2ea7a
 .debug_info    0x0000000000000000     0x1aa8 build/main.o
 .debug_info    0x0000000000001aa8      0x96d build/gpio.o
 .debug_info    0x0000000000002415      0x7a6 build/dma.o
 .debug_info    0x0000000000002bbb     0x10bd build/tim.o
 .debug_info    0x0000000000003c78     0x123f build/usart.o
 .debug_info    0x0000000000004eb7      0xace build/stm32l4xx_it.o
 .debug_info    0x0000000000005985      0x5e0 build/stm32l4xx_hal_msp.o
 .debug_info    0x0000000000005f65     0x31c4 build/stm32l4xx_hal_tim.o
 .debug_info    0x0000000000009129     0x1a87 build/stm32l4xx_hal_tim_ex.o
 .debug_info    0x000000000000abb0      0xec0 build/stm32l4xx_hal.o
 .debug_info    0x000000000000ba70     0x25e4 build/stm32l4xx_hal_i2c.o
 .debug_info    0x000000000000e054      0xd83 build/stm32l4xx_hal_i2c_ex.o
 .debug_info    0x000000000000edd7      0xf49 build/stm32l4xx_hal_rcc.o
 .debug_info    0x000000000000fd20     0x1312 build/stm32l4xx_hal_rcc_ex.o
 .debug_info    0x0000000000011032      0xb56 build/stm32l4xx_hal_gpio.o
 .debug_info    0x0000000000011b88      0xa0d build/stm32l4xx_hal_dma.o
 .debug_info    0x0000000000012595      0xc9a build/stm32l4xx_hal_pwr.o
 .debug_info    0x000000000001322f      0xcc2 build/stm32l4xx_hal_pwr_ex.o
 .debug_info    0x0000000000013ef1     0x1119 build/stm32l4xx_hal_cortex.o
 .debug_info    0x000000000001500a     0x40c6 build/stm32l4xx_hal_uart.o
 .debug_info    0x00000000000190d0     0x105a build/stm32l4xx_hal_uart_ex.o
 .debug_info    0x000000000001a12a     0x2125 build/stm32l4xx_hal_adc.o
 .debug_info    0x000000000001c24f     0x18b4 build/stm32l4xx_hal_pcd.o
 .debug_info    0x000000000001db03      0xb83 build/stm32l4xx_hal_pcd_ex.o
 .debug_info    0x000000000001e686     0x1c6b build/stm32l4xx_ll_usb.o
 .debug_info    0x00000000000202f1      0x85f build/system_stm32l4xx.o
 .debug_info    0x0000000000020b50     0x17d4 build/addressable_led_driver.o
 .debug_info    0x0000000000022324     0x1bc7 build/addressable_led_manager.o
 .debug_info    0x0000000000023eeb     0x1a11 build/random_fade_animation.o
 .debug_info    0x00000000000258fc     0x1be7 build/random_triangles_animation.o
 .debug_info    0x00000000000274e3      0x5b9 build/sw_timers.o
 .debug_info    0x0000000000027a9c     0x13b3 build/utils.o
 .debug_info    0x0000000000028e4f      0xb05 build/color.o
 .debug_info    0x0000000000029954      0x9f5 build/dbg_uart.o
 .debug_info    0x000000000002a349     0x1145 build/adc.o
 .debug_info    0x000000000002b48e      0xfb4 build/i2c.o
 .debug_info    0x000000000002c442      0xf56 build/usb.o
 .debug_info    0x000000000002d398      0xd39 build/button_driver.o
 .debug_info    0x000000000002e0d1      0x987 build/geometry.o
 .debug_info    0x000000000002ea58       0x22 build/startup_stm32l452xx.o

.debug_abbrev   0x0000000000000000     0x522a
 .debug_abbrev  0x0000000000000000      0x1ed build/main.o
 .debug_abbrev  0x00000000000001ed      0x156 build/gpio.o
 .debug_abbrev  0x0000000000000343      0x13a build/dma.o
 .debug_abbrev  0x000000000000047d      0x245 build/tim.o
 .debug_abbrev  0x00000000000006c2      0x1d6 build/usart.o
 .debug_abbrev  0x0000000000000898      0x1b0 build/stm32l4xx_it.o
 .debug_abbrev  0x0000000000000a48      0x13c build/stm32l4xx_hal_msp.o
 .debug_abbrev  0x0000000000000b84      0x25d build/stm32l4xx_hal_tim.o
 .debug_abbrev  0x0000000000000de1      0x265 build/stm32l4xx_hal_tim_ex.o
 .debug_abbrev  0x0000000000001046      0x226 build/stm32l4xx_hal.o
 .debug_abbrev  0x000000000000126c      0x255 build/stm32l4xx_hal_i2c.o
 .debug_abbrev  0x00000000000014c1      0x1dc build/stm32l4xx_hal_i2c_ex.o
 .debug_abbrev  0x000000000000169d      0x274 build/stm32l4xx_hal_rcc.o
 .debug_abbrev  0x0000000000001911      0x267 build/stm32l4xx_hal_rcc_ex.o
 .debug_abbrev  0x0000000000001b78      0x1e7 build/stm32l4xx_hal_gpio.o
 .debug_abbrev  0x0000000000001d5f      0x200 build/stm32l4xx_hal_dma.o
 .debug_abbrev  0x0000000000001f5f      0x1aa build/stm32l4xx_hal_pwr.o
 .debug_abbrev  0x0000000000002109      0x1f2 build/stm32l4xx_hal_pwr_ex.o
 .debug_abbrev  0x00000000000022fb      0x319 build/stm32l4xx_hal_cortex.o
 .debug_abbrev  0x0000000000002614      0x2b2 build/stm32l4xx_hal_uart.o
 .debug_abbrev  0x00000000000028c6      0x2a1 build/stm32l4xx_hal_uart_ex.o
 .debug_abbrev  0x0000000000002b67      0x287 build/stm32l4xx_hal_adc.o
 .debug_abbrev  0x0000000000002dee      0x25d build/stm32l4xx_hal_pcd.o
 .debug_abbrev  0x000000000000304b      0x1b6 build/stm32l4xx_hal_pcd_ex.o
 .debug_abbrev  0x0000000000003201      0x1e8 build/stm32l4xx_ll_usb.o
 .debug_abbrev  0x00000000000033e9      0x16d build/system_stm32l4xx.o
 .debug_abbrev  0x0000000000003556      0x2a6 build/addressable_led_driver.o
 .debug_abbrev  0x00000000000037fc      0x2db build/addressable_led_manager.o
 .debug_abbrev  0x0000000000003ad7      0x305 build/random_fade_animation.o
 .debug_abbrev  0x0000000000003ddc      0x32c build/random_triangles_animation.o
 .debug_abbrev  0x0000000000004108      0x273 build/sw_timers.o
 .debug_abbrev  0x000000000000437b      0x209 build/utils.o
 .debug_abbrev  0x0000000000004584      0x1fa build/color.o
 .debug_abbrev  0x000000000000477e      0x175 build/dbg_uart.o
 .debug_abbrev  0x00000000000048f3      0x1ba build/adc.o
 .debug_abbrev  0x0000000000004aad      0x1c5 build/i2c.o
 .debug_abbrev  0x0000000000004c72      0x1a8 build/usb.o
 .debug_abbrev  0x0000000000004e1a      0x2a3 build/button_driver.o
 .debug_abbrev  0x00000000000050bd      0x15b build/geometry.o
 .debug_abbrev  0x0000000000005218       0x12 build/startup_stm32l452xx.o

.debug_loc      0x0000000000000000     0xebf7
 .debug_loc     0x0000000000000000       0xc2 build/main.o
 .debug_loc     0x00000000000000c2       0x50 build/gpio.o
 .debug_loc     0x0000000000000112       0x50 build/dma.o
 .debug_loc     0x0000000000000162      0x24a build/tim.o
 .debug_loc     0x00000000000003ac       0xfa build/usart.o
 .debug_loc     0x00000000000004a6      0x2c8 build/stm32l4xx_it.o
 .debug_loc     0x000000000000076e       0x5c build/stm32l4xx_hal_msp.o
 .debug_loc     0x00000000000007ca     0x2858 build/stm32l4xx_hal_tim.o
 .debug_loc     0x0000000000003022      0xedc build/stm32l4xx_hal_tim_ex.o
 .debug_loc     0x0000000000003efe      0x9b8 build/stm32l4xx_hal.o
 .debug_loc     0x00000000000048b6     0x1a40 build/stm32l4xx_hal_i2c.o
 .debug_loc     0x00000000000062f6      0x228 build/stm32l4xx_hal_i2c_ex.o
 .debug_loc     0x000000000000651e      0x450 build/stm32l4xx_hal_rcc.o
 .debug_loc     0x000000000000696e      0x828 build/stm32l4xx_hal_rcc_ex.o
 .debug_loc     0x0000000000007196      0x2d4 build/stm32l4xx_hal_gpio.o
 .debug_loc     0x000000000000746a      0x470 build/stm32l4xx_hal_dma.o
 .debug_loc     0x00000000000078da      0x4a0 build/stm32l4xx_hal_pwr.o
 .debug_loc     0x0000000000007d7a      0x9e0 build/stm32l4xx_hal_pwr_ex.o
 .debug_loc     0x000000000000875a      0x9f4 build/stm32l4xx_hal_cortex.o
 .debug_loc     0x000000000000914e     0x1628 build/stm32l4xx_hal_uart.o
 .debug_loc     0x000000000000a776      0x408 build/stm32l4xx_hal_uart_ex.o
 .debug_loc     0x000000000000ab7e     0x1620 build/stm32l4xx_hal_adc.o
 .debug_loc     0x000000000000c19e      0xbf9 build/stm32l4xx_hal_pcd.o
 .debug_loc     0x000000000000cd97      0x2d4 build/stm32l4xx_hal_pcd_ex.o
 .debug_loc     0x000000000000d06b      0xa38 build/stm32l4xx_ll_usb.o
 .debug_loc     0x000000000000daa3       0xa0 build/system_stm32l4xx.o
 .debug_loc     0x000000000000db43      0x29c build/addressable_led_driver.o
 .debug_loc     0x000000000000dddf      0x246 build/addressable_led_manager.o
 .debug_loc     0x000000000000e025      0x25c build/random_fade_animation.o
 .debug_loc     0x000000000000e281      0x276 build/random_triangles_animation.o
 .debug_loc     0x000000000000e4f7      0x184 build/sw_timers.o
 .debug_loc     0x000000000000e67b       0x50 build/utils.o
 .debug_loc     0x000000000000e6cb       0x52 build/color.o
 .debug_loc     0x000000000000e71d       0x70 build/dbg_uart.o
 .debug_loc     0x000000000000e78d       0xf2 build/adc.o
 .debug_loc     0x000000000000e87f       0xfa build/i2c.o
 .debug_loc     0x000000000000e979       0xce build/usb.o
 .debug_loc     0x000000000000ea47      0x16c build/button_driver.o
 .debug_loc     0x000000000000ebb3       0x44 build/geometry.o

.debug_aranges  0x0000000000000000     0x1ae8
 .debug_aranges
                0x0000000000000000       0x30 build/main.o
 .debug_aranges
                0x0000000000000030       0x20 build/gpio.o
 .debug_aranges
                0x0000000000000050       0x20 build/dma.o
 .debug_aranges
                0x0000000000000070       0x50 build/tim.o
 .debug_aranges
                0x00000000000000c0       0x38 build/usart.o
 .debug_aranges
                0x00000000000000f8       0x88 build/stm32l4xx_it.o
 .debug_aranges
                0x0000000000000180       0x20 build/stm32l4xx_hal_msp.o
 .debug_aranges
                0x00000000000001a0      0x3e0 build/stm32l4xx_hal_tim.o
 .debug_aranges
                0x0000000000000580      0x180 build/stm32l4xx_hal_tim_ex.o
 .debug_aranges
                0x0000000000000700      0x130 build/stm32l4xx_hal.o
 .debug_aranges
                0x0000000000000830      0x2a0 build/stm32l4xx_hal_i2c.o
 .debug_aranges
                0x0000000000000ad0       0x48 build/stm32l4xx_hal_i2c_ex.o
 .debug_aranges
                0x0000000000000b18       0x90 build/stm32l4xx_hal_rcc.o
 .debug_aranges
                0x0000000000000ba8       0xf0 build/stm32l4xx_hal_rcc_ex.o
 .debug_aranges
                0x0000000000000c98       0x58 build/stm32l4xx_hal_gpio.o
 .debug_aranges
                0x0000000000000cf0       0x80 build/stm32l4xx_hal_dma.o
 .debug_aranges
                0x0000000000000d70       0x98 build/stm32l4xx_hal_pwr.o
 .debug_aranges
                0x0000000000000e08      0x128 build/stm32l4xx_hal_pwr_ex.o
 .debug_aranges
                0x0000000000000f30      0x118 build/stm32l4xx_hal_cortex.o
 .debug_aranges
                0x0000000000001048      0x228 build/stm32l4xx_hal_uart.o
 .debug_aranges
                0x0000000000001270       0x78 build/stm32l4xx_hal_uart_ex.o
 .debug_aranges
                0x00000000000012e8      0x218 build/stm32l4xx_hal_adc.o
 .debug_aranges
                0x0000000000001500      0x138 build/stm32l4xx_hal_pcd.o
 .debug_aranges
                0x0000000000001638       0x58 build/stm32l4xx_hal_pcd_ex.o
 .debug_aranges
                0x0000000000001690       0xf8 build/stm32l4xx_ll_usb.o
 .debug_aranges
                0x0000000000001788       0x28 build/system_stm32l4xx.o
 .debug_aranges
                0x00000000000017b0       0x68 build/addressable_led_driver.o
 .debug_aranges
                0x0000000000001818       0x58 build/addressable_led_manager.o
 .debug_aranges
                0x0000000000001870       0x58 build/random_fade_animation.o
 .debug_aranges
                0x00000000000018c8       0x58 build/random_triangles_animation.o
 .debug_aranges
                0x0000000000001920       0x40 build/sw_timers.o
 .debug_aranges
                0x0000000000001960       0x20 build/utils.o
 .debug_aranges
                0x0000000000001980       0x20 build/color.o
 .debug_aranges
                0x00000000000019a0       0x28 build/dbg_uart.o
 .debug_aranges
                0x00000000000019c8       0x30 build/adc.o
 .debug_aranges
                0x00000000000019f8       0x38 build/i2c.o
 .debug_aranges
                0x0000000000001a30       0x30 build/usb.o
 .debug_aranges
                0x0000000000001a60       0x40 build/button_driver.o
 .debug_aranges
                0x0000000000001aa0       0x20 build/geometry.o
 .debug_aranges
                0x0000000000001ac0       0x28 build/startup_stm32l452xx.o

.debug_ranges   0x0000000000000000     0x18a0
 .debug_ranges  0x0000000000000000       0x20 build/main.o
 .debug_ranges  0x0000000000000020       0x10 build/gpio.o
 .debug_ranges  0x0000000000000030       0x10 build/dma.o
 .debug_ranges  0x0000000000000040       0x40 build/tim.o
 .debug_ranges  0x0000000000000080       0x28 build/usart.o
 .debug_ranges  0x00000000000000a8       0x78 build/stm32l4xx_it.o
 .debug_ranges  0x0000000000000120       0x10 build/stm32l4xx_hal_msp.o
 .debug_ranges  0x0000000000000130      0x3d0 build/stm32l4xx_hal_tim.o
 .debug_ranges  0x0000000000000500      0x170 build/stm32l4xx_hal_tim_ex.o
 .debug_ranges  0x0000000000000670      0x120 build/stm32l4xx_hal.o
 .debug_ranges  0x0000000000000790      0x290 build/stm32l4xx_hal_i2c.o
 .debug_ranges  0x0000000000000a20       0x38 build/stm32l4xx_hal_i2c_ex.o
 .debug_ranges  0x0000000000000a58       0x80 build/stm32l4xx_hal_rcc.o
 .debug_ranges  0x0000000000000ad8       0xe0 build/stm32l4xx_hal_rcc_ex.o
 .debug_ranges  0x0000000000000bb8       0x48 build/stm32l4xx_hal_gpio.o
 .debug_ranges  0x0000000000000c00       0x70 build/stm32l4xx_hal_dma.o
 .debug_ranges  0x0000000000000c70       0x88 build/stm32l4xx_hal_pwr.o
 .debug_ranges  0x0000000000000cf8      0x118 build/stm32l4xx_hal_pwr_ex.o
 .debug_ranges  0x0000000000000e10      0x108 build/stm32l4xx_hal_cortex.o
 .debug_ranges  0x0000000000000f18      0x248 build/stm32l4xx_hal_uart.o
 .debug_ranges  0x0000000000001160       0x68 build/stm32l4xx_hal_uart_ex.o
 .debug_ranges  0x00000000000011c8      0x208 build/stm32l4xx_hal_adc.o
 .debug_ranges  0x00000000000013d0      0x128 build/stm32l4xx_hal_pcd.o
 .debug_ranges  0x00000000000014f8       0x48 build/stm32l4xx_hal_pcd_ex.o
 .debug_ranges  0x0000000000001540       0xe8 build/stm32l4xx_ll_usb.o
 .debug_ranges  0x0000000000001628       0x18 build/system_stm32l4xx.o
 .debug_ranges  0x0000000000001640       0x58 build/addressable_led_driver.o
 .debug_ranges  0x0000000000001698       0x48 build/addressable_led_manager.o
 .debug_ranges  0x00000000000016e0       0x48 build/random_fade_animation.o
 .debug_ranges  0x0000000000001728       0x48 build/random_triangles_animation.o
 .debug_ranges  0x0000000000001770       0x30 build/sw_timers.o
 .debug_ranges  0x00000000000017a0       0x10 build/utils.o
 .debug_ranges  0x00000000000017b0       0x10 build/color.o
 .debug_ranges  0x00000000000017c0       0x18 build/dbg_uart.o
 .debug_ranges  0x00000000000017d8       0x20 build/adc.o
 .debug_ranges  0x00000000000017f8       0x28 build/i2c.o
 .debug_ranges  0x0000000000001820       0x20 build/usb.o
 .debug_ranges  0x0000000000001840       0x30 build/button_driver.o
 .debug_ranges  0x0000000000001870       0x10 build/geometry.o
 .debug_ranges  0x0000000000001880       0x20 build/startup_stm32l452xx.o

.debug_line     0x0000000000000000    0x17e7d
 .debug_line    0x0000000000000000      0x36d build/main.o
 .debug_line    0x000000000000036d      0x23e build/gpio.o
 .debug_line    0x00000000000005ab      0x1f3 build/dma.o
 .debug_line    0x000000000000079e      0x41a build/tim.o
 .debug_line    0x0000000000000bb8      0x3b4 build/usart.o
 .debug_line    0x0000000000000f6c      0x364 build/stm32l4xx_it.o
 .debug_line    0x00000000000012d0      0x1fd build/stm32l4xx_hal_msp.o
 .debug_line    0x00000000000014cd     0x36b5 build/stm32l4xx_hal_tim.o
 .debug_line    0x0000000000004b82     0x16a8 build/stm32l4xx_hal_tim_ex.o
 .debug_line    0x000000000000622a      0x5fc build/stm32l4xx_hal.o
 .debug_line    0x0000000000006826     0x31ca build/stm32l4xx_hal_i2c.o
 .debug_line    0x00000000000099f0      0x457 build/stm32l4xx_hal_i2c_ex.o
 .debug_line    0x0000000000009e47      0xaf0 build/stm32l4xx_hal_rcc.o
 .debug_line    0x000000000000a937      0xf2d build/stm32l4xx_hal_rcc_ex.o
 .debug_line    0x000000000000b864      0x633 build/stm32l4xx_hal_gpio.o
 .debug_line    0x000000000000be97      0x7f1 build/stm32l4xx_hal_dma.o
 .debug_line    0x000000000000c688      0x3fe build/stm32l4xx_hal_pwr.o
 .debug_line    0x000000000000ca86      0x71c build/stm32l4xx_hal_pwr_ex.o
 .debug_line    0x000000000000d1a2      0x7da build/stm32l4xx_hal_cortex.o
 .debug_line    0x000000000000d97c     0x2da1 build/stm32l4xx_hal_uart.o
 .debug_line    0x000000000001071d      0x7ac build/stm32l4xx_hal_uart_ex.o
 .debug_line    0x0000000000010ec9     0x1781 build/stm32l4xx_hal_adc.o
 .debug_line    0x000000000001264a      0xeeb build/stm32l4xx_hal_pcd.o
 .debug_line    0x0000000000013535      0x3a1 build/stm32l4xx_hal_pcd_ex.o
 .debug_line    0x00000000000138d6      0xb52 build/stm32l4xx_ll_usb.o
 .debug_line    0x0000000000014428      0x2de build/system_stm32l4xx.o
 .debug_line    0x0000000000014706      0x4f9 build/addressable_led_driver.o
 .debug_line    0x0000000000014bff      0x5ab build/addressable_led_manager.o
 .debug_line    0x00000000000151aa      0x870 build/random_fade_animation.o
 .debug_line    0x0000000000015a1a      0x9cc build/random_triangles_animation.o
 .debug_line    0x00000000000163e6      0x362 build/sw_timers.o
 .debug_line    0x0000000000016748      0x33a build/utils.o
 .debug_line    0x0000000000016a82      0x1f3 build/color.o
 .debug_line    0x0000000000016c75      0x243 build/dbg_uart.o
 .debug_line    0x0000000000016eb8      0x32c build/adc.o
 .debug_line    0x00000000000171e4      0x380 build/i2c.o
 .debug_line    0x0000000000017564      0x2e6 build/usb.o
 .debug_line    0x000000000001784a      0x37b build/button_driver.o
 .debug_line    0x0000000000017bc5      0x245 build/geometry.o
 .debug_line    0x0000000000017e0a       0x73 build/startup_stm32l452xx.o

.debug_str      0x0000000000000000     0x8285
 .debug_str     0x0000000000000000     0x1261 build/main.o
                                       0x138f (size before relaxing)
 .debug_str     0x0000000000001261      0x4db build/gpio.o
                                        0xa67 (size before relaxing)
 .debug_str     0x000000000000173c       0x16 build/dma.o
                                        0x9c8 (size before relaxing)
 .debug_str     0x0000000000001752      0x1ce build/tim.o
                                        0xcce (size before relaxing)
 .debug_str     0x0000000000001920      0x27d build/usart.o
                                       0x1090 (size before relaxing)
 .debug_str     0x0000000000001b9d      0x121 build/stm32l4xx_it.o
                                        0x962 (size before relaxing)
 .debug_str     0x0000000000001cbe       0x24 build/stm32l4xx_hal_msp.o
                                        0x594 (size before relaxing)
 .debug_str     0x0000000000001ce2      0xdf4 build/stm32l4xx_hal_tim.o
                                       0x18b7 (size before relaxing)
 .debug_str     0x0000000000002ad6      0x67d build/stm32l4xx_hal_tim_ex.o
                                       0x1189 (size before relaxing)
 .debug_str     0x0000000000003153      0x436 build/stm32l4xx_hal.o
                                        0xe56 (size before relaxing)
 .debug_str     0x0000000000003589      0x8bf build/stm32l4xx_hal_i2c.o
                                       0x11db (size before relaxing)
 .debug_str     0x0000000000003e48       0xf0 build/stm32l4xx_hal_i2c_ex.o
                                        0xb58 (size before relaxing)
 .debug_str     0x0000000000003f38      0x266 build/stm32l4xx_hal_rcc.o
                                        0xa4f (size before relaxing)
 .debug_str     0x000000000000419e      0x491 build/stm32l4xx_hal_rcc_ex.o
                                        0xdb4 (size before relaxing)
 .debug_str     0x000000000000462f      0x105 build/stm32l4xx_hal_gpio.o
                                        0x7cc (size before relaxing)
 .debug_str     0x0000000000004734      0x259 build/stm32l4xx_hal_dma.o
                                        0x887 (size before relaxing)
 .debug_str     0x000000000000498d      0x248 build/stm32l4xx_hal_pwr.o
                                        0x899 (size before relaxing)
 .debug_str     0x0000000000004bd5      0x453 build/stm32l4xx_hal_pwr_ex.o
                                        0x9f0 (size before relaxing)
 .debug_str     0x0000000000005028      0x486 build/stm32l4xx_hal_cortex.o
                                        0xde4 (size before relaxing)
 .debug_str     0x00000000000054ae      0x77f build/stm32l4xx_hal_uart.o
                                       0x1172 (size before relaxing)
 .debug_str     0x0000000000005c2d      0x1f4 build/stm32l4xx_hal_uart_ex.o
                                        0xaa7 (size before relaxing)
 .debug_str     0x0000000000005e21      0x8d9 build/stm32l4xx_hal_adc.o
                                       0x1262 (size before relaxing)
 .debug_str     0x00000000000066fa      0x6ce build/stm32l4xx_hal_pcd.o
                                        0xbc8 (size before relaxing)
 .debug_str     0x0000000000006dc8      0x1c3 build/stm32l4xx_hal_pcd_ex.o
                                        0x9ce (size before relaxing)
 .debug_str     0x0000000000006f8b      0x2c4 build/stm32l4xx_ll_usb.o
                                        0x9b8 (size before relaxing)
 .debug_str     0x000000000000724f       0x38 build/system_stm32l4xx.o
                                        0x61f (size before relaxing)
 .debug_str     0x0000000000007287      0x5ac build/addressable_led_driver.o
                                        0xf4a (size before relaxing)
 .debug_str     0x0000000000007833      0x3d1 build/addressable_led_manager.o
                                       0x11c1 (size before relaxing)
 .debug_str     0x0000000000007c04      0x1a3 build/random_fade_animation.o
                                       0x10b3 (size before relaxing)
 .debug_str     0x0000000000007da7      0x16c build/random_triangles_animation.o
                                       0x10ff (size before relaxing)